../App/Src/i2c-display.c:20:6:HD44780_Clear	8	static
../App/Src/i2c-display.c:26:6:HD44780_Home	8	static
../App/Src/i2c-display.c:31:6:HD44780_SetCursor	40	static
../App/Src/i2c-display.c:41:6:HD44780_NoDisplay	8	static
../App/Src/i2c-display.c:47:6:HD44780_Display	8	static
../App/Src/i2c-display.c:53:6:HD44780_NoCursor	8	static
../App/Src/i2c-display.c:59:6:HD44780_Cursor	8	static
../App/Src/i2c-display.c:65:6:HD44780_NoBlink	8	static
../App/Src/i2c-display.c:71:6:HD44780_Blink	8	static
../App/Src/i2c-display.c:77:6:HD44780_ScrollDisplayLeft	8	static
../App/Src/i2c-display.c:82:6:HD44780_ScrollDisplayRight	8	static
../App/Src/i2c-display.c:87:6:HD44780_LeftToRight	8	static
../App/Src/i2c-display.c:93:6:HD44780_RightToLeft	8	static
../App/Src/i2c-display.c:99:6:HD44780_AutoScroll	8	static
../App/Src/i2c-display.c:105:6:HD44780_NoAutoScroll	8	static
../App/Src/i2c-display.c:111:6:HD44780_CreateSpecialChar	24	static
../App/Src/i2c-display.c:121:6:HD44780_PrintSpecialChar	16	static
../App/Src/i2c-display.c:126:6:HD44780_LoadCustomCharacter	16	static
../App/Src/i2c-display.c:131:6:HD44780_PrintStr	16	static
../App/Src/i2c-display.c:136:6:HD44780_SetBacklight	16	static
../App/Src/i2c-display.c:142:6:HD44780_NoBacklight	8	static
../App/Src/i2c-display.c:148:6:HD44780_Backlight	8	static
../App/Src/i2c-display.c:154:6:SendCommand	16	static
../App/Src/i2c-display.c:159:6:WriteValue	40	static
../App/Src/i2c-display.c:166:6:SendChar	16	static
../App/Src/i2c-display.c:171:6:Send	24	static
../App/Src/i2c-display.c:179:6:Write4Bits	16	static
../App/Src/i2c-display.c:185:6:ExpanderWrite	32	static
../App/Src/i2c-display.c:191:6:PulseEnable	16	static
../App/Src/i2c-display.c:200:6:DelayInit	4	static,ignoring_inline_asm
../App/Src/i2c-display.c:216:6:DelayUS	32	static
