Archive member included to satisfy reference by file (symbol)

d:/stm32/stm32cubeide_1.10.0/stm32cubeide/plugins/com.st.stm32cube.ide.mcu.externaltools.gnu-tools-for-stm32.10.3-2021.10.win32_1.0.0.202111181127/tools/bin/../lib/gcc/arm-none-eabi/10.3.1/../../../../arm-none-eabi/lib/thumb/v7e-m+fp/hard\libc_nano.a(lib_a-errno.o)
                              ./Core/Src/syscalls.o (__errno)
d:/stm32/stm32cubeide_1.10.0/stm32cubeide/plugins/com.st.stm32cube.ide.mcu.externaltools.gnu-tools-for-stm32.10.3-2021.10.win32_1.0.0.202111181127/tools/bin/../lib/gcc/arm-none-eabi/10.3.1/../../../../arm-none-eabi/lib/thumb/v7e-m+fp/hard\libc_nano.a(lib_a-exit.o)
                              d:/stm32/stm32cubeide_1.10.0/stm32cubeide/plugins/com.st.stm32cube.ide.mcu.externaltools.gnu-tools-for-stm32.10.3-2021.10.win32_1.0.0.202111181127/tools/bin/../lib/gcc/arm-none-eabi/10.3.1/../../../../arm-none-eabi/lib/thumb/v7e-m+fp/hard/crt0.o (exit)
d:/stm32/stm32cubeide_1.10.0/stm32cubeide/plugins/com.st.stm32cube.ide.mcu.externaltools.gnu-tools-for-stm32.10.3-2021.10.win32_1.0.0.202111181127/tools/bin/../lib/gcc/arm-none-eabi/10.3.1/../../../../arm-none-eabi/lib/thumb/v7e-m+fp/hard\libc_nano.a(lib_a-impure.o)
                              d:/stm32/stm32cubeide_1.10.0/stm32cubeide/plugins/com.st.stm32cube.ide.mcu.externaltools.gnu-tools-for-stm32.10.3-2021.10.win32_1.0.0.202111181127/tools/bin/../lib/gcc/arm-none-eabi/10.3.1/../../../../arm-none-eabi/lib/thumb/v7e-m+fp/hard\libc_nano.a(lib_a-exit.o) (_global_impure_ptr)
d:/stm32/stm32cubeide_1.10.0/stm32cubeide/plugins/com.st.stm32cube.ide.mcu.externaltools.gnu-tools-for-stm32.10.3-2021.10.win32_1.0.0.202111181127/tools/bin/../lib/gcc/arm-none-eabi/10.3.1/../../../../arm-none-eabi/lib/thumb/v7e-m+fp/hard\libc_nano.a(lib_a-init.o)
                              d:/stm32/stm32cubeide_1.10.0/stm32cubeide/plugins/com.st.stm32cube.ide.mcu.externaltools.gnu-tools-for-stm32.10.3-2021.10.win32_1.0.0.202111181127/tools/bin/../lib/gcc/arm-none-eabi/10.3.1/../../../../arm-none-eabi/lib/thumb/v7e-m+fp/hard/crt0.o (__libc_init_array)
d:/stm32/stm32cubeide_1.10.0/stm32cubeide/plugins/com.st.stm32cube.ide.mcu.externaltools.gnu-tools-for-stm32.10.3-2021.10.win32_1.0.0.202111181127/tools/bin/../lib/gcc/arm-none-eabi/10.3.1/../../../../arm-none-eabi/lib/thumb/v7e-m+fp/hard\libc_nano.a(lib_a-itoa.o)
                              ./App/Src/task-display.o (itoa)
d:/stm32/stm32cubeide_1.10.0/stm32cubeide/plugins/com.st.stm32cube.ide.mcu.externaltools.gnu-tools-for-stm32.10.3-2021.10.win32_1.0.0.202111181127/tools/bin/../lib/gcc/arm-none-eabi/10.3.1/../../../../arm-none-eabi/lib/thumb/v7e-m+fp/hard\libc_nano.a(lib_a-memset.o)
                              d:/stm32/stm32cubeide_1.10.0/stm32cubeide/plugins/com.st.stm32cube.ide.mcu.externaltools.gnu-tools-for-stm32.10.3-2021.10.win32_1.0.0.202111181127/tools/bin/../lib/gcc/arm-none-eabi/10.3.1/../../../../arm-none-eabi/lib/thumb/v7e-m+fp/hard/crt0.o (memset)
d:/stm32/stm32cubeide_1.10.0/stm32cubeide/plugins/com.st.stm32cube.ide.mcu.externaltools.gnu-tools-for-stm32.10.3-2021.10.win32_1.0.0.202111181127/tools/bin/../lib/gcc/arm-none-eabi/10.3.1/../../../../arm-none-eabi/lib/thumb/v7e-m+fp/hard\libc_nano.a(lib_a-utoa.o)
                              d:/stm32/stm32cubeide_1.10.0/stm32cubeide/plugins/com.st.stm32cube.ide.mcu.externaltools.gnu-tools-for-stm32.10.3-2021.10.win32_1.0.0.202111181127/tools/bin/../lib/gcc/arm-none-eabi/10.3.1/../../../../arm-none-eabi/lib/thumb/v7e-m+fp/hard\libc_nano.a(lib_a-itoa.o) (__utoa)
d:/stm32/stm32cubeide_1.10.0/stm32cubeide/plugins/com.st.stm32cube.ide.mcu.externaltools.gnu-tools-for-stm32.10.3-2021.10.win32_1.0.0.202111181127/tools/bin/../lib/gcc/arm-none-eabi/10.3.1/thumb/v7e-m+fp/hard\libgcc.a(_aeabi_uldivmod.o)
                              ./Drivers/STM32F4xx_HAL_Driver/Src/stm32f4xx_hal_rcc.o (__aeabi_uldivmod)
d:/stm32/stm32cubeide_1.10.0/stm32cubeide/plugins/com.st.stm32cube.ide.mcu.externaltools.gnu-tools-for-stm32.10.3-2021.10.win32_1.0.0.202111181127/tools/bin/../lib/gcc/arm-none-eabi/10.3.1/thumb/v7e-m+fp/hard\libgcc.a(_udivmoddi4.o)
                              d:/stm32/stm32cubeide_1.10.0/stm32cubeide/plugins/com.st.stm32cube.ide.mcu.externaltools.gnu-tools-for-stm32.10.3-2021.10.win32_1.0.0.202111181127/tools/bin/../lib/gcc/arm-none-eabi/10.3.1/thumb/v7e-m+fp/hard\libgcc.a(_aeabi_uldivmod.o) (__udivmoddi4)
d:/stm32/stm32cubeide_1.10.0/stm32cubeide/plugins/com.st.stm32cube.ide.mcu.externaltools.gnu-tools-for-stm32.10.3-2021.10.win32_1.0.0.202111181127/tools/bin/../lib/gcc/arm-none-eabi/10.3.1/thumb/v7e-m+fp/hard\libgcc.a(_dvmd_tls.o)
                              d:/stm32/stm32cubeide_1.10.0/stm32cubeide/plugins/com.st.stm32cube.ide.mcu.externaltools.gnu-tools-for-stm32.10.3-2021.10.win32_1.0.0.202111181127/tools/bin/../lib/gcc/arm-none-eabi/10.3.1/thumb/v7e-m+fp/hard\libgcc.a(_aeabi_uldivmod.o) (__aeabi_ldiv0)

Discarded input sections

[...]
Memory Configuration

Name             Origin             Length             Attributes
RAM              0x0000000020000000 0x0000000000018000 xrw
FLASH            0x0000000008000000 0x0000000000080000 xr
*default*        0x0000000000000000 0xffffffffffffffff

Linker script and memory map

LOAD d:/stm32/stm32cubeide_1.10.0/stm32cubeide/plugins/com.st.stm32cube.ide.mcu.externaltools.gnu-tools-for-stm32.10.3-2021.10.win32_1.0.0.202111181127/tools/bin/../lib/gcc/arm-none-eabi/10.3.1/thumb/v7e-m+fp/hard/crti.o
LOAD d:/stm32/stm32cubeide_1.10.0/stm32cubeide/plugins/com.st.stm32cube.ide.mcu.externaltools.gnu-tools-for-stm32.10.3-2021.10.win32_1.0.0.202111181127/tools/bin/../lib/gcc/arm-none-eabi/10.3.1/thumb/v7e-m+fp/hard/crtbegin.o
LOAD d:/stm32/stm32cubeide_1.10.0/stm32cubeide/plugins/com.st.stm32cube.ide.mcu.externaltools.gnu-tools-for-stm32.10.3-2021.10.win32_1.0.0.202111181127/tools/bin/../lib/gcc/arm-none-eabi/10.3.1/../../../../arm-none-eabi/lib/thumb/v7e-m+fp/hard/crt0.o
LOAD ./App/Src/adc_functions_stm32f401.o
LOAD ./App/Src/pin_functions_stm32f401.o
LOAD ./App/Src/task-audio-processing.o
LOAD ./App/Src/task-display.o
LOAD ./App/Src/task-heartbeat.o
LOAD ./App/Src/task-mediciones.o
LOAD ./App/Src/task-pulsador-falla.o
LOAD ./App/Src/task-watchdog.o
LOAD ./Core/Src/main.o
LOAD ./Core/Src/stm32f4xx_hal_msp.o
LOAD ./Core/Src/stm32f4xx_hal_timebase_tim.o
LOAD ./Core/Src/stm32f4xx_it.o
LOAD ./Core/Src/syscalls.o
LOAD ./Core/Src/sysmem.o
LOAD ./Core/Src/system_stm32f4xx.o
LOAD ./Core/Startup/startup_stm32f401retx.o
LOAD ./Drivers/STM32F4xx_HAL_Driver/Src/stm32f4xx_hal.o
LOAD ./Drivers/STM32F4xx_HAL_Driver/Src/stm32f4xx_hal_adc.o
LOAD ./Drivers/STM32F4xx_HAL_Driver/Src/stm32f4xx_hal_adc_ex.o
LOAD ./Drivers/STM32F4xx_HAL_Driver/Src/stm32f4xx_hal_cortex.o
LOAD ./Drivers/STM32F4xx_HAL_Driver/Src/stm32f4xx_hal_dma.o
LOAD ./Drivers/STM32F4xx_HAL_Driver/Src/stm32f4xx_hal_dma_ex.o
LOAD ./Drivers/STM32F4xx_HAL_Driver/Src/stm32f4xx_hal_exti.o
LOAD ./Drivers/STM32F4xx_HAL_Driver/Src/stm32f4xx_hal_flash.o
LOAD ./Drivers/STM32F4xx_HAL_Driver/Src/stm32f4xx_hal_flash_ex.o
LOAD ./Drivers/STM32F4xx_HAL_Driver/Src/stm32f4xx_hal_flash_ramfunc.o
LOAD ./Drivers/STM32F4xx_HAL_Driver/Src/stm32f4xx_hal_gpio.o
LOAD ./Drivers/STM32F4xx_HAL_Driver/Src/stm32f4xx_hal_i2c.o
LOAD ./Drivers/STM32F4xx_HAL_Driver/Src/stm32f4xx_hal_i2c_ex.o
LOAD ./Drivers/STM32F4xx_HAL_Driver/Src/stm32f4xx_hal_pwr.o
LOAD ./Drivers/STM32F4xx_HAL_Driver/Src/stm32f4xx_hal_pwr_ex.o
LOAD ./Drivers/STM32F4xx_HAL_Driver/Src/stm32f4xx_hal_rcc.o
LOAD ./Drivers/STM32F4xx_HAL_Driver/Src/stm32f4xx_hal_rcc_ex.o
LOAD ./Drivers/STM32F4xx_HAL_Driver/Src/stm32f4xx_hal_tim.o
LOAD ./Drivers/STM32F4xx_HAL_Driver/Src/stm32f4xx_hal_tim_ex.o
LOAD ./Drivers/STM32F4xx_HAL_Driver/Src/stm32f4xx_hal_uart.o
LOAD ./Drivers/STM32F4xx_HAL_Driver/Src/stm32f4xx_hal_wwdg.o
LOAD ./Drivers/STM32F4xx_HAL_Driver/Src/stm32f4xx_ll_adc.o
LOAD ./OS/Src/monitor.o
LOAD ./OS/Src/scheduler.o
LOAD ./OS/Src/system.o
START GROUP
LOAD d:/stm32/stm32cubeide_1.10.0/stm32cubeide/plugins/com.st.stm32cube.ide.mcu.externaltools.gnu-tools-for-stm32.10.3-2021.10.win32_1.0.0.202111181127/tools/bin/../lib/gcc/arm-none-eabi/10.3.1/../../../../arm-none-eabi/lib/thumb/v7e-m+fp/hard\libc_nano.a
LOAD d:/stm32/stm32cubeide_1.10.0/stm32cubeide/plugins/com.st.stm32cube.ide.mcu.externaltools.gnu-tools-for-stm32.10.3-2021.10.win32_1.0.0.202111181127/tools/bin/../lib/gcc/arm-none-eabi/10.3.1/../../../../arm-none-eabi/lib/thumb/v7e-m+fp/hard\libm.a
END GROUP
START GROUP
LOAD d:/stm32/stm32cubeide_1.10.0/stm32cubeide/plugins/com.st.stm32cube.ide.mcu.externaltools.gnu-tools-for-stm32.10.3-2021.10.win32_1.0.0.202111181127/tools/bin/../lib/gcc/arm-none-eabi/10.3.1/thumb/v7e-m+fp/hard\libgcc.a
LOAD d:/stm32/stm32cubeide_1.10.0/stm32cubeide/plugins/com.st.stm32cube.ide.mcu.externaltools.gnu-tools-for-stm32.10.3-2021.10.win32_1.0.0.202111181127/tools/bin/../lib/gcc/arm-none-eabi/10.3.1/../../../../arm-none-eabi/lib/thumb/v7e-m+fp/hard\libc_nano.a
END GROUP
START GROUP
LOAD d:/stm32/stm32cubeide_1.10.0/stm32cubeide/plugins/com.st.stm32cube.ide.mcu.externaltools.gnu-tools-for-stm32.10.3-2021.10.win32_1.0.0.202111181127/tools/bin/../lib/gcc/arm-none-eabi/10.3.1/thumb/v7e-m+fp/hard\libgcc.a
LOAD d:/stm32/stm32cubeide_1.10.0/stm32cubeide/plugins/com.st.stm32cube.ide.mcu.externaltools.gnu-tools-for-stm32.10.3-2021.10.win32_1.0.0.202111181127/tools/bin/../lib/gcc/arm-none-eabi/10.3.1/../../../../arm-none-eabi/lib/thumb/v7e-m+fp/hard\libc_nano.a
LOAD d:/stm32/stm32cubeide_1.10.0/stm32cubeide/plugins/com.st.stm32cube.ide.mcu.externaltools.gnu-tools-for-stm32.10.3-2021.10.win32_1.0.0.202111181127/tools/bin/../lib/gcc/arm-none-eabi/10.3.1/../../../../arm-none-eabi/lib/thumb/v7e-m+fp/hard\libnosys.a
END GROUP
START GROUP
LOAD d:/stm32/stm32cubeide_1.10.0/stm32cubeide/plugins/com.st.stm32cube.ide.mcu.externaltools.gnu-tools-for-stm32.10.3-2021.10.win32_1.0.0.202111181127/tools/bin/../lib/gcc/arm-none-eabi/10.3.1/thumb/v7e-m+fp/hard\libgcc.a
LOAD d:/stm32/stm32cubeide_1.10.0/stm32cubeide/plugins/com.st.stm32cube.ide.mcu.externaltools.gnu-tools-for-stm32.10.3-2021.10.win32_1.0.0.202111181127/tools/bin/../lib/gcc/arm-none-eabi/10.3.1/../../../../arm-none-eabi/lib/thumb/v7e-m+fp/hard\libc_nano.a
LOAD d:/stm32/stm32cubeide_1.10.0/stm32cubeide/plugins/com.st.stm32cube.ide.mcu.externaltools.gnu-tools-for-stm32.10.3-2021.10.win32_1.0.0.202111181127/tools/bin/../lib/gcc/arm-none-eabi/10.3.1/../../../../arm-none-eabi/lib/thumb/v7e-m+fp/hard\libnosys.a
END GROUP
LOAD d:/stm32/stm32cubeide_1.10.0/stm32cubeide/plugins/com.st.stm32cube.ide.mcu.externaltools.gnu-tools-for-stm32.10.3-2021.10.win32_1.0.0.202111181127/tools/bin/../lib/gcc/arm-none-eabi/10.3.1/thumb/v7e-m+fp/hard/crtend.o
LOAD d:/stm32/stm32cubeide_1.10.0/stm32cubeide/plugins/com.st.stm32cube.ide.mcu.externaltools.gnu-tools-for-stm32.10.3-2021.10.win32_1.0.0.202111181127/tools/bin/../lib/gcc/arm-none-eabi/10.3.1/thumb/v7e-m+fp/hard/crtn.o
                0x0000000020018000                _estack = (ORIGIN (RAM) + LENGTH (RAM))
                0x0000000000000200                _Min_Heap_Size = 0x200
                0x0000000000000400                _Min_Stack_Size = 0x400

.isr_vector     0x0000000008000000      0x194
                0x0000000008000000                . = ALIGN (0x4)
 *(.isr_vector)
 .isr_vector    0x0000000008000000      0x194 ./Core/Startup/startup_stm32f401retx.o
                0x0000000008000000                g_pfnVectors
                0x0000000008000194                . = ALIGN (0x4)

.text           0x0000000008000194     0x40d0
                0x0000000008000194                . = ALIGN (0x4)
 *(.text)
 .text          0x0000000008000194       0x40 d:/stm32/stm32cubeide_1.10.0/stm32cubeide/plugins/com.st.stm32cube.ide.mcu.externaltools.gnu-tools-for-stm32.10.3-2021.10.win32_1.0.0.202111181127/tools/bin/../lib/gcc/arm-none-eabi/10.3.1/thumb/v7e-m+fp/hard/crtbegin.o
 .text          0x00000000080001d4       0x30 d:/stm32/stm32cubeide_1.10.0/stm32cubeide/plugins/com.st.stm32cube.ide.mcu.externaltools.gnu-tools-for-stm32.10.3-2021.10.win32_1.0.0.202111181127/tools/bin/../lib/gcc/arm-none-eabi/10.3.1/thumb/v7e-m+fp/hard\libgcc.a(_aeabi_uldivmod.o)
                0x00000000080001d4                __aeabi_uldivmod
 .text          0x0000000008000204      0x2d0 d:/stm32/stm32cubeide_1.10.0/stm32cubeide/plugins/com.st.stm32cube.ide.mcu.externaltools.gnu-tools-for-stm32.10.3-2021.10.win32_1.0.0.202111181127/tools/bin/../lib/gcc/arm-none-eabi/10.3.1/thumb/v7e-m+fp/hard\libgcc.a(_udivmoddi4.o)
                0x0000000008000204                __udivmoddi4
 .text          0x00000000080004d4        0x4 d:/stm32/stm32cubeide_1.10.0/stm32cubeide/plugins/com.st.stm32cube.ide.mcu.externaltools.gnu-tools-for-stm32.10.3-2021.10.win32_1.0.0.202111181127/tools/bin/../lib/gcc/arm-none-eabi/10.3.1/thumb/v7e-m+fp/hard\libgcc.a(_dvmd_tls.o)
                0x00000000080004d4                __aeabi_idiv0
                0x00000000080004d4                __aeabi_ldiv0
 *(.text*)
 .text.Pin_Config
                0x00000000080004d8       0x42 ./App/Src/pin_functions_stm32f401.o
                0x00000000080004d8                Pin_Config
 .text.Pin_Write
                0x000000000800051a       0x24 ./App/Src/pin_functions_stm32f401.o
                0x000000000800051a                Pin_Write
 .text.Pin_Toggle
                0x000000000800053e       0x1e ./App/Src/pin_functions_stm32f401.o
                0x000000000800053e                Pin_Toggle
 .text.Pin_Read
                0x000000000800055c       0x20 ./App/Src/pin_functions_stm32f401.o
                0x000000000800055c                Pin_Read
 .text.READ_ADC_Init
                0x000000000800057c       0x44 ./App/Src/task-audio-processing.o
                0x000000000800057c                READ_ADC_Init
 .text.READ_ADC_Update
                0x00000000080005c0       0xc8 ./App/Src/task-audio-processing.o
                0x00000000080005c0                READ_ADC_Update
 .text.HEARTBEAT_Init
                0x0000000008000688       0x18 ./App/Src/task-heartbeat.o
                0x0000000008000688                HEARTBEAT_Init
 .text.HEARTBEAT_Update
                0x00000000080006a0       0x18 ./App/Src/task-heartbeat.o
                0x00000000080006a0                HEARTBEAT_Update
 .text.ANTIRREBOTE_Init
                0x00000000080006b8        0xe ./App/Src/task-pulsador-falla.o
                0x00000000080006b8                ANTIRREBOTE_Init
 *fill*         0x00000000080006c6        0x2 
 .text.ANTIRREBOTE_Update
                0x00000000080006c8       0xc0 ./App/Src/task-pulsador-falla.o
                0x00000000080006c8                ANTIRREBOTE_Update
 .text.WATCHDOG_Init
                0x0000000008000788        0xe ./App/Src/task-watchdog.o
                0x0000000008000788                WATCHDOG_Init
 *fill*         0x0000000008000796        0x2 
 .text.WATCHDOG_Update
                0x0000000008000798       0x14 ./App/Src/task-watchdog.o
                0x0000000008000798                WATCHDOG_Update
 .text.main     0x00000000080007ac       0x48 ./Core/Src/main.o
                0x00000000080007ac                main
 .text.SystemClock_Config
                0x00000000080007f4       0xd8 ./Core/Src/main.o
                0x00000000080007f4                SystemClock_Config
 .text.MX_ADC1_Init
                0x00000000080008cc       0xa4 ./Core/Src/main.o
 .text.MX_I2C1_Init
                0x0000000008000970       0x5c ./Core/Src/main.o
 .text.MX_TIM11_Init
                0x00000000080009cc       0x48 ./Core/Src/main.o
 .text.MX_WWDG_Init
                0x0000000008000a14        0xe ./Core/Src/main.o
 *fill*         0x0000000008000a22        0x2 
 .text.MX_DMA_Init
                0x0000000008000a24       0x40 ./Core/Src/main.o
 .text.MX_GPIO_Init
                0x0000000008000a64      0x118 ./Core/Src/main.o
 .text.HAL_TIM_PeriodElapsedCallback
                0x0000000008000b7c       0x34 ./Core/Src/main.o
                0x0000000008000b7c                HAL_TIM_PeriodElapsedCallback
 .text.Error_Handler
                0x0000000008000bb0        0xa ./Core/Src/main.o
                0x0000000008000bb0                Error_Handler
 *fill*         0x0000000008000bba        0x2 
 .text.HAL_MspInit
                0x0000000008000bbc       0x50 ./Core/Src/stm32f4xx_hal_msp.o
                0x0000000008000bbc                HAL_MspInit
 .text.HAL_ADC_MspInit
                0x0000000008000c0c       0xf0 ./Core/Src/stm32f4xx_hal_msp.o
                0x0000000008000c0c                HAL_ADC_MspInit
 .text.HAL_I2C_MspInit
                0x0000000008000cfc       0x90 ./Core/Src/stm32f4xx_hal_msp.o
                0x0000000008000cfc                HAL_I2C_MspInit
 .text.HAL_TIM_Base_MspInit
                0x0000000008000d8c       0x50 ./Core/Src/stm32f4xx_hal_msp.o
                0x0000000008000d8c                HAL_TIM_Base_MspInit
 .text.HAL_TIM_Base_MspDeInit
                0x0000000008000ddc       0x34 ./Core/Src/stm32f4xx_hal_msp.o
                0x0000000008000ddc                HAL_TIM_Base_MspDeInit
 .text.HAL_InitTick
                0x0000000008000e10       0xe8 ./Core/Src/stm32f4xx_hal_timebase_tim.o
                0x0000000008000e10                HAL_InitTick
 .text.NMI_Handler
                0x0000000008000ef8        0x6 ./Core/Src/stm32f4xx_it.o
                0x0000000008000ef8                NMI_Handler
 .text.HardFault_Handler
                0x0000000008000efe        0x6 ./Core/Src/stm32f4xx_it.o
                0x0000000008000efe                HardFault_Handler
 .text.MemManage_Handler
                0x0000000008000f04        0x6 ./Core/Src/stm32f4xx_it.o
                0x0000000008000f04                MemManage_Handler
 .text.BusFault_Handler
                0x0000000008000f0a        0x6 ./Core/Src/stm32f4xx_it.o
                0x0000000008000f0a                BusFault_Handler
 .text.UsageFault_Handler
                0x0000000008000f10        0x6 ./Core/Src/stm32f4xx_it.o
                0x0000000008000f10                UsageFault_Handler
 .text.SVC_Handler
                0x0000000008000f16        0xe ./Core/Src/stm32f4xx_it.o
                0x0000000008000f16                SVC_Handler
 .text.DebugMon_Handler
                0x0000000008000f24        0xe ./Core/Src/stm32f4xx_it.o
                0x0000000008000f24                DebugMon_Handler
 .text.PendSV_Handler
                0x0000000008000f32        0xe ./Core/Src/stm32f4xx_it.o
                0x0000000008000f32                PendSV_Handler
 .text.SysTick_Handler
                0x0000000008000f40        0xc ./Core/Src/stm32f4xx_it.o
                0x0000000008000f40                SysTick_Handler
 .text.WWDG_IRQHandler
                0x0000000008000f4c       0x14 ./Core/Src/stm32f4xx_it.o
                0x0000000008000f4c                WWDG_IRQHandler
 .text.TIM1_UP_TIM10_IRQHandler
                0x0000000008000f60       0x14 ./Core/Src/stm32f4xx_it.o
                0x0000000008000f60                TIM1_UP_TIM10_IRQHandler
 .text.TIM1_TRG_COM_TIM11_IRQHandler
                0x0000000008000f74       0x14 ./Core/Src/stm32f4xx_it.o
                0x0000000008000f74                TIM1_TRG_COM_TIM11_IRQHandler
 .text.DMA2_Stream0_IRQHandler
                0x0000000008000f88       0x14 ./Core/Src/stm32f4xx_it.o
                0x0000000008000f88                DMA2_Stream0_IRQHandler
 .text.SystemInit
                0x0000000008000f9c       0x24 ./Core/Src/system_stm32f4xx.o
                0x0000000008000f9c                SystemInit
 .text.Reset_Handler
                0x0000000008000fc0       0x50 ./Core/Startup/startup_stm32f401retx.o
                0x0000000008000fc0                Reset_Handler
 .text.Default_Handler
                0x0000000008001010        0x2 ./Core/Startup/startup_stm32f401retx.o
                0x0000000008001010                RTC_Alarm_IRQHandler
                0x0000000008001010                EXTI2_IRQHandler
                0x0000000008001010                SPI4_IRQHandler
                0x0000000008001010                TIM1_CC_IRQHandler
                0x0000000008001010                DMA2_Stream5_IRQHandler
                0x0000000008001010                DMA1_Stream5_IRQHandler
                0x0000000008001010                PVD_IRQHandler
                0x0000000008001010                SDIO_IRQHandler
                0x0000000008001010                TAMP_STAMP_IRQHandler
                0x0000000008001010                EXTI3_IRQHandler
                0x0000000008001010                I2C3_ER_IRQHandler
                0x0000000008001010                EXTI0_IRQHandler
                0x0000000008001010                I2C2_EV_IRQHandler
                0x0000000008001010                DMA1_Stream2_IRQHandler
                0x0000000008001010                FPU_IRQHandler
                0x0000000008001010                DMA2_Stream2_IRQHandler
                0x0000000008001010                SPI1_IRQHandler
                0x0000000008001010                TIM1_BRK_TIM9_IRQHandler
                0x0000000008001010                DMA2_Stream3_IRQHandler
                0x0000000008001010                USART6_IRQHandler
                0x0000000008001010                TIM4_IRQHandler
                0x0000000008001010                I2C1_EV_IRQHandler
                0x0000000008001010                DMA1_Stream6_IRQHandler
                0x0000000008001010                DMA1_Stream1_IRQHandler
                0x0000000008001010                TIM3_IRQHandler
                0x0000000008001010                RCC_IRQHandler
                0x0000000008001010                Default_Handler
                0x0000000008001010                EXTI15_10_IRQHandler
                0x0000000008001010                ADC_IRQHandler
                0x0000000008001010                DMA1_Stream7_IRQHandler
                0x0000000008001010                TIM5_IRQHandler
                0x0000000008001010                DMA2_Stream7_IRQHandler
                0x0000000008001010                I2C3_EV_IRQHandler
                0x0000000008001010                EXTI9_5_IRQHandler
                0x0000000008001010                RTC_WKUP_IRQHandler
                0x0000000008001010                SPI2_IRQHandler
                0x0000000008001010                DMA1_Stream0_IRQHandler
                0x0000000008001010                EXTI4_IRQHandler
                0x0000000008001010                TIM2_IRQHandler
                0x0000000008001010                OTG_FS_WKUP_IRQHandler
                0x0000000008001010                EXTI1_IRQHandler
                0x0000000008001010                USART2_IRQHandler
                0x0000000008001010                I2C2_ER_IRQHandler
                0x0000000008001010                DMA2_Stream1_IRQHandler
                0x0000000008001010                FLASH_IRQHandler
                0x0000000008001010                DMA2_Stream4_IRQHandler
                0x0000000008001010                USART1_IRQHandler
                0x0000000008001010                OTG_FS_IRQHandler
                0x0000000008001010                SPI3_IRQHandler
                0x0000000008001010                DMA1_Stream4_IRQHandler
                0x0000000008001010                I2C1_ER_IRQHandler
                0x0000000008001010                DMA2_Stream6_IRQHandler
                0x0000000008001010                DMA1_Stream3_IRQHandler
 *fill*         0x0000000008001012        0x2 
 .text.HAL_Init
                0x0000000008001014       0x44 ./Drivers/STM32F4xx_HAL_Driver/Src/stm32f4xx_hal.o
                0x0000000008001014                HAL_Init
 .text.HAL_IncTick
                0x0000000008001058       0x28 ./Drivers/STM32F4xx_HAL_Driver/Src/stm32f4xx_hal.o
                0x0000000008001058                HAL_IncTick
 .text.HAL_GetTick
                0x0000000008001080       0x18 ./Drivers/STM32F4xx_HAL_Driver/Src/stm32f4xx_hal.o
                0x0000000008001080                HAL_GetTick
 .text.HAL_ADC_Init
                0x0000000008001098       0x86 ./Drivers/STM32F4xx_HAL_Driver/Src/stm32f4xx_hal_adc.o
                0x0000000008001098                HAL_ADC_Init
 *fill*         0x000000000800111e        0x2 
 .text.HAL_ADC_Start_DMA
                0x0000000008001120      0x1e0 ./Drivers/STM32F4xx_HAL_Driver/Src/stm32f4xx_hal_adc.o
                0x0000000008001120                HAL_ADC_Start_DMA
 .text.HAL_ADC_Stop_DMA
                0x0000000008001300       0xb4 ./Drivers/STM32F4xx_HAL_Driver/Src/stm32f4xx_hal_adc.o
                0x0000000008001300                HAL_ADC_Stop_DMA
 .text.HAL_ADC_ConvCpltCallback
                0x00000000080013b4       0x14 ./Drivers/STM32F4xx_HAL_Driver/Src/stm32f4xx_hal_adc.o
                0x00000000080013b4                HAL_ADC_ConvCpltCallback
 .text.HAL_ADC_ConvHalfCpltCallback
                0x00000000080013c8       0x14 ./Drivers/STM32F4xx_HAL_Driver/Src/stm32f4xx_hal_adc.o
                0x00000000080013c8                HAL_ADC_ConvHalfCpltCallback
 .text.HAL_ADC_ErrorCallback
                0x00000000080013dc       0x14 ./Drivers/STM32F4xx_HAL_Driver/Src/stm32f4xx_hal_adc.o
                0x00000000080013dc                HAL_ADC_ErrorCallback
 .text.HAL_ADC_ConfigChannel
                0x00000000080013f0      0x244 ./Drivers/STM32F4xx_HAL_Driver/Src/stm32f4xx_hal_adc.o
                0x00000000080013f0                HAL_ADC_ConfigChannel
 .text.ADC_Init
                0x0000000008001634      0x1f8 ./Drivers/STM32F4xx_HAL_Driver/Src/stm32f4xx_hal_adc.o
 .text.ADC_DMAConvCplt
                0x000000000800182c       0xba ./Drivers/STM32F4xx_HAL_Driver/Src/stm32f4xx_hal_adc.o
 .text.ADC_DMAHalfConvCplt
                0x00000000080018e6       0x1c ./Drivers/STM32F4xx_HAL_Driver/Src/stm32f4xx_hal_adc.o
 .text.ADC_DMAError
                0x0000000008001902       0x2e ./Drivers/STM32F4xx_HAL_Driver/Src/stm32f4xx_hal_adc.o
 .text.__NVIC_SetPriorityGrouping
                0x0000000008001930       0x48 ./Drivers/STM32F4xx_HAL_Driver/Src/stm32f4xx_hal_cortex.o
 .text.__NVIC_GetPriorityGrouping
                0x0000000008001978       0x1c ./Drivers/STM32F4xx_HAL_Driver/Src/stm32f4xx_hal_cortex.o
 .text.__NVIC_EnableIRQ
                0x0000000008001994       0x3c ./Drivers/STM32F4xx_HAL_Driver/Src/stm32f4xx_hal_cortex.o
 .text.__NVIC_DisableIRQ
                0x00000000080019d0       0x48 ./Drivers/STM32F4xx_HAL_Driver/Src/stm32f4xx_hal_cortex.o
 .text.__NVIC_SetPriority
                0x0000000008001a18       0x54 ./Drivers/STM32F4xx_HAL_Driver/Src/stm32f4xx_hal_cortex.o
 .text.NVIC_EncodePriority
                0x0000000008001a6c       0x66 ./Drivers/STM32F4xx_HAL_Driver/Src/stm32f4xx_hal_cortex.o
 .text.HAL_NVIC_SetPriorityGrouping
                0x0000000008001ad2       0x16 ./Drivers/STM32F4xx_HAL_Driver/Src/stm32f4xx_hal_cortex.o
                0x0000000008001ad2                HAL_NVIC_SetPriorityGrouping
 .text.HAL_NVIC_SetPriority
                0x0000000008001ae8       0x38 ./Drivers/STM32F4xx_HAL_Driver/Src/stm32f4xx_hal_cortex.o
                0x0000000008001ae8                HAL_NVIC_SetPriority
 .text.HAL_NVIC_EnableIRQ
                0x0000000008001b20       0x1c ./Drivers/STM32F4xx_HAL_Driver/Src/stm32f4xx_hal_cortex.o
                0x0000000008001b20                HAL_NVIC_EnableIRQ
 .text.HAL_NVIC_DisableIRQ
                0x0000000008001b3c       0x1c ./Drivers/STM32F4xx_HAL_Driver/Src/stm32f4xx_hal_cortex.o
                0x0000000008001b3c                HAL_NVIC_DisableIRQ
 .text.HAL_DMA_Init
                0x0000000008001b58      0x15c ./Drivers/STM32F4xx_HAL_Driver/Src/stm32f4xx_hal_dma.o
                0x0000000008001b58                HAL_DMA_Init
 .text.HAL_DMA_Start_IT
                0x0000000008001cb4       0xb0 ./Drivers/STM32F4xx_HAL_Driver/Src/stm32f4xx_hal_dma.o
                0x0000000008001cb4                HAL_DMA_Start_IT
 .text.HAL_DMA_Abort
                0x0000000008001d64       0xe0 ./Drivers/STM32F4xx_HAL_Driver/Src/stm32f4xx_hal_dma.o
                0x0000000008001d64                HAL_DMA_Abort
 .text.HAL_DMA_IRQHandler
                0x0000000008001e44      0x314 ./Drivers/STM32F4xx_HAL_Driver/Src/stm32f4xx_hal_dma.o
                0x0000000008001e44                HAL_DMA_IRQHandler
 .text.DMA_SetConfig
                0x0000000008002158       0x5c ./Drivers/STM32F4xx_HAL_Driver/Src/stm32f4xx_hal_dma.o
 .text.DMA_CalcBaseAndBitshift
                0x00000000080021b4       0x6c ./Drivers/STM32F4xx_HAL_Driver/Src/stm32f4xx_hal_dma.o
 .text.DMA_CheckFifoParam
                0x0000000008002220       0xf8 ./Drivers/STM32F4xx_HAL_Driver/Src/stm32f4xx_hal_dma.o
 .text.HAL_GPIO_Init
                0x0000000008002318      0x308 ./Drivers/STM32F4xx_HAL_Driver/Src/stm32f4xx_hal_gpio.o
                0x0000000008002318                HAL_GPIO_Init
 .text.HAL_GPIO_ReadPin
                0x0000000008002620       0x30 ./Drivers/STM32F4xx_HAL_Driver/Src/stm32f4xx_hal_gpio.o
                0x0000000008002620                HAL_GPIO_ReadPin
 .text.HAL_GPIO_WritePin
                0x0000000008002650       0x32 ./Drivers/STM32F4xx_HAL_Driver/Src/stm32f4xx_hal_gpio.o
                0x0000000008002650                HAL_GPIO_WritePin
 .text.HAL_GPIO_TogglePin
                0x0000000008002682       0x34 ./Drivers/STM32F4xx_HAL_Driver/Src/stm32f4xx_hal_gpio.o
                0x0000000008002682                HAL_GPIO_TogglePin
 *fill*         0x00000000080026b6        0x2 
 .text.HAL_I2C_Init
                0x00000000080026b8      0x288 ./Drivers/STM32F4xx_HAL_Driver/Src/stm32f4xx_hal_i2c.o
                0x00000000080026b8                HAL_I2C_Init
 .text.HAL_RCC_OscConfig
                0x0000000008002940      0x4f0 ./Drivers/STM32F4xx_HAL_Driver/Src/stm32f4xx_hal_rcc.o
                0x0000000008002940                HAL_RCC_OscConfig
 .text.HAL_RCC_ClockConfig
                0x0000000008002e30      0x1cc ./Drivers/STM32F4xx_HAL_Driver/Src/stm32f4xx_hal_rcc.o
                0x0000000008002e30                HAL_RCC_ClockConfig
 .text.HAL_RCC_GetSysClockFreq
                0x0000000008002ffc      0x20c ./Drivers/STM32F4xx_HAL_Driver/Src/stm32f4xx_hal_rcc.o
                0x0000000008002ffc                HAL_RCC_GetSysClockFreq
 .text.HAL_RCC_GetHCLKFreq
                0x0000000008003208       0x18 ./Drivers/STM32F4xx_HAL_Driver/Src/stm32f4xx_hal_rcc.o
                0x0000000008003208                HAL_RCC_GetHCLKFreq
 .text.HAL_RCC_GetPCLK1Freq
                0x0000000008003220       0x28 ./Drivers/STM32F4xx_HAL_Driver/Src/stm32f4xx_hal_rcc.o
                0x0000000008003220                HAL_RCC_GetPCLK1Freq
 .text.HAL_RCC_GetPCLK2Freq
                0x0000000008003248       0x28 ./Drivers/STM32F4xx_HAL_Driver/Src/stm32f4xx_hal_rcc.o
                0x0000000008003248                HAL_RCC_GetPCLK2Freq
 .text.HAL_RCC_GetClockConfig
                0x0000000008003270       0x64 ./Drivers/STM32F4xx_HAL_Driver/Src/stm32f4xx_hal_rcc.o
                0x0000000008003270                HAL_RCC_GetClockConfig
 .text.HAL_TIM_Base_Init
                0x00000000080032d4       0x9e ./Drivers/STM32F4xx_HAL_Driver/Src/stm32f4xx_hal_tim.o
                0x00000000080032d4                HAL_TIM_Base_Init
 .text.HAL_TIM_Base_DeInit
                0x0000000008003372       0xa8 ./Drivers/STM32F4xx_HAL_Driver/Src/stm32f4xx_hal_tim.o
                0x0000000008003372                HAL_TIM_Base_DeInit
 *fill*         0x000000000800341a        0x2 
 .text.HAL_TIM_Base_Start_IT
                0x000000000800341c       0xc4 ./Drivers/STM32F4xx_HAL_Driver/Src/stm32f4xx_hal_tim.o
                0x000000000800341c                HAL_TIM_Base_Start_IT
 .text.HAL_TIM_Base_Stop_IT
                0x00000000080034e0       0x5e ./Drivers/STM32F4xx_HAL_Driver/Src/stm32f4xx_hal_tim.o
                0x00000000080034e0                HAL_TIM_Base_Stop_IT
 .text.HAL_TIM_IRQHandler
                0x000000000800353e      0x210 ./Drivers/STM32F4xx_HAL_Driver/Src/stm32f4xx_hal_tim.o
                0x000000000800353e                HAL_TIM_IRQHandler
 .text.HAL_TIM_OC_DelayElapsedCallback
                0x000000000800374e       0x14 ./Drivers/STM32F4xx_HAL_Driver/Src/stm32f4xx_hal_tim.o
                0x000000000800374e                HAL_TIM_OC_DelayElapsedCallback
 .text.HAL_TIM_IC_CaptureCallback
                0x0000000008003762       0x14 ./Drivers/STM32F4xx_HAL_Driver/Src/stm32f4xx_hal_tim.o
                0x0000000008003762                HAL_TIM_IC_CaptureCallback
 .text.HAL_TIM_PWM_PulseFinishedCallback
                0x0000000008003776       0x14 ./Drivers/STM32F4xx_HAL_Driver/Src/stm32f4xx_hal_tim.o
                0x0000000008003776                HAL_TIM_PWM_PulseFinishedCallback
 .text.HAL_TIM_TriggerCallback
                0x000000000800378a       0x14 ./Drivers/STM32F4xx_HAL_Driver/Src/stm32f4xx_hal_tim.o
                0x000000000800378a                HAL_TIM_TriggerCallback
 *fill*         0x000000000800379e        0x2 
 .text.TIM_Base_SetConfig
                0x00000000080037a0      0x100 ./Drivers/STM32F4xx_HAL_Driver/Src/stm32f4xx_hal_tim.o
                0x00000000080037a0                TIM_Base_SetConfig
 .text.HAL_TIMEx_CommutCallback
                0x00000000080038a0       0x14 ./Drivers/STM32F4xx_HAL_Driver/Src/stm32f4xx_hal_tim_ex.o
                0x00000000080038a0                HAL_TIMEx_CommutCallback
 .text.HAL_TIMEx_BreakCallback
                0x00000000080038b4       0x14 ./Drivers/STM32F4xx_HAL_Driver/Src/stm32f4xx_hal_tim_ex.o
                0x00000000080038b4                HAL_TIMEx_BreakCallback
 .text.HAL_WWDG_Refresh
                0x00000000080038c8       0x20 ./Drivers/STM32F4xx_HAL_Driver/Src/stm32f4xx_hal_wwdg.o
                0x00000000080038c8                HAL_WWDG_Refresh
 .text.HAL_WWDG_IRQHandler
                0x00000000080038e8       0x3e ./Drivers/STM32F4xx_HAL_Driver/Src/stm32f4xx_hal_wwdg.o
                0x00000000080038e8                HAL_WWDG_IRQHandler
 .text.HAL_WWDG_EarlyWakeupCallback
                0x0000000008003926       0x14 ./Drivers/STM32F4xx_HAL_Driver/Src/stm32f4xx_hal_wwdg.o
                0x0000000008003926                HAL_WWDG_EarlyWakeupCallback
 *fill*         0x000000000800393a        0x2 
 .text.MONITOR_I_Start
                0x000000000800393c       0x60 ./OS/Src/monitor.o
                0x000000000800393c                MONITOR_I_Start
 .text.MONITOR_I_Stop
                0x000000000800399c       0x60 ./OS/Src/monitor.o
                0x000000000800399c                MONITOR_I_Stop
 .text.MONITOR_I_Disable
                0x00000000080039fc       0x14 ./OS/Src/monitor.o
                0x00000000080039fc                MONITOR_I_Disable
 .text.MONITOR_IRQHandler
                0x0000000008003a10       0x4c ./OS/Src/monitor.o
                0x0000000008003a10                MONITOR_IRQHandler
 .text.__NVIC_SetPriority
                0x0000000008003a5c       0x54 ./OS/Src/scheduler.o
 .text.SysTick_Config
                0x0000000008003ab0       0x44 ./OS/Src/scheduler.o
 .text.DWT_Init
                0x0000000008003af4       0x24 ./OS/Src/scheduler.o
 .text.DWT_GetTime
                0x0000000008003b18       0x20 ./OS/Src/scheduler.o
 .text.DWT_Clear
                0x0000000008003b38       0x18 ./OS/Src/scheduler.o
 .text.SCH_Dispatch_Tasks
                0x0000000008003b50      0x2a4 ./OS/Src/scheduler.o
                0x0000000008003b50                SCH_Dispatch_Tasks
 .text.SCH_Init
                0x0000000008003df4       0xb8 ./OS/Src/scheduler.o
                0x0000000008003df4                SCH_Init
 .text.SCH_Start
                0x0000000008003eac       0x2c ./OS/Src/scheduler.o
                0x0000000008003eac                SCH_Start
 .text.SCH_Go_To_Sleep
                0x0000000008003ed8       0x10 ./OS/Src/scheduler.o
 .text.SCH_Add_Task
                0x0000000008003ee8      0x144 ./OS/Src/scheduler.o
                0x0000000008003ee8                SCH_Add_Task
 .text.SCH_SysTick_Handler
                0x000000000800402c       0x1c ./OS/Src/scheduler.o
                0x000000000800402c                SCH_SysTick_Handler
 .text.SCH_Get_Current_Task_Pointer
                0x0000000008004048       0x28 ./OS/Src/scheduler.o
                0x0000000008004048                SCH_Get_Current_Task_Pointer
 .text.SYSTEM_Init
                0x0000000008004070       0x10 ./OS/Src/system.o
                0x0000000008004070                SYSTEM_Init
 .text.SYSTEM_Identify_Required_Mode
                0x0000000008004080       0x3c ./OS/Src/system.o
                0x0000000008004080                SYSTEM_Identify_Required_Mode
 .text.SYSTEM_Configure_Required_Mode
                0x00000000080040bc       0x90 ./OS/Src/system.o
                0x00000000080040bc                SYSTEM_Configure_Required_Mode
 .text.SYSTEM_Perform_Safe_Shutdown
                0x000000000800414c       0x70 ./OS/Src/system.o
                0x000000000800414c                SYSTEM_Perform_Safe_Shutdown
 .text.SYSTEM_Change_Mode_Fault
                0x00000000080041bc       0x20 ./OS/Src/system.o
                0x00000000080041bc                SYSTEM_Change_Mode_Fault
 .text.SYSTEM_Get_Mode
                0x00000000080041dc       0x18 ./OS/Src/system.o
                0x00000000080041dc                SYSTEM_Get_Mode
 .text.__libc_init_array
                0x00000000080041f4       0x48 d:/stm32/stm32cubeide_1.10.0/stm32cubeide/plugins/com.st.stm32cube.ide.mcu.externaltools.gnu-tools-for-stm32.10.3-2021.10.win32_1.0.0.202111181127/tools/bin/../lib/gcc/arm-none-eabi/10.3.1/../../../../arm-none-eabi/lib/thumb/v7e-m+fp/hard\libc_nano.a(lib_a-init.o)
                0x00000000080041f4                __libc_init_array
 .text.memset   0x000000000800423c       0x10 d:/stm32/stm32cubeide_1.10.0/stm32cubeide/plugins/com.st.stm32cube.ide.mcu.externaltools.gnu-tools-for-stm32.10.3-2021.10.win32_1.0.0.202111181127/tools/bin/../lib/gcc/arm-none-eabi/10.3.1/../../../../arm-none-eabi/lib/thumb/v7e-m+fp/hard\libc_nano.a(lib_a-memset.o)
                0x000000000800423c                memset
 *(.glue_7)
 .glue_7        0x000000000800424c        0x0 linker stubs
 *(.glue_7t)
 .glue_7t       0x000000000800424c        0x0 linker stubs
 *(.eh_frame)
 .eh_frame      0x000000000800424c        0x0 d:/stm32/stm32cubeide_1.10.0/stm32cubeide/plugins/com.st.stm32cube.ide.mcu.externaltools.gnu-tools-for-stm32.10.3-2021.10.win32_1.0.0.202111181127/tools/bin/../lib/gcc/arm-none-eabi/10.3.1/thumb/v7e-m+fp/hard/crtbegin.o
 *(.init)
 .init          0x000000000800424c        0x4 d:/stm32/stm32cubeide_1.10.0/stm32cubeide/plugins/com.st.stm32cube.ide.mcu.externaltools.gnu-tools-for-stm32.10.3-2021.10.win32_1.0.0.202111181127/tools/bin/../lib/gcc/arm-none-eabi/10.3.1/thumb/v7e-m+fp/hard/crti.o
                0x000000000800424c                _init
 .init          0x0000000008004250        0x8 d:/stm32/stm32cubeide_1.10.0/stm32cubeide/plugins/com.st.stm32cube.ide.mcu.externaltools.gnu-tools-for-stm32.10.3-2021.10.win32_1.0.0.202111181127/tools/bin/../lib/gcc/arm-none-eabi/10.3.1/thumb/v7e-m+fp/hard/crtn.o
 *(.fini)
 .fini          0x0000000008004258        0x4 d:/stm32/stm32cubeide_1.10.0/stm32cubeide/plugins/com.st.stm32cube.ide.mcu.externaltools.gnu-tools-for-stm32.10.3-2021.10.win32_1.0.0.202111181127/tools/bin/../lib/gcc/arm-none-eabi/10.3.1/thumb/v7e-m+fp/hard/crti.o
                0x0000000008004258                _fini
 .fini          0x000000000800425c        0x8 d:/stm32/stm32cubeide_1.10.0/stm32cubeide/plugins/com.st.stm32cube.ide.mcu.externaltools.gnu-tools-for-stm32.10.3-2021.10.win32_1.0.0.202111181127/tools/bin/../lib/gcc/arm-none-eabi/10.3.1/thumb/v7e-m+fp/hard/crtn.o
                0x0000000008004264                . = ALIGN (0x4)
                0x0000000008004264                _etext = .

.vfp11_veneer   0x0000000008004264        0x0
 .vfp11_veneer  0x0000000008004264        0x0 linker stubs

.v4_bx          0x0000000008004264        0x0
 .v4_bx         0x0000000008004264        0x0 linker stubs

.iplt           0x0000000008004264        0x0
 .iplt          0x0000000008004264        0x0 d:/stm32/stm32cubeide_1.10.0/stm32cubeide/plugins/com.st.stm32cube.ide.mcu.externaltools.gnu-tools-for-stm32.10.3-2021.10.win32_1.0.0.202111181127/tools/bin/../lib/gcc/arm-none-eabi/10.3.1/thumb/v7e-m+fp/hard/crtbegin.o

.rodata         0x0000000008004264       0x20
                0x0000000008004264                . = ALIGN (0x4)
 *(.rodata)
 *(.rodata*)
 .rodata.AHBPrescTable
                0x0000000008004264       0x10 ./Core/Src/system_stm32f4xx.o
                0x0000000008004264                AHBPrescTable
 .rodata.APBPrescTable
                0x0000000008004274        0x8 ./Core/Src/system_stm32f4xx.o
                0x0000000008004274                APBPrescTable
 .rodata.flagBitshiftOffset.0
                0x000000000800427c        0x8 ./Drivers/STM32F4xx_HAL_Driver/Src/stm32f4xx_hal_dma.o
                0x0000000008004284                . = ALIGN (0x4)

.ARM.extab      0x0000000008004284        0x0
                0x0000000008004284                . = ALIGN (0x4)
 *(.ARM.extab* .gnu.linkonce.armextab.*)
                0x0000000008004284                . = ALIGN (0x4)

.ARM            0x0000000008004284        0x8
                0x0000000008004284                . = ALIGN (0x4)
                0x0000000008004284                __exidx_start = .
 *(.ARM.exidx*)
 .ARM.exidx     0x0000000008004284        0x8 d:/stm32/stm32cubeide_1.10.0/stm32cubeide/plugins/com.st.stm32cube.ide.mcu.externaltools.gnu-tools-for-stm32.10.3-2021.10.win32_1.0.0.202111181127/tools/bin/../lib/gcc/arm-none-eabi/10.3.1/thumb/v7e-m+fp/hard\libgcc.a(_udivmoddi4.o)
                0x000000000800428c                __exidx_end = .
                0x000000000800428c                . = ALIGN (0x4)

.rel.dyn        0x000000000800428c        0x0
 .rel.iplt      0x000000000800428c        0x0 d:/stm32/stm32cubeide_1.10.0/stm32cubeide/plugins/com.st.stm32cube.ide.mcu.externaltools.gnu-tools-for-stm32.10.3-2021.10.win32_1.0.0.202111181127/tools/bin/../lib/gcc/arm-none-eabi/10.3.1/thumb/v7e-m+fp/hard/crtbegin.o

.preinit_array  0x000000000800428c        0x0
                0x000000000800428c                . = ALIGN (0x4)
                0x000000000800428c                PROVIDE (__preinit_array_start = .)
 *(.preinit_array*)
                0x000000000800428c                PROVIDE (__preinit_array_end = .)
                0x000000000800428c                . = ALIGN (0x4)

.init_array     0x000000000800428c        0x4
                0x000000000800428c                . = ALIGN (0x4)
                0x000000000800428c                PROVIDE (__init_array_start = .)
 *(SORT_BY_NAME(.init_array.*))
 *(.init_array*)
 .init_array    0x000000000800428c        0x4 d:/stm32/stm32cubeide_1.10.0/stm32cubeide/plugins/com.st.stm32cube.ide.mcu.externaltools.gnu-tools-for-stm32.10.3-2021.10.win32_1.0.0.202111181127/tools/bin/../lib/gcc/arm-none-eabi/10.3.1/thumb/v7e-m+fp/hard/crtbegin.o
                0x0000000008004290                PROVIDE (__init_array_end = .)
                0x0000000008004290                . = ALIGN (0x4)

.fini_array     0x0000000008004290        0x4
                0x0000000008004290                . = ALIGN (0x4)
                [!provide]                        PROVIDE (__fini_array_start = .)
 *(SORT_BY_NAME(.fini_array.*))
 *(.fini_array*)
 .fini_array    0x0000000008004290        0x4 d:/stm32/stm32cubeide_1.10.0/stm32cubeide/plugins/com.st.stm32cube.ide.mcu.externaltools.gnu-tools-for-stm32.10.3-2021.10.win32_1.0.0.202111181127/tools/bin/../lib/gcc/arm-none-eabi/10.3.1/thumb/v7e-m+fp/hard/crtbegin.o
                [!provide]                        PROVIDE (__fini_array_end = .)
                0x0000000008004294                . = ALIGN (0x4)
                0x0000000008004294                _sidata = LOADADDR (.data)

.data           0x0000000020000000        0xc load address 0x0000000008004294
                0x0000000020000000                . = ALIGN (0x4)
                0x0000000020000000                _sdata = .
 *(.data)
 *(.data*)
 .data.SystemCoreClock
                0x0000000020000000        0x4 ./Core/Src/system_stm32f4xx.o
                0x0000000020000000                SystemCoreClock
 .data.uwTickPrio
                0x0000000020000004        0x4 ./Drivers/STM32F4xx_HAL_Driver/Src/stm32f4xx_hal.o
                0x0000000020000004                uwTickPrio
 .data.uwTickFreq
                0x0000000020000008        0x1 ./Drivers/STM32F4xx_HAL_Driver/Src/stm32f4xx_hal.o
                0x0000000020000008                uwTickFreq
 *(.RamFunc)
 *(.RamFunc*)
                0x000000002000000c                . = ALIGN (0x4)
 *fill*         0x0000000020000009        0x3 
                0x000000002000000c                _edata = .

.igot.plt       0x000000002000000c        0x0 load address 0x00000000080042a0
 .igot.plt      0x000000002000000c        0x0 d:/stm32/stm32cubeide_1.10.0/stm32cubeide/plugins/com.st.stm32cube.ide.mcu.externaltools.gnu-tools-for-stm32.10.3-2021.10.win32_1.0.0.202111181127/tools/bin/../lib/gcc/arm-none-eabi/10.3.1/thumb/v7e-m+fp/hard/crtbegin.o
                0x000000002000000c                . = ALIGN (0x4)

.bss            0x000000002000000c     0x2518 load address 0x00000000080042a0
                0x000000002000000c                _sbss = .
                0x000000002000000c                __bss_start__ = _sbss
 *(.bss)
 .bss           0x000000002000000c       0x1c d:/stm32/stm32cubeide_1.10.0/stm32cubeide/plugins/com.st.stm32cube.ide.mcu.externaltools.gnu-tools-for-stm32.10.3-2021.10.win32_1.0.0.202111181127/tools/bin/../lib/gcc/arm-none-eabi/10.3.1/thumb/v7e-m+fp/hard/crtbegin.o
 *(.bss*)
 .bss.flag_sumar_uno
                0x0000000020000028        0x4 ./App/Src/task-audio-processing.o
                0x0000000020000028                flag_sumar_uno
 .bss.conteo_positivos
                0x000000002000002c        0x4 ./App/Src/task-audio-processing.o
                0x000000002000002c                conteo_positivos
 .bss.cont_estados
                0x0000000020000030        0x4 ./App/Src/task-pulsador-falla.o
                0x0000000020000030                cont_estados
 .bss.estado_actual_B1
                0x0000000020000034        0x1 ./App/Src/task-pulsador-falla.o
 .bss.estado_anterior_B1
                0x0000000020000035        0x1 ./App/Src/task-pulsador-falla.o
                0x0000000020000035                estado_anterior_B1
 *fill*         0x0000000020000036        0x2 
 .bss.vector_entradas
                0x0000000020000038        0x5 ./App/Src/task-pulsador-falla.o
                0x0000000020000038                vector_entradas
 *fill*         0x000000002000003d        0x3 
 .bss.hadc1     0x0000000020000040       0x48 ./Core/Src/main.o
                0x0000000020000040                hadc1
 .bss.hdma_adc1
                0x0000000020000088       0x60 ./Core/Src/main.o
                0x0000000020000088                hdma_adc1
 .bss.hi2c1     0x00000000200000e8       0x54 ./Core/Src/main.o
                0x00000000200000e8                hi2c1
 .bss.htim11    0x000000002000013c       0x48 ./Core/Src/main.o
                0x000000002000013c                htim11
 .bss.hwwdg     0x0000000020000184       0x14 ./Core/Src/main.o
                0x0000000020000184                hwwdg
 .bss.adc_buf   0x0000000020000198     0x2000 ./Core/Src/main.o
                0x0000000020000198                adc_buf
 .bss.htim1     0x0000000020002198       0x48 ./Core/Src/stm32f4xx_hal_timebase_tim.o
                0x0000000020002198                htim1
 .bss.uwTick    0x00000000200021e0        0x4 ./Drivers/STM32F4xx_HAL_Driver/Src/stm32f4xx_hal.o
                0x00000000200021e0                uwTick
 .bss.Task_ID_G
                0x00000000200021e4        0x4 ./OS/Src/monitor.o
 .bss.Task_BCET_G
                0x00000000200021e8        0x4 ./OS/Src/monitor.o
 .bss.Task_t_variation_G
                0x00000000200021ec        0x4 ./OS/Src/monitor.o
 .bss.TimerInitFlag
                0x00000000200021f0        0x1 ./OS/Src/monitor.o
 *fill*         0x00000000200021f1        0x3 
 .bss.Fault_code_G
                0x00000000200021f4        0x4 ./OS/Src/scheduler.o
                0x00000000200021f4                Fault_code_G
 .bss.SCH_tasks_G
                0x00000000200021f8      0x320 ./OS/Src/scheduler.o
                0x00000000200021f8                SCH_tasks_G
 .bss.Tick_count_G
                0x0000000020002518        0x4 ./OS/Src/scheduler.o
 .bss.ITask     0x000000002000251c        0x4 ./OS/Src/scheduler.o
 .bss.System_mode_G
                0x0000000020002520        0x1 ./OS/Src/system.o
                0x0000000020002520                System_mode_G
 *(COMMON)
                0x0000000020002524                . = ALIGN (0x4)
 *fill*         0x0000000020002521        0x3 
                0x0000000020002524                _ebss = .
                0x0000000020002524                __bss_end__ = _ebss

._user_heap_stack
                0x0000000020002524      0x604 load address 0x00000000080042a0
                0x0000000020002528                . = ALIGN (0x8)
 *fill*         0x0000000020002524        0x4 
                [!provide]                        PROVIDE (end = .)
                0x0000000020002528                PROVIDE (_end = .)
                0x0000000020002728                . = (. + _Min_Heap_Size)
 *fill*         0x0000000020002528      0x200 
                0x0000000020002b28                . = (. + _Min_Stack_Size)
 *fill*         0x0000000020002728      0x400 
                0x0000000020002b28                . = ALIGN (0x8)

/DISCARD/
 libc.a(*)
 libm.a(*)
 libgcc.a(*)

.ARM.attributes
                0x0000000000000000       0x30
 *(.ARM.attributes)
 .ARM.attributes
                0x0000000000000000       0x1e d:/stm32/stm32cubeide_1.10.0/stm32cubeide/plugins/com.st.stm32cube.ide.mcu.externaltools.gnu-tools-for-stm32.10.3-2021.10.win32_1.0.0.202111181127/tools/bin/../lib/gcc/arm-none-eabi/10.3.1/thumb/v7e-m+fp/hard/crti.o
 .ARM.attributes
                0x000000000000001e       0x34 d:/stm32/stm32cubeide_1.10.0/stm32cubeide/plugins/com.st.stm32cube.ide.mcu.externaltools.gnu-tools-for-stm32.10.3-2021.10.win32_1.0.0.202111181127/tools/bin/../lib/gcc/arm-none-eabi/10.3.1/thumb/v7e-m+fp/hard/crtbegin.o
 .ARM.attributes
                0x0000000000000052       0x34 ./App/Src/pin_functions_stm32f401.o
 .ARM.attributes
                0x0000000000000086       0x34 ./App/Src/task-audio-processing.o
 .ARM.attributes
                0x00000000000000ba       0x34 ./App/Src/task-heartbeat.o
 .ARM.attributes
                0x00000000000000ee       0x34 ./App/Src/task-pulsador-falla.o
 .ARM.attributes
                0x0000000000000122       0x34 ./App/Src/task-watchdog.o
 .ARM.attributes
                0x0000000000000156       0x34 ./Core/Src/main.o
 .ARM.attributes
                0x000000000000018a       0x34 ./Core/Src/stm32f4xx_hal_msp.o
 .ARM.attributes
                0x00000000000001be       0x34 ./Core/Src/stm32f4xx_hal_timebase_tim.o
 .ARM.attributes
                0x00000000000001f2       0x34 ./Core/Src/stm32f4xx_it.o
 .ARM.attributes
                0x0000000000000226       0x34 ./Core/Src/system_stm32f4xx.o
 .ARM.attributes
                0x000000000000025a       0x21 ./Core/Startup/startup_stm32f401retx.o
 .ARM.attributes
                0x000000000000027b       0x34 ./Drivers/STM32F4xx_HAL_Driver/Src/stm32f4xx_hal.o
 .ARM.attributes
                0x00000000000002af       0x34 ./Drivers/STM32F4xx_HAL_Driver/Src/stm32f4xx_hal_adc.o
 .ARM.attributes
                0x00000000000002e3       0x34 ./Drivers/STM32F4xx_HAL_Driver/Src/stm32f4xx_hal_cortex.o
 .ARM.attributes
                0x0000000000000317       0x34 ./Drivers/STM32F4xx_HAL_Driver/Src/stm32f4xx_hal_dma.o
 .ARM.attributes
                0x000000000000034b       0x34 ./Drivers/STM32F4xx_HAL_Driver/Src/stm32f4xx_hal_gpio.o
 .ARM.attributes
                0x000000000000037f       0x34 ./Drivers/STM32F4xx_HAL_Driver/Src/stm32f4xx_hal_i2c.o
 .ARM.attributes
                0x00000000000003b3       0x34 ./Drivers/STM32F4xx_HAL_Driver/Src/stm32f4xx_hal_rcc.o
 .ARM.attributes
                0x00000000000003e7       0x34 ./Drivers/STM32F4xx_HAL_Driver/Src/stm32f4xx_hal_tim.o
 .ARM.attributes
                0x000000000000041b       0x34 ./Drivers/STM32F4xx_HAL_Driver/Src/stm32f4xx_hal_tim_ex.o
 .ARM.attributes
                0x000000000000044f       0x34 ./Drivers/STM32F4xx_HAL_Driver/Src/stm32f4xx_hal_wwdg.o
 .ARM.attributes
                0x0000000000000483       0x34 ./OS/Src/monitor.o
 .ARM.attributes
                0x00000000000004b7       0x34 ./OS/Src/scheduler.o
 .ARM.attributes
                0x00000000000004eb       0x34 ./OS/Src/system.o
 .ARM.attributes
                0x000000000000051f       0x34 d:/stm32/stm32cubeide_1.10.0/stm32cubeide/plugins/com.st.stm32cube.ide.mcu.externaltools.gnu-tools-for-stm32.10.3-2021.10.win32_1.0.0.202111181127/tools/bin/../lib/gcc/arm-none-eabi/10.3.1/../../../../arm-none-eabi/lib/thumb/v7e-m+fp/hard\libc_nano.a(lib_a-init.o)
 .ARM.attributes
                0x0000000000000553       0x34 d:/stm32/stm32cubeide_1.10.0/stm32cubeide/plugins/com.st.stm32cube.ide.mcu.externaltools.gnu-tools-for-stm32.10.3-2021.10.win32_1.0.0.202111181127/tools/bin/../lib/gcc/arm-none-eabi/10.3.1/../../../../arm-none-eabi/lib/thumb/v7e-m+fp/hard\libc_nano.a(lib_a-memset.o)
 .ARM.attributes
                0x0000000000000587       0x1e d:/stm32/stm32cubeide_1.10.0/stm32cubeide/plugins/com.st.stm32cube.ide.mcu.externaltools.gnu-tools-for-stm32.10.3-2021.10.win32_1.0.0.202111181127/tools/bin/../lib/gcc/arm-none-eabi/10.3.1/thumb/v7e-m+fp/hard\libgcc.a(_aeabi_uldivmod.o)
 .ARM.attributes
                0x00000000000005a5       0x34 d:/stm32/stm32cubeide_1.10.0/stm32cubeide/plugins/com.st.stm32cube.ide.mcu.externaltools.gnu-tools-for-stm32.10.3-2021.10.win32_1.0.0.202111181127/tools/bin/../lib/gcc/arm-none-eabi/10.3.1/thumb/v7e-m+fp/hard\libgcc.a(_udivmoddi4.o)
 .ARM.attributes
                0x00000000000005d9       0x1e d:/stm32/stm32cubeide_1.10.0/stm32cubeide/plugins/com.st.stm32cube.ide.mcu.externaltools.gnu-tools-for-stm32.10.3-2021.10.win32_1.0.0.202111181127/tools/bin/../lib/gcc/arm-none-eabi/10.3.1/thumb/v7e-m+fp/hard\libgcc.a(_dvmd_tls.o)
 .ARM.attributes
                0x00000000000005f7       0x1e d:/stm32/stm32cubeide_1.10.0/stm32cubeide/plugins/com.st.stm32cube.ide.mcu.externaltools.gnu-tools-for-stm32.10.3-2021.10.win32_1.0.0.202111181127/tools/bin/../lib/gcc/arm-none-eabi/10.3.1/thumb/v7e-m+fp/hard/crtn.o
OUTPUT(C-TDS F401RE.elf elf32-littlearm)
LOAD linker stubs
LOAD d:/stm32/stm32cubeide_1.10.0/stm32cubeide/plugins/com.st.stm32cube.ide.mcu.externaltools.gnu-tools-for-stm32.10.3-2021.10.win32_1.0.0.202111181127/tools/bin/../lib/gcc/arm-none-eabi/10.3.1/../../../../arm-none-eabi/lib/thumb/v7e-m+fp/hard\libc.a
LOAD d:/stm32/stm32cubeide_1.10.0/stm32cubeide/plugins/com.st.stm32cube.ide.mcu.externaltools.gnu-tools-for-stm32.10.3-2021.10.win32_1.0.0.202111181127/tools/bin/../lib/gcc/arm-none-eabi/10.3.1/../../../../arm-none-eabi/lib/thumb/v7e-m+fp/hard\libm.a
LOAD d:/stm32/stm32cubeide_1.10.0/stm32cubeide/plugins/com.st.stm32cube.ide.mcu.externaltools.gnu-tools-for-stm32.10.3-2021.10.win32_1.0.0.202111181127/tools/bin/../lib/gcc/arm-none-eabi/10.3.1/thumb/v7e-m+fp/hard\libgcc.a

.debug_info     0x0000000000000000    0x117e0
 .debug_info    0x0000000000000000      0x36c ./App/Src/pin_functions_stm32f401.o
 .debug_info    0x000000000000036c      0x78c ./App/Src/task-audio-processing.o
 .debug_info    0x0000000000000af8      0x1bb ./App/Src/task-heartbeat.o
 .debug_info    0x0000000000000cb3      0x26e ./App/Src/task-pulsador-falla.o
 .debug_info    0x0000000000000f21      0x1db ./App/Src/task-watchdog.o
 .debug_info    0x00000000000010fc     0x170c ./Core/Src/main.o
 .debug_info    0x0000000000002808     0x1430 ./Core/Src/stm32f4xx_hal_msp.o
 .debug_info    0x0000000000003c38      0xbca ./Core/Src/stm32f4xx_hal_timebase_tim.o
 .debug_info    0x0000000000004802      0x87b ./Core/Src/stm32f4xx_it.o
 .debug_info    0x000000000000507d      0x54f ./Core/Src/system_stm32f4xx.o
 .debug_info    0x00000000000055cc       0x22 ./Core/Startup/startup_stm32f401retx.o
 .debug_info    0x00000000000055ee      0x906 ./Drivers/STM32F4xx_HAL_Driver/Src/stm32f4xx_hal.o
 .debug_info    0x0000000000005ef4      0xd68 ./Drivers/STM32F4xx_HAL_Driver/Src/stm32f4xx_hal_adc.o
 .debug_info    0x0000000000006c5c      0xd85 ./Drivers/STM32F4xx_HAL_Driver/Src/stm32f4xx_hal_cortex.o
 .debug_info    0x00000000000079e1      0x947 ./Drivers/STM32F4xx_HAL_Driver/Src/stm32f4xx_hal_dma.o
 .debug_info    0x0000000000008328      0x78e ./Drivers/STM32F4xx_HAL_Driver/Src/stm32f4xx_hal_gpio.o
 .debug_info    0x0000000000008ab6     0x260f ./Drivers/STM32F4xx_HAL_Driver/Src/stm32f4xx_hal_i2c.o
 .debug_info    0x000000000000b0c5      0x98c ./Drivers/STM32F4xx_HAL_Driver/Src/stm32f4xx_hal_rcc.o
 .debug_info    0x000000000000ba51     0x2bb6 ./Drivers/STM32F4xx_HAL_Driver/Src/stm32f4xx_hal_tim.o
 .debug_info    0x000000000000e607     0x15d8 ./Drivers/STM32F4xx_HAL_Driver/Src/stm32f4xx_hal_tim_ex.o
 .debug_info    0x000000000000fbdf      0x270 ./Drivers/STM32F4xx_HAL_Driver/Src/stm32f4xx_hal_wwdg.o
 .debug_info    0x000000000000fe4f      0x92d ./OS/Src/monitor.o
 .debug_info    0x000000000001077c      0xb26 ./OS/Src/scheduler.o
 .debug_info    0x00000000000112a2      0x53e ./OS/Src/system.o

.debug_abbrev   0x0000000000000000     0x2e78
 .debug_abbrev  0x0000000000000000      0x1a5 ./App/Src/pin_functions_stm32f401.o
 .debug_abbrev  0x00000000000001a5      0x1c2 ./App/Src/task-audio-processing.o
 .debug_abbrev  0x0000000000000367       0xd4 ./App/Src/task-heartbeat.o
 .debug_abbrev  0x000000000000043b      0x158 ./App/Src/task-pulsador-falla.o
 .debug_abbrev  0x0000000000000593      0x11c ./App/Src/task-watchdog.o
 .debug_abbrev  0x00000000000006af      0x2f1 ./Core/Src/main.o
 .debug_abbrev  0x00000000000009a0      0x240 ./Core/Src/stm32f4xx_hal_msp.o
 .debug_abbrev  0x0000000000000be0      0x1f7 ./Core/Src/stm32f4xx_hal_timebase_tim.o
 .debug_abbrev  0x0000000000000dd7      0x195 ./Core/Src/stm32f4xx_it.o
 .debug_abbrev  0x0000000000000f6c      0x116 ./Core/Src/system_stm32f4xx.o
 .debug_abbrev  0x0000000000001082       0x12 ./Core/Startup/startup_stm32f401retx.o
 .debug_abbrev  0x0000000000001094      0x23e ./Drivers/STM32F4xx_HAL_Driver/Src/stm32f4xx_hal.o
 .debug_abbrev  0x00000000000012d2      0x204 ./Drivers/STM32F4xx_HAL_Driver/Src/stm32f4xx_hal_adc.o
 .debug_abbrev  0x00000000000014d6      0x316 ./Drivers/STM32F4xx_HAL_Driver/Src/stm32f4xx_hal_cortex.o
 .debug_abbrev  0x00000000000017ec      0x21b ./Drivers/STM32F4xx_HAL_Driver/Src/stm32f4xx_hal_dma.o
 .debug_abbrev  0x0000000000001a07      0x1c4 ./Drivers/STM32F4xx_HAL_Driver/Src/stm32f4xx_hal_gpio.o
 .debug_abbrev  0x0000000000001bcb      0x2a8 ./Drivers/STM32F4xx_HAL_Driver/Src/stm32f4xx_hal_i2c.o
 .debug_abbrev  0x0000000000001e73      0x2aa ./Drivers/STM32F4xx_HAL_Driver/Src/stm32f4xx_hal_rcc.o
 .debug_abbrev  0x000000000000211d      0x26e ./Drivers/STM32F4xx_HAL_Driver/Src/stm32f4xx_hal_tim.o
 .debug_abbrev  0x000000000000238b      0x276 ./Drivers/STM32F4xx_HAL_Driver/Src/stm32f4xx_hal_tim_ex.o
 .debug_abbrev  0x0000000000002601      0x170 ./Drivers/STM32F4xx_HAL_Driver/Src/stm32f4xx_hal_wwdg.o
 .debug_abbrev  0x0000000000002771      0x218 ./OS/Src/monitor.o
 .debug_abbrev  0x0000000000002989      0x30e ./OS/Src/scheduler.o
 .debug_abbrev  0x0000000000002c97      0x1e1 ./OS/Src/system.o

.debug_aranges  0x0000000000000000     0x1008
 .debug_aranges
                0x0000000000000000       0x38 ./App/Src/pin_functions_stm32f401.o
 .debug_aranges
                0x0000000000000038       0x28 ./App/Src/task-audio-processing.o
 .debug_aranges
                0x0000000000000060       0x28 ./App/Src/task-heartbeat.o
 .debug_aranges
                0x0000000000000088       0x28 ./App/Src/task-pulsador-falla.o
 .debug_aranges
                0x00000000000000b0       0x28 ./App/Src/task-watchdog.o
 .debug_aranges
                0x00000000000000d8       0x68 ./Core/Src/main.o
 .debug_aranges
                0x0000000000000140       0x58 ./Core/Src/stm32f4xx_hal_msp.o
 .debug_aranges
                0x0000000000000198       0x30 ./Core/Src/stm32f4xx_hal_timebase_tim.o
 .debug_aranges
                0x00000000000001c8       0x80 ./Core/Src/stm32f4xx_it.o
 .debug_aranges
                0x0000000000000248       0x28 ./Core/Src/system_stm32f4xx.o
 .debug_aranges
                0x0000000000000270       0x28 ./Core/Startup/startup_stm32f401retx.o
 .debug_aranges
                0x0000000000000298       0xf0 ./Drivers/STM32F4xx_HAL_Driver/Src/stm32f4xx_hal.o
 .debug_aranges
                0x0000000000000388       0xe8 ./Drivers/STM32F4xx_HAL_Driver/Src/stm32f4xx_hal_adc.o
 .debug_aranges
                0x0000000000000470      0x118 ./Drivers/STM32F4xx_HAL_Driver/Src/stm32f4xx_hal_cortex.o
 .debug_aranges
                0x0000000000000588       0x90 ./Drivers/STM32F4xx_HAL_Driver/Src/stm32f4xx_hal_dma.o
 .debug_aranges
                0x0000000000000618       0x58 ./Drivers/STM32F4xx_HAL_Driver/Src/stm32f4xx_hal_gpio.o
 .debug_aranges
                0x0000000000000670      0x2a0 ./Drivers/STM32F4xx_HAL_Driver/Src/stm32f4xx_hal_i2c.o
 .debug_aranges
                0x0000000000000910       0x88 ./Drivers/STM32F4xx_HAL_Driver/Src/stm32f4xx_hal_rcc.o
 .debug_aranges
                0x0000000000000998      0x3d0 ./Drivers/STM32F4xx_HAL_Driver/Src/stm32f4xx_hal_tim.o
 .debug_aranges
                0x0000000000000d68      0x168 ./Drivers/STM32F4xx_HAL_Driver/Src/stm32f4xx_hal_tim_ex.o
 .debug_aranges
                0x0000000000000ed0       0x40 ./Drivers/STM32F4xx_HAL_Driver/Src/stm32f4xx_hal_wwdg.o
 .debug_aranges
                0x0000000000000f10       0x38 ./OS/Src/monitor.o
 .debug_aranges
                0x0000000000000f48       0x78 ./OS/Src/scheduler.o
 .debug_aranges
                0x0000000000000fc0       0x48 ./OS/Src/system.o

.debug_ranges   0x0000000000000000      0xea8
 .debug_ranges  0x0000000000000000       0x28 ./App/Src/pin_functions_stm32f401.o
 .debug_ranges  0x0000000000000028       0x18 ./App/Src/task-audio-processing.o
 .debug_ranges  0x0000000000000040       0x18 ./App/Src/task-heartbeat.o
 .debug_ranges  0x0000000000000058       0x18 ./App/Src/task-pulsador-falla.o
 .debug_ranges  0x0000000000000070       0x18 ./App/Src/task-watchdog.o
 .debug_ranges  0x0000000000000088       0x58 ./Core/Src/main.o
 .debug_ranges  0x00000000000000e0       0x48 ./Core/Src/stm32f4xx_hal_msp.o
 .debug_ranges  0x0000000000000128       0x20 ./Core/Src/stm32f4xx_hal_timebase_tim.o
 .debug_ranges  0x0000000000000148       0x70 ./Core/Src/stm32f4xx_it.o
 .debug_ranges  0x00000000000001b8       0x18 ./Core/Src/system_stm32f4xx.o
 .debug_ranges  0x00000000000001d0       0x20 ./Core/Startup/startup_stm32f401retx.o
 .debug_ranges  0x00000000000001f0       0xe0 ./Drivers/STM32F4xx_HAL_Driver/Src/stm32f4xx_hal.o
 .debug_ranges  0x00000000000002d0       0xd8 ./Drivers/STM32F4xx_HAL_Driver/Src/stm32f4xx_hal_adc.o
 .debug_ranges  0x00000000000003a8      0x108 ./Drivers/STM32F4xx_HAL_Driver/Src/stm32f4xx_hal_cortex.o
 .debug_ranges  0x00000000000004b0       0x80 ./Drivers/STM32F4xx_HAL_Driver/Src/stm32f4xx_hal_dma.o
 .debug_ranges  0x0000000000000530       0x48 ./Drivers/STM32F4xx_HAL_Driver/Src/stm32f4xx_hal_gpio.o
 .debug_ranges  0x0000000000000578      0x2a8 ./Drivers/STM32F4xx_HAL_Driver/Src/stm32f4xx_hal_i2c.o
 .debug_ranges  0x0000000000000820       0x78 ./Drivers/STM32F4xx_HAL_Driver/Src/stm32f4xx_hal_rcc.o
 .debug_ranges  0x0000000000000898      0x3c0 ./Drivers/STM32F4xx_HAL_Driver/Src/stm32f4xx_hal_tim.o
 .debug_ranges  0x0000000000000c58      0x158 ./Drivers/STM32F4xx_HAL_Driver/Src/stm32f4xx_hal_tim_ex.o
 .debug_ranges  0x0000000000000db0       0x30 ./Drivers/STM32F4xx_HAL_Driver/Src/stm32f4xx_hal_wwdg.o
 .debug_ranges  0x0000000000000de0       0x28 ./OS/Src/monitor.o
 .debug_ranges  0x0000000000000e08       0x68 ./OS/Src/scheduler.o
 .debug_ranges  0x0000000000000e70       0x38 ./OS/Src/system.o

.debug_macro    0x0000000000000000    0x18ee6
 .debug_macro   0x0000000000000000      0x376 ./App/Src/pin_functions_stm32f401.o
 .debug_macro   0x0000000000000376      0x2a7 ./App/Src/pin_functions_stm32f401.o
 .debug_macro   0x000000000000061d       0x2e ./App/Src/pin_functions_stm32f401.o
 .debug_macro   0x000000000000064b       0x28 ./App/Src/pin_functions_stm32f401.o
 .debug_macro   0x0000000000000673       0x22 ./App/Src/pin_functions_stm32f401.o
 .debug_macro   0x0000000000000695       0x8e ./App/Src/pin_functions_stm32f401.o
 .debug_macro   0x0000000000000723       0x51 ./App/Src/pin_functions_stm32f401.o
 .debug_macro   0x0000000000000774      0x103 ./App/Src/pin_functions_stm32f401.o
 .debug_macro   0x0000000000000877       0x6a ./App/Src/pin_functions_stm32f401.o
 .debug_macro   0x00000000000008e1      0x1df ./App/Src/pin_functions_stm32f401.o
 .debug_macro   0x0000000000000ac0       0x1c ./App/Src/pin_functions_stm32f401.o
 .debug_macro   0x0000000000000adc       0x22 ./App/Src/pin_functions_stm32f401.o
 .debug_macro   0x0000000000000afe       0xd9 ./App/Src/pin_functions_stm32f401.o
 .debug_macro   0x0000000000000bd7     0x102d ./App/Src/pin_functions_stm32f401.o
 .debug_macro   0x0000000000001c04      0x11f ./App/Src/pin_functions_stm32f401.o
 .debug_macro   0x0000000000001d23     0xb86c ./App/Src/pin_functions_stm32f401.o
 .debug_macro   0x000000000000d58f       0x6d ./App/Src/pin_functions_stm32f401.o
 .debug_macro   0x000000000000d5fc     0x367e ./App/Src/pin_functions_stm32f401.o
 .debug_macro   0x0000000000010c7a      0x174 ./App/Src/pin_functions_stm32f401.o
 .debug_macro   0x0000000000010dee       0x5c ./App/Src/pin_functions_stm32f401.o
 .debug_macro   0x0000000000010e4a      0x416 ./App/Src/pin_functions_stm32f401.o
 .debug_macro   0x0000000000011260      0x9fe ./App/Src/pin_functions_stm32f401.o
 .debug_macro   0x0000000000011c5e      0x115 ./App/Src/pin_functions_stm32f401.o
 .debug_macro   0x0000000000011d73       0xf8 ./App/Src/pin_functions_stm32f401.o
 .debug_macro   0x0000000000011e6b       0xa5 ./App/Src/pin_functions_stm32f401.o
 .debug_macro   0x0000000000011f10      0x15f ./App/Src/pin_functions_stm32f401.o
 .debug_macro   0x000000000001206f      0x287 ./App/Src/pin_functions_stm32f401.o
 .debug_macro   0x00000000000122f6       0x5f ./App/Src/pin_functions_stm32f401.o
 .debug_macro   0x0000000000012355      0x236 ./App/Src/pin_functions_stm32f401.o
 .debug_macro   0x000000000001258b      0x9e1 ./App/Src/pin_functions_stm32f401.o
 .debug_macro   0x0000000000012f6c      0x38b ./App/Src/pin_functions_stm32f401.o
 .debug_macro   0x00000000000132f7      0x176 ./App/Src/pin_functions_stm32f401.o
 .debug_macro   0x000000000001346d       0xf9 ./App/Src/pin_functions_stm32f401.o
 .debug_macro   0x0000000000013566      0x132 ./App/Src/pin_functions_stm32f401.o
 .debug_macro   0x0000000000013698      0x264 ./App/Src/pin_functions_stm32f401.o
 .debug_macro   0x00000000000138fc       0x2e ./App/Src/pin_functions_stm32f401.o
 .debug_macro   0x000000000001392a      0x1b5 ./App/Src/pin_functions_stm32f401.o
 .debug_macro   0x0000000000013adf       0x22 ./App/Src/pin_functions_stm32f401.o
 .debug_macro   0x0000000000013b01       0xd6 ./App/Src/pin_functions_stm32f401.o
 .debug_macro   0x0000000000013bd7      0x11a ./App/Src/pin_functions_stm32f401.o
 .debug_macro   0x0000000000013cf1       0x85 ./App/Src/pin_functions_stm32f401.o
 .debug_macro   0x0000000000013d76       0x89 ./App/Src/pin_functions_stm32f401.o
 .debug_macro   0x0000000000013dff      0x8e6 ./App/Src/pin_functions_stm32f401.o
 .debug_macro   0x00000000000146e5       0x47 ./App/Src/pin_functions_stm32f401.o
 .debug_macro   0x000000000001472c       0x8d ./App/Src/pin_functions_stm32f401.o
 .debug_macro   0x00000000000147b9      0x126 ./App/Src/pin_functions_stm32f401.o
 .debug_macro   0x00000000000148df       0x1e ./App/Src/pin_functions_stm32f401.o
 .debug_macro   0x00000000000148fd       0x52 ./App/Src/pin_functions_stm32f401.o
 .debug_macro   0x000000000001494f       0x3c ./App/Src/pin_functions_stm32f401.o
 .debug_macro   0x000000000001498b       0x34 ./App/Src/pin_functions_stm32f401.o
 .debug_macro   0x00000000000149bf       0x16 ./App/Src/pin_functions_stm32f401.o
 .debug_macro   0x00000000000149d5       0x35 ./App/Src/pin_functions_stm32f401.o
 .debug_macro   0x0000000000014a0a       0x16 ./App/Src/pin_functions_stm32f401.o
 .debug_macro   0x0000000000014a20       0x43 ./App/Src/pin_functions_stm32f401.o
 .debug_macro   0x0000000000014a63       0x34 ./App/Src/pin_functions_stm32f401.o
 .debug_macro   0x0000000000014a97       0x10 ./App/Src/pin_functions_stm32f401.o
 .debug_macro   0x0000000000014aa7       0x58 ./App/Src/pin_functions_stm32f401.o
 .debug_macro   0x0000000000014aff       0x71 ./App/Src/pin_functions_stm32f401.o
 .debug_macro   0x0000000000014b70       0x1c ./App/Src/pin_functions_stm32f401.o
 .debug_macro   0x0000000000014b8c      0x12a ./App/Src/pin_functions_stm32f401.o
 .debug_macro   0x0000000000014cb6      0x341 ./App/Src/pin_functions_stm32f401.o
 .debug_macro   0x0000000000014ff7       0x16 ./App/Src/pin_functions_stm32f401.o
 .debug_macro   0x000000000001500d       0x29 ./App/Src/pin_functions_stm32f401.o
 .debug_macro   0x0000000000015036       0xd0 ./App/Src/pin_functions_stm32f401.o
 .debug_macro   0x0000000000015106       0x28 ./App/Src/pin_functions_stm32f401.o
 .debug_macro   0x000000000001512e       0x22 ./App/Src/pin_functions_stm32f401.o
 .debug_macro   0x0000000000015150       0x28 ./App/Src/pin_functions_stm32f401.o
 .debug_macro   0x0000000000015178       0x70 ./App/Src/pin_functions_stm32f401.o
 .debug_macro   0x00000000000151e8      0x382 ./App/Src/task-audio-processing.o
 .debug_macro   0x000000000001556a      0x376 ./App/Src/task-heartbeat.o
 .debug_macro   0x00000000000158e0      0x376 ./App/Src/task-pulsador-falla.o
 .debug_macro   0x0000000000015c56      0x37c ./App/Src/task-watchdog.o
 .debug_macro   0x0000000000015fd2      0x3a2 ./Core/Src/main.o
 .debug_macro   0x0000000000016374      0x372 ./Core/Src/stm32f4xx_hal_msp.o
 .debug_macro   0x00000000000166e6      0x20f ./Core/Src/stm32f4xx_hal_timebase_tim.o
 .debug_macro   0x00000000000168f5      0x37c ./Core/Src/stm32f4xx_it.o
 .debug_macro   0x0000000000016c71      0x20f ./Core/Src/system_stm32f4xx.o
 .debug_macro   0x0000000000016e80      0x26f ./Drivers/STM32F4xx_HAL_Driver/Src/stm32f4xx_hal.o
 .debug_macro   0x00000000000170ef      0x210 ./Drivers/STM32F4xx_HAL_Driver/Src/stm32f4xx_hal_adc.o
 .debug_macro   0x00000000000172ff      0x20f ./Drivers/STM32F4xx_HAL_Driver/Src/stm32f4xx_hal_cortex.o
 .debug_macro   0x000000000001750e      0x215 ./Drivers/STM32F4xx_HAL_Driver/Src/stm32f4xx_hal_dma.o
 .debug_macro   0x0000000000017723      0x215 ./Drivers/STM32F4xx_HAL_Driver/Src/stm32f4xx_hal_gpio.o
 .debug_macro   0x0000000000017938      0x256 ./Drivers/STM32F4xx_HAL_Driver/Src/stm32f4xx_hal_i2c.o
 .debug_macro   0x0000000000017b8e      0x233 ./Drivers/STM32F4xx_HAL_Driver/Src/stm32f4xx_hal_rcc.o
 .debug_macro   0x0000000000017dc1      0x210 ./Drivers/STM32F4xx_HAL_Driver/Src/stm32f4xx_hal_tim.o
 .debug_macro   0x0000000000017fd1      0x20f ./Drivers/STM32F4xx_HAL_Driver/Src/stm32f4xx_hal_tim_ex.o
 .debug_macro   0x00000000000181e0      0x210 ./Drivers/STM32F4xx_HAL_Driver/Src/stm32f4xx_hal_wwdg.o
 .debug_macro   0x00000000000183f0      0x376 ./OS/Src/monitor.o
 .debug_macro   0x0000000000018766      0x3b2 ./OS/Src/scheduler.o
 .debug_macro   0x0000000000018b18       0x1c ./OS/Src/scheduler.o
 .debug_macro   0x0000000000018b34       0x16 ./OS/Src/scheduler.o
 .debug_macro   0x0000000000018b4a       0x20 ./OS/Src/scheduler.o
 .debug_macro   0x0000000000018b6a      0x37c ./OS/Src/system.o

.debug_line     0x0000000000000000    0x168df
 .debug_line    0x0000000000000000      0xa46 ./App/Src/pin_functions_stm32f401.o
 .debug_line    0x0000000000000a46      0xa80 ./App/Src/task-audio-processing.o
 .debug_line    0x00000000000014c6      0xa02 ./App/Src/task-heartbeat.o
 .debug_line    0x0000000000001ec8      0xa6b ./App/Src/task-pulsador-falla.o
 .debug_line    0x0000000000002933      0x9fb ./App/Src/task-watchdog.o
 .debug_line    0x000000000000332e      0xbd5 ./Core/Src/main.o
 .debug_line    0x0000000000003f03      0xb07 ./Core/Src/stm32f4xx_hal_msp.o
 .debug_line    0x0000000000004a0a      0x7ae ./Core/Src/stm32f4xx_hal_timebase_tim.o
 .debug_line    0x00000000000051b8      0xb13 ./Core/Src/stm32f4xx_it.o
 .debug_line    0x0000000000005ccb      0x7c1 ./Core/Src/system_stm32f4xx.o
 .debug_line    0x000000000000648c       0x88 ./Core/Startup/startup_stm32f401retx.o
 .debug_line    0x0000000000006514      0xa27 ./Drivers/STM32F4xx_HAL_Driver/Src/stm32f4xx_hal.o
 .debug_line    0x0000000000006f3b     0x11d1 ./Drivers/STM32F4xx_HAL_Driver/Src/stm32f4xx_hal_adc.o
 .debug_line    0x000000000000810c      0xcd6 ./Drivers/STM32F4xx_HAL_Driver/Src/stm32f4xx_hal_cortex.o
 .debug_line    0x0000000000008de2      0xf8b ./Drivers/STM32F4xx_HAL_Driver/Src/stm32f4xx_hal_dma.o
 .debug_line    0x0000000000009d6d      0xb5f ./Drivers/STM32F4xx_HAL_Driver/Src/stm32f4xx_hal_gpio.o
 .debug_line    0x000000000000a8cc     0x39dc ./Drivers/STM32F4xx_HAL_Driver/Src/stm32f4xx_hal_i2c.o
 .debug_line    0x000000000000e2a8      0xda3 ./Drivers/STM32F4xx_HAL_Driver/Src/stm32f4xx_hal_rcc.o
 .debug_line    0x000000000000f04b     0x34f5 ./Drivers/STM32F4xx_HAL_Driver/Src/stm32f4xx_hal_tim.o
 .debug_line    0x0000000000012540     0x19bf ./Drivers/STM32F4xx_HAL_Driver/Src/stm32f4xx_hal_tim_ex.o
 .debug_line    0x0000000000013eff      0x7c1 ./Drivers/STM32F4xx_HAL_Driver/Src/stm32f4xx_hal_wwdg.o
 .debug_line    0x00000000000146c0      0xa7d ./OS/Src/monitor.o
 .debug_line    0x000000000001513d      0xcfd ./OS/Src/scheduler.o
 .debug_line    0x0000000000015e3a      0xaa5 ./OS/Src/system.o

.debug_str      0x0000000000000000    0x99546
 .debug_str     0x0000000000000000    0x94a3b ./App/Src/pin_functions_stm32f401.o
                                      0x94cec (size before relaxing)
 .debug_str     0x0000000000094a3b      0x451 ./App/Src/task-audio-processing.o
                                      0x950a9 (size before relaxing)
 .debug_str     0x0000000000094e8c       0x3c ./App/Src/task-heartbeat.o
                                      0x94c2b (size before relaxing)
 .debug_str     0x0000000000094ec8       0x9e ./App/Src/task-pulsador-falla.o
                                      0x94cb5 (size before relaxing)
 .debug_str     0x0000000000094f66       0x90 ./App/Src/task-watchdog.o
                                      0x94c7c (size before relaxing)
 .debug_str     0x0000000000094ff6      0xde3 ./Core/Src/main.o
                                      0x95f55 (size before relaxing)
 .debug_str     0x0000000000095dd9      0x11e ./Core/Src/stm32f4xx_hal_msp.o
                                      0x95bea (size before relaxing)
 .debug_str     0x0000000000095ef7       0xe5 ./Core/Src/stm32f4xx_hal_timebase_tim.o
                                      0x9225d (size before relaxing)
 .debug_str     0x0000000000095fdc      0x14a ./Core/Src/stm32f4xx_it.o
                                      0x95284 (size before relaxing)
 .debug_str     0x0000000000096126       0xdb ./Core/Src/system_stm32f4xx.o
                                      0x918d8 (size before relaxing)
 .debug_str     0x0000000000096201       0x36 ./Core/Startup/startup_stm32f401retx.o
                                         0x72 (size before relaxing)
 .debug_str     0x0000000000096237      0x5b6 ./Drivers/STM32F4xx_HAL_Driver/Src/stm32f4xx_hal.o
                                      0x922fa (size before relaxing)
 .debug_str     0x00000000000967ed      0x2a8 ./Drivers/STM32F4xx_HAL_Driver/Src/stm32f4xx_hal_adc.o
                                      0x91eb3 (size before relaxing)
 .debug_str     0x0000000000096a95      0x326 ./Drivers/STM32F4xx_HAL_Driver/Src/stm32f4xx_hal_cortex.o
                                      0x9201b (size before relaxing)
 .debug_str     0x0000000000096dbb      0x2d5 ./Drivers/STM32F4xx_HAL_Driver/Src/stm32f4xx_hal_dma.o
                                      0x91ce0 (size before relaxing)
 .debug_str     0x0000000000097090       0xfd ./Drivers/STM32F4xx_HAL_Driver/Src/stm32f4xx_hal_gpio.o
                                      0x91a53 (size before relaxing)
 .debug_str     0x000000000009718d      0xab1 ./Drivers/STM32F4xx_HAL_Driver/Src/stm32f4xx_hal_i2c.o
                                      0x92896 (size before relaxing)
 .debug_str     0x0000000000097c3e      0x1dd ./Drivers/STM32F4xx_HAL_Driver/Src/stm32f4xx_hal_rcc.o
                                      0x91d0c (size before relaxing)
 .debug_str     0x0000000000097e1b      0xdf3 ./Drivers/STM32F4xx_HAL_Driver/Src/stm32f4xx_hal_tim.o
                                      0x92c40 (size before relaxing)
 .debug_str     0x0000000000098c0e      0x503 ./Drivers/STM32F4xx_HAL_Driver/Src/stm32f4xx_hal_tim_ex.o
                                      0x9245c (size before relaxing)
 .debug_str     0x0000000000099111       0x64 ./Drivers/STM32F4xx_HAL_Driver/Src/stm32f4xx_hal_wwdg.o
                                      0x9181b (size before relaxing)
 .debug_str     0x0000000000099175      0x15d ./OS/Src/monitor.o
                                      0x952da (size before relaxing)
 .debug_str     0x00000000000992d2      0x216 ./OS/Src/scheduler.o
                                      0x953af (size before relaxing)
 .debug_str     0x00000000000994e8       0x5e ./OS/Src/system.o
                                      0x94e9d (size before relaxing)

.comment        0x0000000000000000       0x50
 .comment       0x0000000000000000       0x50 ./App/Src/pin_functions_stm32f401.o
                                         0x51 (size before relaxing)
 .comment       0x0000000000000050       0x51 ./App/Src/task-audio-processing.o
 .comment       0x0000000000000050       0x51 ./App/Src/task-heartbeat.o
 .comment       0x0000000000000050       0x51 ./App/Src/task-pulsador-falla.o
 .comment       0x0000000000000050       0x51 ./App/Src/task-watchdog.o
 .comment       0x0000000000000050       0x51 ./Core/Src/main.o
 .comment       0x0000000000000050       0x51 ./Core/Src/stm32f4xx_hal_msp.o
 .comment       0x0000000000000050       0x51 ./Core/Src/stm32f4xx_hal_timebase_tim.o
 .comment       0x0000000000000050       0x51 ./Core/Src/stm32f4xx_it.o
 .comment       0x0000000000000050       0x51 ./Core/Src/system_stm32f4xx.o
 .comment       0x0000000000000050       0x51 ./Drivers/STM32F4xx_HAL_Driver/Src/stm32f4xx_hal.o
 .comment       0x0000000000000050       0x51 ./Drivers/STM32F4xx_HAL_Driver/Src/stm32f4xx_hal_adc.o
 .comment       0x0000000000000050       0x51 ./Drivers/STM32F4xx_HAL_Driver/Src/stm32f4xx_hal_cortex.o
 .comment       0x0000000000000050       0x51 ./Drivers/STM32F4xx_HAL_Driver/Src/stm32f4xx_hal_dma.o
 .comment       0x0000000000000050       0x51 ./Drivers/STM32F4xx_HAL_Driver/Src/stm32f4xx_hal_gpio.o
 .comment       0x0000000000000050       0x51 ./Drivers/STM32F4xx_HAL_Driver/Src/stm32f4xx_hal_i2c.o
 .comment       0x0000000000000050       0x51 ./Drivers/STM32F4xx_HAL_Driver/Src/stm32f4xx_hal_rcc.o
 .comment       0x0000000000000050       0x51 ./Drivers/STM32F4xx_HAL_Driver/Src/stm32f4xx_hal_tim.o
 .comment       0x0000000000000050       0x51 ./Drivers/STM32F4xx_HAL_Driver/Src/stm32f4xx_hal_tim_ex.o
 .comment       0x0000000000000050       0x51 ./Drivers/STM32F4xx_HAL_Driver/Src/stm32f4xx_hal_wwdg.o
 .comment       0x0000000000000050       0x51 ./OS/Src/monitor.o
 .comment       0x0000000000000050       0x51 ./OS/Src/scheduler.o
 .comment       0x0000000000000050       0x51 ./OS/Src/system.o

.debug_frame    0x0000000000000000     0x4124
 .debug_frame   0x0000000000000000       0xa0 ./App/Src/pin_functions_stm32f401.o
 .debug_frame   0x00000000000000a0       0x58 ./App/Src/task-audio-processing.o
 .debug_frame   0x00000000000000f8       0x48 ./App/Src/task-heartbeat.o
 .debug_frame   0x0000000000000140       0x54 ./App/Src/task-pulsador-falla.o
 .debug_frame   0x0000000000000194       0x4c ./App/Src/task-watchdog.o
 .debug_frame   0x00000000000001e0      0x150 ./Core/Src/main.o
 .debug_frame   0x0000000000000330      0x130 ./Core/Src/stm32f4xx_hal_msp.o
 .debug_frame   0x0000000000000460       0x74 ./Core/Src/stm32f4xx_hal_timebase_tim.o
 .debug_frame   0x00000000000004d4      0x174 ./Core/Src/stm32f4xx_it.o
 .debug_frame   0x0000000000000648       0x58 ./Core/Src/system_stm32f4xx.o
 .debug_frame   0x00000000000006a0      0x374 ./Drivers/STM32F4xx_HAL_Driver/Src/stm32f4xx_hal.o
 .debug_frame   0x0000000000000a14      0x3fc ./Drivers/STM32F4xx_HAL_Driver/Src/stm32f4xx_hal_adc.o
 .debug_frame   0x0000000000000e10      0x498 ./Drivers/STM32F4xx_HAL_Driver/Src/stm32f4xx_hal_cortex.o
 .debug_frame   0x00000000000012a8      0x250 ./Drivers/STM32F4xx_HAL_Driver/Src/stm32f4xx_hal_dma.o
 .debug_frame   0x00000000000014f8      0x14c ./Drivers/STM32F4xx_HAL_Driver/Src/stm32f4xx_hal_gpio.o
 .debug_frame   0x0000000000001644      0xc5c ./Drivers/STM32F4xx_HAL_Driver/Src/stm32f4xx_hal_i2c.o
 .debug_frame   0x00000000000022a0      0x1f4 ./Drivers/STM32F4xx_HAL_Driver/Src/stm32f4xx_hal_rcc.o
 .debug_frame   0x0000000000002494     0x11bc ./Drivers/STM32F4xx_HAL_Driver/Src/stm32f4xx_hal_tim.o
 .debug_frame   0x0000000000003650      0x638 ./Drivers/STM32F4xx_HAL_Driver/Src/stm32f4xx_hal_tim_ex.o
 .debug_frame   0x0000000000003c88       0xd0 ./Drivers/STM32F4xx_HAL_Driver/Src/stm32f4xx_hal_wwdg.o
 .debug_frame   0x0000000000003d58       0x98 ./OS/Src/monitor.o
 .debug_frame   0x0000000000003df0      0x1b0 ./OS/Src/scheduler.o
 .debug_frame   0x0000000000003fa0       0xd8 ./OS/Src/system.o
 .debug_frame   0x0000000000004078       0x2c d:/stm32/stm32cubeide_1.10.0/stm32cubeide/plugins/com.st.stm32cube.ide.mcu.externaltools.gnu-tools-for-stm32.10.3-2021.10.win32_1.0.0.202111181127/tools/bin/../lib/gcc/arm-none-eabi/10.3.1/../../../../arm-none-eabi/lib/thumb/v7e-m+fp/hard\libc_nano.a(lib_a-init.o)
 .debug_frame   0x00000000000040a4       0x20 d:/stm32/stm32cubeide_1.10.0/stm32cubeide/plugins/com.st.stm32cube.ide.mcu.externaltools.gnu-tools-for-stm32.10.3-2021.10.win32_1.0.0.202111181127/tools/bin/../lib/gcc/arm-none-eabi/10.3.1/../../../../arm-none-eabi/lib/thumb/v7e-m+fp/hard\libc_nano.a(lib_a-memset.o)
 .debug_frame   0x00000000000040c4       0x2c d:/stm32/stm32cubeide_1.10.0/stm32cubeide/plugins/com.st.stm32cube.ide.mcu.externaltools.gnu-tools-for-stm32.10.3-2021.10.win32_1.0.0.202111181127/tools/bin/../lib/gcc/arm-none-eabi/10.3.1/thumb/v7e-m+fp/hard\libgcc.a(_aeabi_uldivmod.o)
 .debug_frame   0x00000000000040f0       0x34 d:/stm32/stm32cubeide_1.10.0/stm32cubeide/plugins/com.st.stm32cube.ide.mcu.externaltools.gnu-tools-for-stm32.10.3-2021.10.win32_1.0.0.202111181127/tools/bin/../lib/gcc/arm-none-eabi/10.3.1/thumb/v7e-m+fp/hard\libgcc.a(_udivmoddi4.o)
