Archive member included to satisfy reference by file (symbol)

d:/stm32/stm32cubeide_1.10.0/stm32cubeide/plugins/com.st.stm32cube.ide.mcu.externaltools.gnu-tools-for-stm32.10.3-2021.10.win32_1.0.0.202111181127/tools/bin/../lib/gcc/arm-none-eabi/10.3.1/../../../../arm-none-eabi/lib/thumb/v7e-m+fp/hard\libc_nano.a(lib_a-errno.o)
                              ./Core/Src/syscalls.o (__errno)
d:/stm32/stm32cubeide_1.10.0/stm32cubeide/plugins/com.st.stm32cube.ide.mcu.externaltools.gnu-tools-for-stm32.10.3-2021.10.win32_1.0.0.202111181127/tools/bin/../lib/gcc/arm-none-eabi/10.3.1/../../../../arm-none-eabi/lib/thumb/v7e-m+fp/hard\libc_nano.a(lib_a-exit.o)
                              d:/stm32/stm32cubeide_1.10.0/stm32cubeide/plugins/com.st.stm32cube.ide.mcu.externaltools.gnu-tools-for-stm32.10.3-2021.10.win32_1.0.0.202111181127/tools/bin/../lib/gcc/arm-none-eabi/10.3.1/../../../../arm-none-eabi/lib/thumb/v7e-m+fp/hard/crt0.o (exit)
d:/stm32/stm32cubeide_1.10.0/stm32cubeide/plugins/com.st.stm32cube.ide.mcu.externaltools.gnu-tools-for-stm32.10.3-2021.10.win32_1.0.0.202111181127/tools/bin/../lib/gcc/arm-none-eabi/10.3.1/../../../../arm-none-eabi/lib/thumb/v7e-m+fp/hard\libc_nano.a(lib_a-impure.o)
                              d:/stm32/stm32cubeide_1.10.0/stm32cubeide/plugins/com.st.stm32cube.ide.mcu.externaltools.gnu-tools-for-stm32.10.3-2021.10.win32_1.0.0.202111181127/tools/bin/../lib/gcc/arm-none-eabi/10.3.1/../../../../arm-none-eabi/lib/thumb/v7e-m+fp/hard\libc_nano.a(lib_a-exit.o) (_global_impure_ptr)
d:/stm32/stm32cubeide_1.10.0/stm32cubeide/plugins/com.st.stm32cube.ide.mcu.externaltools.gnu-tools-for-stm32.10.3-2021.10.win32_1.0.0.202111181127/tools/bin/../lib/gcc/arm-none-eabi/10.3.1/../../../../arm-none-eabi/lib/thumb/v7e-m+fp/hard\libc_nano.a(lib_a-init.o)
                              d:/stm32/stm32cubeide_1.10.0/stm32cubeide/plugins/com.st.stm32cube.ide.mcu.externaltools.gnu-tools-for-stm32.10.3-2021.10.win32_1.0.0.202111181127/tools/bin/../lib/gcc/arm-none-eabi/10.3.1/../../../../arm-none-eabi/lib/thumb/v7e-m+fp/hard/crt0.o (__libc_init_array)
d:/stm32/stm32cubeide_1.10.0/stm32cubeide/plugins/com.st.stm32cube.ide.mcu.externaltools.gnu-tools-for-stm32.10.3-2021.10.win32_1.0.0.202111181127/tools/bin/../lib/gcc/arm-none-eabi/10.3.1/../../../../arm-none-eabi/lib/thumb/v7e-m+fp/hard\libc_nano.a(lib_a-itoa.o)
                              ./App/Src/i2c-display.o (itoa)
d:/stm32/stm32cubeide_1.10.0/stm32cubeide/plugins/com.st.stm32cube.ide.mcu.externaltools.gnu-tools-for-stm32.10.3-2021.10.win32_1.0.0.202111181127/tools/bin/../lib/gcc/arm-none-eabi/10.3.1/../../../../arm-none-eabi/lib/thumb/v7e-m+fp/hard\libc_nano.a(lib_a-memset.o)
                              d:/stm32/stm32cubeide_1.10.0/stm32cubeide/plugins/com.st.stm32cube.ide.mcu.externaltools.gnu-tools-for-stm32.10.3-2021.10.win32_1.0.0.202111181127/tools/bin/../lib/gcc/arm-none-eabi/10.3.1/../../../../arm-none-eabi/lib/thumb/v7e-m+fp/hard/crt0.o (memset)
d:/stm32/stm32cubeide_1.10.0/stm32cubeide/plugins/com.st.stm32cube.ide.mcu.externaltools.gnu-tools-for-stm32.10.3-2021.10.win32_1.0.0.202111181127/tools/bin/../lib/gcc/arm-none-eabi/10.3.1/../../../../arm-none-eabi/lib/thumb/v7e-m+fp/hard\libc_nano.a(lib_a-utoa.o)
                              d:/stm32/stm32cubeide_1.10.0/stm32cubeide/plugins/com.st.stm32cube.ide.mcu.externaltools.gnu-tools-for-stm32.10.3-2021.10.win32_1.0.0.202111181127/tools/bin/../lib/gcc/arm-none-eabi/10.3.1/../../../../arm-none-eabi/lib/thumb/v7e-m+fp/hard\libc_nano.a(lib_a-itoa.o) (__utoa)
d:/stm32/stm32cubeide_1.10.0/stm32cubeide/plugins/com.st.stm32cube.ide.mcu.externaltools.gnu-tools-for-stm32.10.3-2021.10.win32_1.0.0.202111181127/tools/bin/../lib/gcc/arm-none-eabi/10.3.1/thumb/v7e-m+fp/hard\libgcc.a(_aeabi_uldivmod.o)
                              ./Drivers/STM32F4xx_HAL_Driver/Src/stm32f4xx_hal_rcc.o (__aeabi_uldivmod)
d:/stm32/stm32cubeide_1.10.0/stm32cubeide/plugins/com.st.stm32cube.ide.mcu.externaltools.gnu-tools-for-stm32.10.3-2021.10.win32_1.0.0.202111181127/tools/bin/../lib/gcc/arm-none-eabi/10.3.1/thumb/v7e-m+fp/hard\libgcc.a(_udivmoddi4.o)
                              d:/stm32/stm32cubeide_1.10.0/stm32cubeide/plugins/com.st.stm32cube.ide.mcu.externaltools.gnu-tools-for-stm32.10.3-2021.10.win32_1.0.0.202111181127/tools/bin/../lib/gcc/arm-none-eabi/10.3.1/thumb/v7e-m+fp/hard\libgcc.a(_aeabi_uldivmod.o) (__udivmoddi4)
d:/stm32/stm32cubeide_1.10.0/stm32cubeide/plugins/com.st.stm32cube.ide.mcu.externaltools.gnu-tools-for-stm32.10.3-2021.10.win32_1.0.0.202111181127/tools/bin/../lib/gcc/arm-none-eabi/10.3.1/thumb/v7e-m+fp/hard\libgcc.a(_dvmd_tls.o)
                              d:/stm32/stm32cubeide_1.10.0/stm32cubeide/plugins/com.st.stm32cube.ide.mcu.externaltools.gnu-tools-for-stm32.10.3-2021.10.win32_1.0.0.202111181127/tools/bin/../lib/gcc/arm-none-eabi/10.3.1/thumb/v7e-m+fp/hard\libgcc.a(_aeabi_uldivmod.o) (__aeabi_ldiv0)

Discarded input sections

[...]
Memory Configuration

Name             Origin             Length             Attributes
RAM              0x0000000020000000 0x0000000000018000 xrw
FLASH            0x0000000008000000 0x0000000000080000 xr
*default*        0x0000000000000000 0xffffffffffffffff

Linker script and memory map

LOAD d:/stm32/stm32cubeide_1.10.0/stm32cubeide/plugins/com.st.stm32cube.ide.mcu.externaltools.gnu-tools-for-stm32.10.3-2021.10.win32_1.0.0.202111181127/tools/bin/../lib/gcc/arm-none-eabi/10.3.1/thumb/v7e-m+fp/hard/crti.o
LOAD d:/stm32/stm32cubeide_1.10.0/stm32cubeide/plugins/com.st.stm32cube.ide.mcu.externaltools.gnu-tools-for-stm32.10.3-2021.10.win32_1.0.0.202111181127/tools/bin/../lib/gcc/arm-none-eabi/10.3.1/thumb/v7e-m+fp/hard/crtbegin.o
LOAD d:/stm32/stm32cubeide_1.10.0/stm32cubeide/plugins/com.st.stm32cube.ide.mcu.externaltools.gnu-tools-for-stm32.10.3-2021.10.win32_1.0.0.202111181127/tools/bin/../lib/gcc/arm-none-eabi/10.3.1/../../../../arm-none-eabi/lib/thumb/v7e-m+fp/hard/crt0.o
LOAD ./App/Src/i2c-display.o
LOAD ./App/Src/pin_functions_stm32f401.o
LOAD ./App/Src/task-audio-processing.o
LOAD ./App/Src/task-display.o
LOAD ./App/Src/task-heartbeat.o
LOAD ./App/Src/task-mediciones.o
LOAD ./App/Src/task-pulsador-falla.o
LOAD ./App/Src/task-pulsador-medir.o
LOAD ./App/Src/task-watchdog.o
LOAD ./Core/Src/main.o
LOAD ./Core/Src/stm32f4xx_hal_msp.o
LOAD ./Core/Src/stm32f4xx_hal_timebase_tim.o
LOAD ./Core/Src/stm32f4xx_it.o
LOAD ./Core/Src/syscalls.o
LOAD ./Core/Src/sysmem.o
LOAD ./Core/Src/system_stm32f4xx.o
LOAD ./Core/Startup/startup_stm32f401retx.o
LOAD ./Drivers/STM32F4xx_HAL_Driver/Src/stm32f4xx_hal.o
LOAD ./Drivers/STM32F4xx_HAL_Driver/Src/stm32f4xx_hal_adc.o
LOAD ./Drivers/STM32F4xx_HAL_Driver/Src/stm32f4xx_hal_adc_ex.o
LOAD ./Drivers/STM32F4xx_HAL_Driver/Src/stm32f4xx_hal_cortex.o
LOAD ./Drivers/STM32F4xx_HAL_Driver/Src/stm32f4xx_hal_dma.o
LOAD ./Drivers/STM32F4xx_HAL_Driver/Src/stm32f4xx_hal_dma_ex.o
LOAD ./Drivers/STM32F4xx_HAL_Driver/Src/stm32f4xx_hal_exti.o
LOAD ./Drivers/STM32F4xx_HAL_Driver/Src/stm32f4xx_hal_flash.o
LOAD ./Drivers/STM32F4xx_HAL_Driver/Src/stm32f4xx_hal_flash_ex.o
LOAD ./Drivers/STM32F4xx_HAL_Driver/Src/stm32f4xx_hal_flash_ramfunc.o
LOAD ./Drivers/STM32F4xx_HAL_Driver/Src/stm32f4xx_hal_gpio.o
LOAD ./Drivers/STM32F4xx_HAL_Driver/Src/stm32f4xx_hal_i2c.o
LOAD ./Drivers/STM32F4xx_HAL_Driver/Src/stm32f4xx_hal_i2c_ex.o
LOAD ./Drivers/STM32F4xx_HAL_Driver/Src/stm32f4xx_hal_pwr.o
LOAD ./Drivers/STM32F4xx_HAL_Driver/Src/stm32f4xx_hal_pwr_ex.o
LOAD ./Drivers/STM32F4xx_HAL_Driver/Src/stm32f4xx_hal_rcc.o
LOAD ./Drivers/STM32F4xx_HAL_Driver/Src/stm32f4xx_hal_rcc_ex.o
LOAD ./Drivers/STM32F4xx_HAL_Driver/Src/stm32f4xx_hal_tim.o
LOAD ./Drivers/STM32F4xx_HAL_Driver/Src/stm32f4xx_hal_tim_ex.o
LOAD ./Drivers/STM32F4xx_HAL_Driver/Src/stm32f4xx_hal_wwdg.o
LOAD ./Drivers/STM32F4xx_HAL_Driver/Src/stm32f4xx_ll_adc.o
LOAD ./OS/Src/monitor.o
LOAD ./OS/Src/scheduler.o
LOAD ./OS/Src/system.o
START GROUP
LOAD d:/stm32/stm32cubeide_1.10.0/stm32cubeide/plugins/com.st.stm32cube.ide.mcu.externaltools.gnu-tools-for-stm32.10.3-2021.10.win32_1.0.0.202111181127/tools/bin/../lib/gcc/arm-none-eabi/10.3.1/../../../../arm-none-eabi/lib/thumb/v7e-m+fp/hard\libc_nano.a
LOAD d:/stm32/stm32cubeide_1.10.0/stm32cubeide/plugins/com.st.stm32cube.ide.mcu.externaltools.gnu-tools-for-stm32.10.3-2021.10.win32_1.0.0.202111181127/tools/bin/../lib/gcc/arm-none-eabi/10.3.1/../../../../arm-none-eabi/lib/thumb/v7e-m+fp/hard\libm.a
END GROUP
START GROUP
LOAD d:/stm32/stm32cubeide_1.10.0/stm32cubeide/plugins/com.st.stm32cube.ide.mcu.externaltools.gnu-tools-for-stm32.10.3-2021.10.win32_1.0.0.202111181127/tools/bin/../lib/gcc/arm-none-eabi/10.3.1/thumb/v7e-m+fp/hard\libgcc.a
LOAD d:/stm32/stm32cubeide_1.10.0/stm32cubeide/plugins/com.st.stm32cube.ide.mcu.externaltools.gnu-tools-for-stm32.10.3-2021.10.win32_1.0.0.202111181127/tools/bin/../lib/gcc/arm-none-eabi/10.3.1/../../../../arm-none-eabi/lib/thumb/v7e-m+fp/hard\libc_nano.a
END GROUP
START GROUP
LOAD d:/stm32/stm32cubeide_1.10.0/stm32cubeide/plugins/com.st.stm32cube.ide.mcu.externaltools.gnu-tools-for-stm32.10.3-2021.10.win32_1.0.0.202111181127/tools/bin/../lib/gcc/arm-none-eabi/10.3.1/thumb/v7e-m+fp/hard\libgcc.a
LOAD d:/stm32/stm32cubeide_1.10.0/stm32cubeide/plugins/com.st.stm32cube.ide.mcu.externaltools.gnu-tools-for-stm32.10.3-2021.10.win32_1.0.0.202111181127/tools/bin/../lib/gcc/arm-none-eabi/10.3.1/../../../../arm-none-eabi/lib/thumb/v7e-m+fp/hard\libc_nano.a
LOAD d:/stm32/stm32cubeide_1.10.0/stm32cubeide/plugins/com.st.stm32cube.ide.mcu.externaltools.gnu-tools-for-stm32.10.3-2021.10.win32_1.0.0.202111181127/tools/bin/../lib/gcc/arm-none-eabi/10.3.1/../../../../arm-none-eabi/lib/thumb/v7e-m+fp/hard\libnosys.a
END GROUP
START GROUP
LOAD d:/stm32/stm32cubeide_1.10.0/stm32cubeide/plugins/com.st.stm32cube.ide.mcu.externaltools.gnu-tools-for-stm32.10.3-2021.10.win32_1.0.0.202111181127/tools/bin/../lib/gcc/arm-none-eabi/10.3.1/thumb/v7e-m+fp/hard\libgcc.a
LOAD d:/stm32/stm32cubeide_1.10.0/stm32cubeide/plugins/com.st.stm32cube.ide.mcu.externaltools.gnu-tools-for-stm32.10.3-2021.10.win32_1.0.0.202111181127/tools/bin/../lib/gcc/arm-none-eabi/10.3.1/../../../../arm-none-eabi/lib/thumb/v7e-m+fp/hard\libc_nano.a
LOAD d:/stm32/stm32cubeide_1.10.0/stm32cubeide/plugins/com.st.stm32cube.ide.mcu.externaltools.gnu-tools-for-stm32.10.3-2021.10.win32_1.0.0.202111181127/tools/bin/../lib/gcc/arm-none-eabi/10.3.1/../../../../arm-none-eabi/lib/thumb/v7e-m+fp/hard\libnosys.a
END GROUP
LOAD d:/stm32/stm32cubeide_1.10.0/stm32cubeide/plugins/com.st.stm32cube.ide.mcu.externaltools.gnu-tools-for-stm32.10.3-2021.10.win32_1.0.0.202111181127/tools/bin/../lib/gcc/arm-none-eabi/10.3.1/thumb/v7e-m+fp/hard/crtend.o
LOAD d:/stm32/stm32cubeide_1.10.0/stm32cubeide/plugins/com.st.stm32cube.ide.mcu.externaltools.gnu-tools-for-stm32.10.3-2021.10.win32_1.0.0.202111181127/tools/bin/../lib/gcc/arm-none-eabi/10.3.1/thumb/v7e-m+fp/hard/crtn.o
                0x0000000020018000                _estack = (ORIGIN (RAM) + LENGTH (RAM))
                0x0000000000000200                _Min_Heap_Size = 0x200
                0x0000000000000400                _Min_Stack_Size = 0x400

.isr_vector     0x0000000008000000      0x194
                0x0000000008000000                . = ALIGN (0x4)
 *(.isr_vector)
 .isr_vector    0x0000000008000000      0x194 ./Core/Startup/startup_stm32f401retx.o
                0x0000000008000000                g_pfnVectors
                0x0000000008000194                . = ALIGN (0x4)

.text           0x0000000008000194     0x5064
                0x0000000008000194                . = ALIGN (0x4)
 *(.text)
 .text          0x0000000008000194       0x40 d:/stm32/stm32cubeide_1.10.0/stm32cubeide/plugins/com.st.stm32cube.ide.mcu.externaltools.gnu-tools-for-stm32.10.3-2021.10.win32_1.0.0.202111181127/tools/bin/../lib/gcc/arm-none-eabi/10.3.1/thumb/v7e-m+fp/hard/crtbegin.o
 .text          0x00000000080001d4       0x30 d:/stm32/stm32cubeide_1.10.0/stm32cubeide/plugins/com.st.stm32cube.ide.mcu.externaltools.gnu-tools-for-stm32.10.3-2021.10.win32_1.0.0.202111181127/tools/bin/../lib/gcc/arm-none-eabi/10.3.1/thumb/v7e-m+fp/hard\libgcc.a(_aeabi_uldivmod.o)
                0x00000000080001d4                __aeabi_uldivmod
 .text          0x0000000008000204      0x2d0 d:/stm32/stm32cubeide_1.10.0/stm32cubeide/plugins/com.st.stm32cube.ide.mcu.externaltools.gnu-tools-for-stm32.10.3-2021.10.win32_1.0.0.202111181127/tools/bin/../lib/gcc/arm-none-eabi/10.3.1/thumb/v7e-m+fp/hard\libgcc.a(_udivmoddi4.o)
                0x0000000008000204                __udivmoddi4
 .text          0x00000000080004d4        0x4 d:/stm32/stm32cubeide_1.10.0/stm32cubeide/plugins/com.st.stm32cube.ide.mcu.externaltools.gnu-tools-for-stm32.10.3-2021.10.win32_1.0.0.202111181127/tools/bin/../lib/gcc/arm-none-eabi/10.3.1/thumb/v7e-m+fp/hard\libgcc.a(_dvmd_tls.o)
                0x00000000080004d4                __aeabi_idiv0
                0x00000000080004d4                __aeabi_ldiv0
 *(.text*)
 .text.HD44780_Clear
                0x00000000080004d8       0x14 ./App/Src/i2c-display.o
                0x00000000080004d8                HD44780_Clear
 .text.HD44780_Home
                0x00000000080004ec       0x14 ./App/Src/i2c-display.o
                0x00000000080004ec                HD44780_Home
 .text.HD44780_SetCursor
                0x0000000008000500       0x64 ./App/Src/i2c-display.o
                0x0000000008000500                HD44780_SetCursor
 .text.HD44780_Display
                0x0000000008000564       0x2c ./App/Src/i2c-display.o
                0x0000000008000564                HD44780_Display
 .text.HD44780_NoCursor
                0x0000000008000590       0x2c ./App/Src/i2c-display.o
                0x0000000008000590                HD44780_NoCursor
 .text.HD44780_Cursor
                0x00000000080005bc       0x2c ./App/Src/i2c-display.o
                0x00000000080005bc                HD44780_Cursor
 .text.HD44780_PrintStr
                0x00000000080005e8       0x2a ./App/Src/i2c-display.o
                0x00000000080005e8                HD44780_PrintStr
 .text.SendCommand
                0x0000000008000612       0x1c ./App/Src/i2c-display.o
                0x0000000008000612                SendCommand
 .text.WriteValue
                0x000000000800062e       0x2a ./App/Src/i2c-display.o
                0x000000000800062e                WriteValue
 .text.SendChar
                0x0000000008000658       0x1c ./App/Src/i2c-display.o
                0x0000000008000658                SendChar
 .text.Send     0x0000000008000674       0x42 ./App/Src/i2c-display.o
                0x0000000008000674                Send
 .text.Write4Bits
                0x00000000080006b6       0x22 ./App/Src/i2c-display.o
                0x00000000080006b6                Write4Bits
 .text.ExpanderWrite
                0x00000000080006d8       0x38 ./App/Src/i2c-display.o
                0x00000000080006d8                ExpanderWrite
 .text.PulseEnable
                0x0000000008000710       0x2e ./App/Src/i2c-display.o
                0x0000000008000710                PulseEnable
 *fill*         0x000000000800073e        0x2 
 .text.DelayInit
                0x0000000008000740       0x54 ./App/Src/i2c-display.o
                0x0000000008000740                DelayInit
 .text.DelayUS  0x0000000008000794       0x50 ./App/Src/i2c-display.o
                0x0000000008000794                DelayUS
 .text.Pin_Config
                0x00000000080007e4       0x42 ./App/Src/pin_functions_stm32f401.o
                0x00000000080007e4                Pin_Config
 .text.Pin_Write
                0x0000000008000826       0x24 ./App/Src/pin_functions_stm32f401.o
                0x0000000008000826                Pin_Write
 .text.Pin_Toggle
                0x000000000800084a       0x1e ./App/Src/pin_functions_stm32f401.o
                0x000000000800084a                Pin_Toggle
 .text.Pin_Read
                0x0000000008000868       0x20 ./App/Src/pin_functions_stm32f401.o
                0x0000000008000868                Pin_Read
 .text.READ_ADC_Init
                0x0000000008000888       0x3c ./App/Src/task-audio-processing.o
                0x0000000008000888                READ_ADC_Init
 .text.READ_ADC_Update
                0x00000000080008c4       0xcc ./App/Src/task-audio-processing.o
                0x00000000080008c4                READ_ADC_Update
 .text.DISPLAY_Init
                0x0000000008000990       0xe0 ./App/Src/task-display.o
                0x0000000008000990                DISPLAY_Init
 .text.DISPLAY_Update
                0x0000000008000a70      0x16c ./App/Src/task-display.o
                0x0000000008000a70                DISPLAY_Update
 .text.HEARTBEAT_Init
                0x0000000008000bdc       0x18 ./App/Src/task-heartbeat.o
                0x0000000008000bdc                HEARTBEAT_Init
 .text.HEARTBEAT_Update
                0x0000000008000bf4       0x18 ./App/Src/task-heartbeat.o
                0x0000000008000bf4                HEARTBEAT_Update
 .text.MEDICIONES_Update
                0x0000000008000c0c       0xbc ./App/Src/task-mediciones.o
                0x0000000008000c0c                MEDICIONES_Update
 .text.ANTIRREBOTE_Init
                0x0000000008000cc8        0xe ./App/Src/task-pulsador-falla.o
                0x0000000008000cc8                ANTIRREBOTE_Init
 *fill*         0x0000000008000cd6        0x2 
 .text.ANTIRREBOTE_Update
                0x0000000008000cd8       0xc0 ./App/Src/task-pulsador-falla.o
                0x0000000008000cd8                ANTIRREBOTE_Update
 .text.PULSADOR_MEDIR_Init
                0x0000000008000d98       0x38 ./App/Src/task-pulsador-medir.o
                0x0000000008000d98                PULSADOR_MEDIR_Init
 .text.PULSADOR_MEDIR_Update
                0x0000000008000dd0       0xcc ./App/Src/task-pulsador-medir.o
                0x0000000008000dd0                PULSADOR_MEDIR_Update
 .text.WATCHDOG_Init
                0x0000000008000e9c        0xe ./App/Src/task-watchdog.o
                0x0000000008000e9c                WATCHDOG_Init
 *fill*         0x0000000008000eaa        0x2 
 .text.WATCHDOG_Update
                0x0000000008000eac       0x14 ./App/Src/task-watchdog.o
                0x0000000008000eac                WATCHDOG_Update
 .text.main     0x0000000008000ec0       0x50 ./Core/Src/main.o
                0x0000000008000ec0                main
 .text.SystemClock_Config
                0x0000000008000f10       0xd8 ./Core/Src/main.o
                0x0000000008000f10                SystemClock_Config
 .text.MX_ADC1_Init
                0x0000000008000fe8       0xa4 ./Core/Src/main.o
 .text.MX_I2C1_Init
                0x000000000800108c       0x5c ./Core/Src/main.o
 .text.MX_TIM11_Init
                0x00000000080010e8       0x48 ./Core/Src/main.o
 .text.MX_WWDG_Init
                0x0000000008001130       0x3c ./Core/Src/main.o
 .text.MX_DMA_Init
                0x000000000800116c       0x40 ./Core/Src/main.o
 .text.MX_GPIO_Init
                0x00000000080011ac      0x134 ./Core/Src/main.o
 .text.HAL_TIM_PeriodElapsedCallback
                0x00000000080012e0       0x34 ./Core/Src/main.o
                0x00000000080012e0                HAL_TIM_PeriodElapsedCallback
 .text.Error_Handler
                0x0000000008001314        0xa ./Core/Src/main.o
                0x0000000008001314                Error_Handler
 *fill*         0x000000000800131e        0x2 
 .text.HAL_MspInit
                0x0000000008001320       0x50 ./Core/Src/stm32f4xx_hal_msp.o
                0x0000000008001320                HAL_MspInit
 .text.HAL_ADC_MspInit
                0x0000000008001370       0xf0 ./Core/Src/stm32f4xx_hal_msp.o
                0x0000000008001370                HAL_ADC_MspInit
 .text.HAL_I2C_MspInit
                0x0000000008001460       0x90 ./Core/Src/stm32f4xx_hal_msp.o
                0x0000000008001460                HAL_I2C_MspInit
 .text.HAL_TIM_Base_MspInit
                0x00000000080014f0       0x50 ./Core/Src/stm32f4xx_hal_msp.o
                0x00000000080014f0                HAL_TIM_Base_MspInit
 .text.HAL_TIM_Base_MspDeInit
                0x0000000008001540       0x34 ./Core/Src/stm32f4xx_hal_msp.o
                0x0000000008001540                HAL_TIM_Base_MspDeInit
 .text.HAL_WWDG_MspInit
                0x0000000008001574       0x50 ./Core/Src/stm32f4xx_hal_msp.o
                0x0000000008001574                HAL_WWDG_MspInit
 .text.HAL_InitTick
                0x00000000080015c4       0xe8 ./Core/Src/stm32f4xx_hal_timebase_tim.o
                0x00000000080015c4                HAL_InitTick
 .text.NMI_Handler
                0x00000000080016ac        0x6 ./Core/Src/stm32f4xx_it.o
                0x00000000080016ac                NMI_Handler
 .text.HardFault_Handler
                0x00000000080016b2        0x6 ./Core/Src/stm32f4xx_it.o
                0x00000000080016b2                HardFault_Handler
 .text.MemManage_Handler
                0x00000000080016b8        0x6 ./Core/Src/stm32f4xx_it.o
                0x00000000080016b8                MemManage_Handler
 .text.BusFault_Handler
                0x00000000080016be        0x6 ./Core/Src/stm32f4xx_it.o
                0x00000000080016be                BusFault_Handler
 .text.UsageFault_Handler
                0x00000000080016c4        0x6 ./Core/Src/stm32f4xx_it.o
                0x00000000080016c4                UsageFault_Handler
 .text.SVC_Handler
                0x00000000080016ca        0xe ./Core/Src/stm32f4xx_it.o
                0x00000000080016ca                SVC_Handler
 .text.DebugMon_Handler
                0x00000000080016d8        0xe ./Core/Src/stm32f4xx_it.o
                0x00000000080016d8                DebugMon_Handler
 .text.PendSV_Handler
                0x00000000080016e6        0xe ./Core/Src/stm32f4xx_it.o
                0x00000000080016e6                PendSV_Handler
 .text.SysTick_Handler
                0x00000000080016f4        0xc ./Core/Src/stm32f4xx_it.o
                0x00000000080016f4                SysTick_Handler
 .text.WWDG_IRQHandler
                0x0000000008001700       0x14 ./Core/Src/stm32f4xx_it.o
                0x0000000008001700                WWDG_IRQHandler
 .text.TIM1_UP_TIM10_IRQHandler
                0x0000000008001714       0x14 ./Core/Src/stm32f4xx_it.o
                0x0000000008001714                TIM1_UP_TIM10_IRQHandler
 .text.TIM1_TRG_COM_TIM11_IRQHandler
                0x0000000008001728       0x14 ./Core/Src/stm32f4xx_it.o
                0x0000000008001728                TIM1_TRG_COM_TIM11_IRQHandler
 .text.DMA2_Stream0_IRQHandler
                0x000000000800173c       0x14 ./Core/Src/stm32f4xx_it.o
                0x000000000800173c                DMA2_Stream0_IRQHandler
 .text.SystemInit
                0x0000000008001750       0x24 ./Core/Src/system_stm32f4xx.o
                0x0000000008001750                SystemInit
 .text.Reset_Handler
                0x0000000008001774       0x50 ./Core/Startup/startup_stm32f401retx.o
                0x0000000008001774                Reset_Handler
 .text.Default_Handler
                0x00000000080017c4        0x2 ./Core/Startup/startup_stm32f401retx.o
                0x00000000080017c4                RTC_Alarm_IRQHandler
                0x00000000080017c4                EXTI2_IRQHandler
                0x00000000080017c4                SPI4_IRQHandler
                0x00000000080017c4                TIM1_CC_IRQHandler
                0x00000000080017c4                DMA2_Stream5_IRQHandler
                0x00000000080017c4                DMA1_Stream5_IRQHandler
                0x00000000080017c4                PVD_IRQHandler
                0x00000000080017c4                SDIO_IRQHandler
                0x00000000080017c4                TAMP_STAMP_IRQHandler
                0x00000000080017c4                EXTI3_IRQHandler
                0x00000000080017c4                I2C3_ER_IRQHandler
                0x00000000080017c4                EXTI0_IRQHandler
                0x00000000080017c4                I2C2_EV_IRQHandler
                0x00000000080017c4                DMA1_Stream2_IRQHandler
                0x00000000080017c4                FPU_IRQHandler
                0x00000000080017c4                DMA2_Stream2_IRQHandler
                0x00000000080017c4                SPI1_IRQHandler
                0x00000000080017c4                TIM1_BRK_TIM9_IRQHandler
                0x00000000080017c4                DMA2_Stream3_IRQHandler
                0x00000000080017c4                USART6_IRQHandler
                0x00000000080017c4                TIM4_IRQHandler
                0x00000000080017c4                I2C1_EV_IRQHandler
                0x00000000080017c4                DMA1_Stream6_IRQHandler
                0x00000000080017c4                DMA1_Stream1_IRQHandler
                0x00000000080017c4                TIM3_IRQHandler
                0x00000000080017c4                RCC_IRQHandler
                0x00000000080017c4                Default_Handler
                0x00000000080017c4                EXTI15_10_IRQHandler
                0x00000000080017c4                ADC_IRQHandler
                0x00000000080017c4                DMA1_Stream7_IRQHandler
                0x00000000080017c4                TIM5_IRQHandler
                0x00000000080017c4                DMA2_Stream7_IRQHandler
                0x00000000080017c4                I2C3_EV_IRQHandler
                0x00000000080017c4                EXTI9_5_IRQHandler
                0x00000000080017c4                RTC_WKUP_IRQHandler
                0x00000000080017c4                SPI2_IRQHandler
                0x00000000080017c4                DMA1_Stream0_IRQHandler
                0x00000000080017c4                EXTI4_IRQHandler
                0x00000000080017c4                TIM2_IRQHandler
                0x00000000080017c4                OTG_FS_WKUP_IRQHandler
                0x00000000080017c4                EXTI1_IRQHandler
                0x00000000080017c4                USART2_IRQHandler
                0x00000000080017c4                I2C2_ER_IRQHandler
                0x00000000080017c4                DMA2_Stream1_IRQHandler
                0x00000000080017c4                FLASH_IRQHandler
                0x00000000080017c4                DMA2_Stream4_IRQHandler
                0x00000000080017c4                USART1_IRQHandler
                0x00000000080017c4                OTG_FS_IRQHandler
                0x00000000080017c4                SPI3_IRQHandler
                0x00000000080017c4                DMA1_Stream4_IRQHandler
                0x00000000080017c4                I2C1_ER_IRQHandler
                0x00000000080017c4                DMA2_Stream6_IRQHandler
                0x00000000080017c4                DMA1_Stream3_IRQHandler
 *fill*         0x00000000080017c6        0x2 
 .text.HAL_Init
                0x00000000080017c8       0x44 ./Drivers/STM32F4xx_HAL_Driver/Src/stm32f4xx_hal.o
                0x00000000080017c8                HAL_Init
 .text.HAL_IncTick
                0x000000000800180c       0x28 ./Drivers/STM32F4xx_HAL_Driver/Src/stm32f4xx_hal.o
                0x000000000800180c                HAL_IncTick
 .text.HAL_GetTick
                0x0000000008001834       0x18 ./Drivers/STM32F4xx_HAL_Driver/Src/stm32f4xx_hal.o
                0x0000000008001834                HAL_GetTick
 .text.HAL_Delay
                0x000000000800184c       0x48 ./Drivers/STM32F4xx_HAL_Driver/Src/stm32f4xx_hal.o
                0x000000000800184c                HAL_Delay
 .text.HAL_ADC_Init
                0x0000000008001894       0x86 ./Drivers/STM32F4xx_HAL_Driver/Src/stm32f4xx_hal_adc.o
                0x0000000008001894                HAL_ADC_Init
 *fill*         0x000000000800191a        0x2 
 .text.HAL_ADC_Start_DMA
                0x000000000800191c      0x1e0 ./Drivers/STM32F4xx_HAL_Driver/Src/stm32f4xx_hal_adc.o
                0x000000000800191c                HAL_ADC_Start_DMA
 .text.HAL_ADC_Stop_DMA
                0x0000000008001afc       0xb4 ./Drivers/STM32F4xx_HAL_Driver/Src/stm32f4xx_hal_adc.o
                0x0000000008001afc                HAL_ADC_Stop_DMA
 .text.HAL_ADC_ConvCpltCallback
                0x0000000008001bb0       0x14 ./Drivers/STM32F4xx_HAL_Driver/Src/stm32f4xx_hal_adc.o
                0x0000000008001bb0                HAL_ADC_ConvCpltCallback
 .text.HAL_ADC_ConvHalfCpltCallback
                0x0000000008001bc4       0x14 ./Drivers/STM32F4xx_HAL_Driver/Src/stm32f4xx_hal_adc.o
                0x0000000008001bc4                HAL_ADC_ConvHalfCpltCallback
 .text.HAL_ADC_ErrorCallback
                0x0000000008001bd8       0x14 ./Drivers/STM32F4xx_HAL_Driver/Src/stm32f4xx_hal_adc.o
                0x0000000008001bd8                HAL_ADC_ErrorCallback
 .text.HAL_ADC_ConfigChannel
                0x0000000008001bec      0x244 ./Drivers/STM32F4xx_HAL_Driver/Src/stm32f4xx_hal_adc.o
                0x0000000008001bec                HAL_ADC_ConfigChannel
 .text.ADC_Init
                0x0000000008001e30      0x1f8 ./Drivers/STM32F4xx_HAL_Driver/Src/stm32f4xx_hal_adc.o
 .text.ADC_DMAConvCplt
                0x0000000008002028       0xba ./Drivers/STM32F4xx_HAL_Driver/Src/stm32f4xx_hal_adc.o
 .text.ADC_DMAHalfConvCplt
                0x00000000080020e2       0x1c ./Drivers/STM32F4xx_HAL_Driver/Src/stm32f4xx_hal_adc.o
 .text.ADC_DMAError
                0x00000000080020fe       0x2e ./Drivers/STM32F4xx_HAL_Driver/Src/stm32f4xx_hal_adc.o
 .text.__NVIC_SetPriorityGrouping
                0x000000000800212c       0x48 ./Drivers/STM32F4xx_HAL_Driver/Src/stm32f4xx_hal_cortex.o
 .text.__NVIC_GetPriorityGrouping
                0x0000000008002174       0x1c ./Drivers/STM32F4xx_HAL_Driver/Src/stm32f4xx_hal_cortex.o
 .text.__NVIC_EnableIRQ
                0x0000000008002190       0x3c ./Drivers/STM32F4xx_HAL_Driver/Src/stm32f4xx_hal_cortex.o
 .text.__NVIC_DisableIRQ
                0x00000000080021cc       0x48 ./Drivers/STM32F4xx_HAL_Driver/Src/stm32f4xx_hal_cortex.o
 .text.__NVIC_SetPriority
                0x0000000008002214       0x54 ./Drivers/STM32F4xx_HAL_Driver/Src/stm32f4xx_hal_cortex.o
 .text.NVIC_EncodePriority
                0x0000000008002268       0x66 ./Drivers/STM32F4xx_HAL_Driver/Src/stm32f4xx_hal_cortex.o
 .text.HAL_NVIC_SetPriorityGrouping
                0x00000000080022ce       0x16 ./Drivers/STM32F4xx_HAL_Driver/Src/stm32f4xx_hal_cortex.o
                0x00000000080022ce                HAL_NVIC_SetPriorityGrouping
 .text.HAL_NVIC_SetPriority
                0x00000000080022e4       0x38 ./Drivers/STM32F4xx_HAL_Driver/Src/stm32f4xx_hal_cortex.o
                0x00000000080022e4                HAL_NVIC_SetPriority
 .text.HAL_NVIC_EnableIRQ
                0x000000000800231c       0x1c ./Drivers/STM32F4xx_HAL_Driver/Src/stm32f4xx_hal_cortex.o
                0x000000000800231c                HAL_NVIC_EnableIRQ
 .text.HAL_NVIC_DisableIRQ
                0x0000000008002338       0x1c ./Drivers/STM32F4xx_HAL_Driver/Src/stm32f4xx_hal_cortex.o
                0x0000000008002338                HAL_NVIC_DisableIRQ
 .text.HAL_DMA_Init
                0x0000000008002354      0x15c ./Drivers/STM32F4xx_HAL_Driver/Src/stm32f4xx_hal_dma.o
                0x0000000008002354                HAL_DMA_Init
 .text.HAL_DMA_Start_IT
                0x00000000080024b0       0xb0 ./Drivers/STM32F4xx_HAL_Driver/Src/stm32f4xx_hal_dma.o
                0x00000000080024b0                HAL_DMA_Start_IT
 .text.HAL_DMA_Abort
                0x0000000008002560       0xe0 ./Drivers/STM32F4xx_HAL_Driver/Src/stm32f4xx_hal_dma.o
                0x0000000008002560                HAL_DMA_Abort
 .text.HAL_DMA_IRQHandler
                0x0000000008002640      0x314 ./Drivers/STM32F4xx_HAL_Driver/Src/stm32f4xx_hal_dma.o
                0x0000000008002640                HAL_DMA_IRQHandler
 .text.DMA_SetConfig
                0x0000000008002954       0x5c ./Drivers/STM32F4xx_HAL_Driver/Src/stm32f4xx_hal_dma.o
 .text.DMA_CalcBaseAndBitshift
                0x00000000080029b0       0x6c ./Drivers/STM32F4xx_HAL_Driver/Src/stm32f4xx_hal_dma.o
 .text.DMA_CheckFifoParam
                0x0000000008002a1c       0xf8 ./Drivers/STM32F4xx_HAL_Driver/Src/stm32f4xx_hal_dma.o
 .text.HAL_GPIO_Init
                0x0000000008002b14      0x308 ./Drivers/STM32F4xx_HAL_Driver/Src/stm32f4xx_hal_gpio.o
                0x0000000008002b14                HAL_GPIO_Init
 .text.HAL_GPIO_ReadPin
                0x0000000008002e1c       0x30 ./Drivers/STM32F4xx_HAL_Driver/Src/stm32f4xx_hal_gpio.o
                0x0000000008002e1c                HAL_GPIO_ReadPin
 .text.HAL_GPIO_WritePin
                0x0000000008002e4c       0x32 ./Drivers/STM32F4xx_HAL_Driver/Src/stm32f4xx_hal_gpio.o
                0x0000000008002e4c                HAL_GPIO_WritePin
 .text.HAL_GPIO_TogglePin
                0x0000000008002e7e       0x34 ./Drivers/STM32F4xx_HAL_Driver/Src/stm32f4xx_hal_gpio.o
                0x0000000008002e7e                HAL_GPIO_TogglePin
 *fill*         0x0000000008002eb2        0x2 
 .text.HAL_I2C_Init
                0x0000000008002eb4      0x288 ./Drivers/STM32F4xx_HAL_Driver/Src/stm32f4xx_hal_i2c.o
                0x0000000008002eb4                HAL_I2C_Init
 .text.HAL_I2C_Master_Transmit
                0x000000000800313c      0x1fc ./Drivers/STM32F4xx_HAL_Driver/Src/stm32f4xx_hal_i2c.o
                0x000000000800313c                HAL_I2C_Master_Transmit
 .text.I2C_MasterRequestWrite
                0x0000000008003338      0x104 ./Drivers/STM32F4xx_HAL_Driver/Src/stm32f4xx_hal_i2c.o
 .text.I2C_WaitOnFlagUntilTimeout
                0x000000000800343c       0xae ./Drivers/STM32F4xx_HAL_Driver/Src/stm32f4xx_hal_i2c.o
 .text.I2C_WaitOnMasterAddressFlagUntilTimeout
                0x00000000080034ea       0xfe ./Drivers/STM32F4xx_HAL_Driver/Src/stm32f4xx_hal_i2c.o
 .text.I2C_WaitOnTXEFlagUntilTimeout
                0x00000000080035e8       0x82 ./Drivers/STM32F4xx_HAL_Driver/Src/stm32f4xx_hal_i2c.o
 .text.I2C_WaitOnBTFFlagUntilTimeout
                0x000000000800366a       0x82 ./Drivers/STM32F4xx_HAL_Driver/Src/stm32f4xx_hal_i2c.o
 .text.I2C_IsAcknowledgeFailed
                0x00000000080036ec       0x5e ./Drivers/STM32F4xx_HAL_Driver/Src/stm32f4xx_hal_i2c.o
 *fill*         0x000000000800374a        0x2 
 .text.HAL_RCC_OscConfig
                0x000000000800374c      0x4f0 ./Drivers/STM32F4xx_HAL_Driver/Src/stm32f4xx_hal_rcc.o
                0x000000000800374c                HAL_RCC_OscConfig
 .text.HAL_RCC_ClockConfig
                0x0000000008003c3c      0x1cc ./Drivers/STM32F4xx_HAL_Driver/Src/stm32f4xx_hal_rcc.o
                0x0000000008003c3c                HAL_RCC_ClockConfig
 .text.HAL_RCC_GetSysClockFreq
                0x0000000008003e08      0x20c ./Drivers/STM32F4xx_HAL_Driver/Src/stm32f4xx_hal_rcc.o
                0x0000000008003e08                HAL_RCC_GetSysClockFreq
 .text.HAL_RCC_GetHCLKFreq
                0x0000000008004014       0x18 ./Drivers/STM32F4xx_HAL_Driver/Src/stm32f4xx_hal_rcc.o
                0x0000000008004014                HAL_RCC_GetHCLKFreq
 .text.HAL_RCC_GetPCLK1Freq
                0x000000000800402c       0x28 ./Drivers/STM32F4xx_HAL_Driver/Src/stm32f4xx_hal_rcc.o
                0x000000000800402c                HAL_RCC_GetPCLK1Freq
 .text.HAL_RCC_GetPCLK2Freq
                0x0000000008004054       0x28 ./Drivers/STM32F4xx_HAL_Driver/Src/stm32f4xx_hal_rcc.o
                0x0000000008004054                HAL_RCC_GetPCLK2Freq
 .text.HAL_RCC_GetClockConfig
                0x000000000800407c       0x64 ./Drivers/STM32F4xx_HAL_Driver/Src/stm32f4xx_hal_rcc.o
                0x000000000800407c                HAL_RCC_GetClockConfig
 .text.HAL_TIM_Base_Init
                0x00000000080040e0       0x9e ./Drivers/STM32F4xx_HAL_Driver/Src/stm32f4xx_hal_tim.o
                0x00000000080040e0                HAL_TIM_Base_Init
 .text.HAL_TIM_Base_DeInit
                0x000000000800417e       0xa8 ./Drivers/STM32F4xx_HAL_Driver/Src/stm32f4xx_hal_tim.o
                0x000000000800417e                HAL_TIM_Base_DeInit
 *fill*         0x0000000008004226        0x2 
 .text.HAL_TIM_Base_Start_IT
                0x0000000008004228       0xc4 ./Drivers/STM32F4xx_HAL_Driver/Src/stm32f4xx_hal_tim.o
                0x0000000008004228                HAL_TIM_Base_Start_IT
 .text.HAL_TIM_Base_Stop_IT
                0x00000000080042ec       0x5e ./Drivers/STM32F4xx_HAL_Driver/Src/stm32f4xx_hal_tim.o
                0x00000000080042ec                HAL_TIM_Base_Stop_IT
 .text.HAL_TIM_IRQHandler
                0x000000000800434a      0x210 ./Drivers/STM32F4xx_HAL_Driver/Src/stm32f4xx_hal_tim.o
                0x000000000800434a                HAL_TIM_IRQHandler
 .text.HAL_TIM_OC_DelayElapsedCallback
                0x000000000800455a       0x14 ./Drivers/STM32F4xx_HAL_Driver/Src/stm32f4xx_hal_tim.o
                0x000000000800455a                HAL_TIM_OC_DelayElapsedCallback
 .text.HAL_TIM_IC_CaptureCallback
                0x000000000800456e       0x14 ./Drivers/STM32F4xx_HAL_Driver/Src/stm32f4xx_hal_tim.o
                0x000000000800456e                HAL_TIM_IC_CaptureCallback
 .text.HAL_TIM_PWM_PulseFinishedCallback
                0x0000000008004582       0x14 ./Drivers/STM32F4xx_HAL_Driver/Src/stm32f4xx_hal_tim.o
                0x0000000008004582                HAL_TIM_PWM_PulseFinishedCallback
 .text.HAL_TIM_TriggerCallback
                0x0000000008004596       0x14 ./Drivers/STM32F4xx_HAL_Driver/Src/stm32f4xx_hal_tim.o
                0x0000000008004596                HAL_TIM_TriggerCallback
 *fill*         0x00000000080045aa        0x2 
 .text.TIM_Base_SetConfig
                0x00000000080045ac      0x100 ./Drivers/STM32F4xx_HAL_Driver/Src/stm32f4xx_hal_tim.o
                0x00000000080045ac                TIM_Base_SetConfig
 .text.HAL_TIMEx_CommutCallback
                0x00000000080046ac       0x14 ./Drivers/STM32F4xx_HAL_Driver/Src/stm32f4xx_hal_tim_ex.o
                0x00000000080046ac                HAL_TIMEx_CommutCallback
 .text.HAL_TIMEx_BreakCallback
                0x00000000080046c0       0x14 ./Drivers/STM32F4xx_HAL_Driver/Src/stm32f4xx_hal_tim_ex.o
                0x00000000080046c0                HAL_TIMEx_BreakCallback
 .text.HAL_WWDG_Init
                0x00000000080046d4       0x48 ./Drivers/STM32F4xx_HAL_Driver/Src/stm32f4xx_hal_wwdg.o
                0x00000000080046d4                HAL_WWDG_Init
 .text.HAL_WWDG_Refresh
                0x000000000800471c       0x20 ./Drivers/STM32F4xx_HAL_Driver/Src/stm32f4xx_hal_wwdg.o
                0x000000000800471c                HAL_WWDG_Refresh
 .text.HAL_WWDG_IRQHandler
                0x000000000800473c       0x3e ./Drivers/STM32F4xx_HAL_Driver/Src/stm32f4xx_hal_wwdg.o
                0x000000000800473c                HAL_WWDG_IRQHandler
 .text.HAL_WWDG_EarlyWakeupCallback
                0x000000000800477a       0x14 ./Drivers/STM32F4xx_HAL_Driver/Src/stm32f4xx_hal_wwdg.o
                0x000000000800477a                HAL_WWDG_EarlyWakeupCallback
 *fill*         0x000000000800478e        0x2 
 .text.MONITOR_I_Start
                0x0000000008004790       0x60 ./OS/Src/monitor.o
                0x0000000008004790                MONITOR_I_Start
 .text.MONITOR_I_Stop
                0x00000000080047f0       0x60 ./OS/Src/monitor.o
                0x00000000080047f0                MONITOR_I_Stop
 .text.MONITOR_I_Disable
                0x0000000008004850       0x14 ./OS/Src/monitor.o
                0x0000000008004850                MONITOR_I_Disable
 .text.MONITOR_IRQHandler
                0x0000000008004864       0x4c ./OS/Src/monitor.o
                0x0000000008004864                MONITOR_IRQHandler
 .text.__NVIC_SetPriority
                0x00000000080048b0       0x54 ./OS/Src/scheduler.o
 .text.SysTick_Config
                0x0000000008004904       0x44 ./OS/Src/scheduler.o
 .text.DWT_Init
                0x0000000008004948       0x24 ./OS/Src/scheduler.o
 .text.DWT_GetTime
                0x000000000800496c       0x20 ./OS/Src/scheduler.o
 .text.DWT_Clear
                0x000000000800498c       0x18 ./OS/Src/scheduler.o
 .text.SCH_Dispatch_Tasks
                0x00000000080049a4      0x2a4 ./OS/Src/scheduler.o
                0x00000000080049a4                SCH_Dispatch_Tasks
 .text.SCH_Init
                0x0000000008004c48       0xb8 ./OS/Src/scheduler.o
                0x0000000008004c48                SCH_Init
 .text.SCH_Start
                0x0000000008004d00       0x2c ./OS/Src/scheduler.o
                0x0000000008004d00                SCH_Start
 .text.SCH_Go_To_Sleep
                0x0000000008004d2c       0x10 ./OS/Src/scheduler.o
 .text.SCH_Add_Task
                0x0000000008004d3c      0x144 ./OS/Src/scheduler.o
                0x0000000008004d3c                SCH_Add_Task
 .text.SCH_SysTick_Handler
                0x0000000008004e80       0x1c ./OS/Src/scheduler.o
                0x0000000008004e80                SCH_SysTick_Handler
 .text.SCH_Get_Current_Task_Pointer
                0x0000000008004e9c       0x28 ./OS/Src/scheduler.o
                0x0000000008004e9c                SCH_Get_Current_Task_Pointer
 .text.SYSTEM_Init
                0x0000000008004ec4       0x10 ./OS/Src/system.o
                0x0000000008004ec4                SYSTEM_Init
 .text.SYSTEM_Identify_Required_Mode
                0x0000000008004ed4       0x3c ./OS/Src/system.o
                0x0000000008004ed4                SYSTEM_Identify_Required_Mode
 .text.SYSTEM_Configure_Required_Mode
                0x0000000008004f10       0xd4 ./OS/Src/system.o
                0x0000000008004f10                SYSTEM_Configure_Required_Mode
 .text.SYSTEM_Perform_Safe_Shutdown
                0x0000000008004fe4       0xb4 ./OS/Src/system.o
                0x0000000008004fe4                SYSTEM_Perform_Safe_Shutdown
 .text.SYSTEM_Change_Mode_Fault
                0x0000000008005098       0x20 ./OS/Src/system.o
                0x0000000008005098                SYSTEM_Change_Mode_Fault
 .text.SYSTEM_Get_Mode
                0x00000000080050b8       0x18 ./OS/Src/system.o
                0x00000000080050b8                SYSTEM_Get_Mode
 .text.__libc_init_array
                0x00000000080050d0       0x48 d:/stm32/stm32cubeide_1.10.0/stm32cubeide/plugins/com.st.stm32cube.ide.mcu.externaltools.gnu-tools-for-stm32.10.3-2021.10.win32_1.0.0.202111181127/tools/bin/../lib/gcc/arm-none-eabi/10.3.1/../../../../arm-none-eabi/lib/thumb/v7e-m+fp/hard\libc_nano.a(lib_a-init.o)
                0x00000000080050d0                __libc_init_array
 .text.__itoa   0x0000000008005118       0x30 d:/stm32/stm32cubeide_1.10.0/stm32cubeide/plugins/com.st.stm32cube.ide.mcu.externaltools.gnu-tools-for-stm32.10.3-2021.10.win32_1.0.0.202111181127/tools/bin/../lib/gcc/arm-none-eabi/10.3.1/../../../../arm-none-eabi/lib/thumb/v7e-m+fp/hard\libc_nano.a(lib_a-itoa.o)
                0x0000000008005118                __itoa
 .text.itoa     0x0000000008005148        0x4 d:/stm32/stm32cubeide_1.10.0/stm32cubeide/plugins/com.st.stm32cube.ide.mcu.externaltools.gnu-tools-for-stm32.10.3-2021.10.win32_1.0.0.202111181127/tools/bin/../lib/gcc/arm-none-eabi/10.3.1/../../../../arm-none-eabi/lib/thumb/v7e-m+fp/hard\libc_nano.a(lib_a-itoa.o)
                0x0000000008005148                itoa
 .text.memset   0x000000000800514c       0x10 d:/stm32/stm32cubeide_1.10.0/stm32cubeide/plugins/com.st.stm32cube.ide.mcu.externaltools.gnu-tools-for-stm32.10.3-2021.10.win32_1.0.0.202111181127/tools/bin/../lib/gcc/arm-none-eabi/10.3.1/../../../../arm-none-eabi/lib/thumb/v7e-m+fp/hard\libc_nano.a(lib_a-memset.o)
                0x000000000800514c                memset
 .text.__utoa   0x000000000800515c       0x84 d:/stm32/stm32cubeide_1.10.0/stm32cubeide/plugins/com.st.stm32cube.ide.mcu.externaltools.gnu-tools-for-stm32.10.3-2021.10.win32_1.0.0.202111181127/tools/bin/../lib/gcc/arm-none-eabi/10.3.1/../../../../arm-none-eabi/lib/thumb/v7e-m+fp/hard\libc_nano.a(lib_a-utoa.o)
                0x000000000800515c                __utoa
 *(.glue_7)
 .glue_7        0x00000000080051e0        0x0 linker stubs
 *(.glue_7t)
 .glue_7t       0x00000000080051e0        0x0 linker stubs
 *(.eh_frame)
 .eh_frame      0x00000000080051e0        0x0 d:/stm32/stm32cubeide_1.10.0/stm32cubeide/plugins/com.st.stm32cube.ide.mcu.externaltools.gnu-tools-for-stm32.10.3-2021.10.win32_1.0.0.202111181127/tools/bin/../lib/gcc/arm-none-eabi/10.3.1/thumb/v7e-m+fp/hard/crtbegin.o
 *(.init)
 .init          0x00000000080051e0        0x4 d:/stm32/stm32cubeide_1.10.0/stm32cubeide/plugins/com.st.stm32cube.ide.mcu.externaltools.gnu-tools-for-stm32.10.3-2021.10.win32_1.0.0.202111181127/tools/bin/../lib/gcc/arm-none-eabi/10.3.1/thumb/v7e-m+fp/hard/crti.o
                0x00000000080051e0                _init
 .init          0x00000000080051e4        0x8 d:/stm32/stm32cubeide_1.10.0/stm32cubeide/plugins/com.st.stm32cube.ide.mcu.externaltools.gnu-tools-for-stm32.10.3-2021.10.win32_1.0.0.202111181127/tools/bin/../lib/gcc/arm-none-eabi/10.3.1/thumb/v7e-m+fp/hard/crtn.o
 *(.fini)
 .fini          0x00000000080051ec        0x4 d:/stm32/stm32cubeide_1.10.0/stm32cubeide/plugins/com.st.stm32cube.ide.mcu.externaltools.gnu-tools-for-stm32.10.3-2021.10.win32_1.0.0.202111181127/tools/bin/../lib/gcc/arm-none-eabi/10.3.1/thumb/v7e-m+fp/hard/crti.o
                0x00000000080051ec                _fini
 .fini          0x00000000080051f0        0x8 d:/stm32/stm32cubeide_1.10.0/stm32cubeide/plugins/com.st.stm32cube.ide.mcu.externaltools.gnu-tools-for-stm32.10.3-2021.10.win32_1.0.0.202111181127/tools/bin/../lib/gcc/arm-none-eabi/10.3.1/thumb/v7e-m+fp/hard/crtn.o
                0x00000000080051f8                . = ALIGN (0x4)
                0x00000000080051f8                _etext = .

.vfp11_veneer   0x00000000080051f8        0x0
 .vfp11_veneer  0x00000000080051f8        0x0 linker stubs

.v4_bx          0x00000000080051f8        0x0
 .v4_bx         0x00000000080051f8        0x0 linker stubs

.iplt           0x00000000080051f8        0x0
 .iplt          0x00000000080051f8        0x0 d:/stm32/stm32cubeide_1.10.0/stm32cubeide/plugins/com.st.stm32cube.ide.mcu.externaltools.gnu-tools-for-stm32.10.3-2021.10.win32_1.0.0.202111181127/tools/bin/../lib/gcc/arm-none-eabi/10.3.1/thumb/v7e-m+fp/hard/crtbegin.o

.rodata         0x00000000080051f8       0xb8
                0x00000000080051f8                . = ALIGN (0x4)
 *(.rodata)
 .rodata        0x00000000080051f8       0x10 ./App/Src/i2c-display.o
 .rodata        0x0000000008005208       0x44 ./App/Src/task-display.o
 .rodata        0x000000000800524c       0x1c ./OS/Src/system.o
 *(.rodata*)
 .rodata.AHBPrescTable
                0x0000000008005268       0x10 ./Core/Src/system_stm32f4xx.o
                0x0000000008005268                AHBPrescTable
 .rodata.APBPrescTable
                0x0000000008005278        0x8 ./Core/Src/system_stm32f4xx.o
                0x0000000008005278                APBPrescTable
 .rodata.flagBitshiftOffset.0
                0x0000000008005280        0x8 ./Drivers/STM32F4xx_HAL_Driver/Src/stm32f4xx_hal_dma.o
 .rodata.__utoa.str1.1
                0x0000000008005288       0x25 d:/stm32/stm32cubeide_1.10.0/stm32cubeide/plugins/com.st.stm32cube.ide.mcu.externaltools.gnu-tools-for-stm32.10.3-2021.10.win32_1.0.0.202111181127/tools/bin/../lib/gcc/arm-none-eabi/10.3.1/../../../../arm-none-eabi/lib/thumb/v7e-m+fp/hard\libc_nano.a(lib_a-utoa.o)
                0x00000000080052b0                . = ALIGN (0x4)
 *fill*         0x00000000080052ad        0x3 

.ARM.extab      0x00000000080052b0        0x0
                0x00000000080052b0                . = ALIGN (0x4)
 *(.ARM.extab* .gnu.linkonce.armextab.*)
                0x00000000080052b0                . = ALIGN (0x4)

.ARM            0x00000000080052b0        0x8
                0x00000000080052b0                . = ALIGN (0x4)
                0x00000000080052b0                __exidx_start = .
 *(.ARM.exidx*)
 .ARM.exidx     0x00000000080052b0        0x8 d:/stm32/stm32cubeide_1.10.0/stm32cubeide/plugins/com.st.stm32cube.ide.mcu.externaltools.gnu-tools-for-stm32.10.3-2021.10.win32_1.0.0.202111181127/tools/bin/../lib/gcc/arm-none-eabi/10.3.1/thumb/v7e-m+fp/hard\libgcc.a(_udivmoddi4.o)
                0x00000000080052b8                __exidx_end = .
                0x00000000080052b8                . = ALIGN (0x4)

.rel.dyn        0x00000000080052b8        0x0
 .rel.iplt      0x00000000080052b8        0x0 d:/stm32/stm32cubeide_1.10.0/stm32cubeide/plugins/com.st.stm32cube.ide.mcu.externaltools.gnu-tools-for-stm32.10.3-2021.10.win32_1.0.0.202111181127/tools/bin/../lib/gcc/arm-none-eabi/10.3.1/thumb/v7e-m+fp/hard/crtbegin.o

.preinit_array  0x00000000080052b8        0x0
                0x00000000080052b8                . = ALIGN (0x4)
                0x00000000080052b8                PROVIDE (__preinit_array_start = .)
 *(.preinit_array*)
                0x00000000080052b8                PROVIDE (__preinit_array_end = .)
                0x00000000080052b8                . = ALIGN (0x4)

.init_array     0x00000000080052b8        0x4
                0x00000000080052b8                . = ALIGN (0x4)
                0x00000000080052b8                PROVIDE (__init_array_start = .)
 *(SORT_BY_NAME(.init_array.*))
 *(.init_array*)
 .init_array    0x00000000080052b8        0x4 d:/stm32/stm32cubeide_1.10.0/stm32cubeide/plugins/com.st.stm32cube.ide.mcu.externaltools.gnu-tools-for-stm32.10.3-2021.10.win32_1.0.0.202111181127/tools/bin/../lib/gcc/arm-none-eabi/10.3.1/thumb/v7e-m+fp/hard/crtbegin.o
                0x00000000080052bc                PROVIDE (__init_array_end = .)
                0x00000000080052bc                . = ALIGN (0x4)

.fini_array     0x00000000080052bc        0x4
                0x00000000080052bc                . = ALIGN (0x4)
                [!provide]                        PROVIDE (__fini_array_start = .)
 *(SORT_BY_NAME(.fini_array.*))
 *(.fini_array*)
 .fini_array    0x00000000080052bc        0x4 d:/stm32/stm32cubeide_1.10.0/stm32cubeide/plugins/com.st.stm32cube.ide.mcu.externaltools.gnu-tools-for-stm32.10.3-2021.10.win32_1.0.0.202111181127/tools/bin/../lib/gcc/arm-none-eabi/10.3.1/thumb/v7e-m+fp/hard/crtbegin.o
                [!provide]                        PROVIDE (__fini_array_end = .)
                0x00000000080052c0                . = ALIGN (0x4)
                0x00000000080052c0                _sidata = LOADADDR (.data)

.data           0x0000000020000000       0x10 load address 0x00000000080052c0
                0x0000000020000000                . = ALIGN (0x4)
                0x0000000020000000                _sdata = .
 *(.data)
 *(.data*)
 .data.flag_resetear_mediciones
                0x0000000020000000        0x4 ./App/Src/task-pulsador-medir.o
                0x0000000020000000                flag_resetear_mediciones
 .data.SystemCoreClock
                0x0000000020000004        0x4 ./Core/Src/system_stm32f4xx.o
                0x0000000020000004                SystemCoreClock
 .data.uwTickPrio
                0x0000000020000008        0x4 ./Drivers/STM32F4xx_HAL_Driver/Src/stm32f4xx_hal.o
                0x0000000020000008                uwTickPrio
 .data.uwTickFreq
                0x000000002000000c        0x1 ./Drivers/STM32F4xx_HAL_Driver/Src/stm32f4xx_hal.o
                0x000000002000000c                uwTickFreq
 *(.RamFunc)
 *(.RamFunc*)
                0x0000000020000010                . = ALIGN (0x4)
 *fill*         0x000000002000000d        0x3 
                0x0000000020000010                _edata = .

.igot.plt       0x0000000020000010        0x0 load address 0x00000000080052d0
 .igot.plt      0x0000000020000010        0x0 d:/stm32/stm32cubeide_1.10.0/stm32cubeide/plugins/com.st.stm32cube.ide.mcu.externaltools.gnu-tools-for-stm32.10.3-2021.10.win32_1.0.0.202111181127/tools/bin/../lib/gcc/arm-none-eabi/10.3.1/thumb/v7e-m+fp/hard/crtbegin.o
                0x0000000020000010                . = ALIGN (0x4)

.bss            0x0000000020000010     0x2558 load address 0x00000000080052d0
                0x0000000020000010                _sbss = .
                0x0000000020000010                __bss_start__ = _sbss
 *(.bss)
 .bss           0x0000000020000010       0x1c d:/stm32/stm32cubeide_1.10.0/stm32cubeide/plugins/com.st.stm32cube.ide.mcu.externaltools.gnu-tools-for-stm32.10.3-2021.10.win32_1.0.0.202111181127/tools/bin/../lib/gcc/arm-none-eabi/10.3.1/thumb/v7e-m+fp/hard/crtbegin.o
 *(.bss*)
 .bss.dpFunction
                0x000000002000002c        0x1 ./App/Src/i2c-display.o
                0x000000002000002c                dpFunction
 .bss.dpControl
                0x000000002000002d        0x1 ./App/Src/i2c-display.o
                0x000000002000002d                dpControl
 .bss.dpMode    0x000000002000002e        0x1 ./App/Src/i2c-display.o
                0x000000002000002e                dpMode
 .bss.dpRows    0x000000002000002f        0x1 ./App/Src/i2c-display.o
                0x000000002000002f                dpRows
 .bss.dpBacklight
                0x0000000020000030        0x1 ./App/Src/i2c-display.o
                0x0000000020000030                dpBacklight
 *fill*         0x0000000020000031        0x3 
 .bss.flag_sumar_uno
                0x0000000020000034        0x4 ./App/Src/task-audio-processing.o
                0x0000000020000034                flag_sumar_uno
 .bss.conteo_positivos
                0x0000000020000038        0x4 ./App/Src/task-audio-processing.o
                0x0000000020000038                conteo_positivos
 .bss.pasada    0x000000002000003c        0x4 ./App/Src/task-display.o
 .bss.medicion_activa
                0x0000000020000040        0x4 ./App/Src/task-mediciones.o
                0x0000000020000040                medicion_activa
 .bss.timer_conteo
                0x0000000020000044        0x4 ./App/Src/task-mediciones.o
                0x0000000020000044                timer_conteo
 .bss.mediciones
                0x0000000020000048        0xc ./App/Src/task-mediciones.o
                0x0000000020000048                mediciones
 .bss.cont_estados_B1
                0x0000000020000054        0x4 ./App/Src/task-pulsador-falla.o
                0x0000000020000054                cont_estados_B1
 .bss.estado_actual_B1
                0x0000000020000058        0x1 ./App/Src/task-pulsador-falla.o
 .bss.estado_anterior_B1
                0x0000000020000059        0x1 ./App/Src/task-pulsador-falla.o
                0x0000000020000059                estado_anterior_B1
 *fill*         0x000000002000005a        0x2 
 .bss.vector_entradas
                0x000000002000005c        0x5 ./App/Src/task-pulsador-falla.o
                0x000000002000005c                vector_entradas
 *fill*         0x0000000020000061        0x3 
 .bss.cont_estados_B2
                0x0000000020000064        0x4 ./App/Src/task-pulsador-medir.o
                0x0000000020000064                cont_estados_B2
 .bss.estado_actual_B2
                0x0000000020000068        0x1 ./App/Src/task-pulsador-medir.o
 .bss.estado_anterior_B2
                0x0000000020000069        0x1 ./App/Src/task-pulsador-medir.o
                0x0000000020000069                estado_anterior_B2
 *fill*         0x000000002000006a        0x2 
 .bss.vector_entradas_B2
                0x000000002000006c       0x14 ./App/Src/task-pulsador-medir.o
                0x000000002000006c                vector_entradas_B2
 .bss.flag_medir
                0x0000000020000080        0x4 ./App/Src/task-pulsador-medir.o
                0x0000000020000080                flag_medir
 .bss.hadc1     0x0000000020000084       0x48 ./Core/Src/main.o
                0x0000000020000084                hadc1
 .bss.hdma_adc1
                0x00000000200000cc       0x60 ./Core/Src/main.o
                0x00000000200000cc                hdma_adc1
 .bss.hi2c1     0x000000002000012c       0x54 ./Core/Src/main.o
                0x000000002000012c                hi2c1
 .bss.htim11    0x0000000020000180       0x48 ./Core/Src/main.o
                0x0000000020000180                htim11
 .bss.hwwdg     0x00000000200001c8       0x14 ./Core/Src/main.o
                0x00000000200001c8                hwwdg
 .bss.adc_buf   0x00000000200001dc     0x2000 ./Core/Src/main.o
                0x00000000200001dc                adc_buf
 .bss.htim1     0x00000000200021dc       0x48 ./Core/Src/stm32f4xx_hal_timebase_tim.o
                0x00000000200021dc                htim1
 .bss.uwTick    0x0000000020002224        0x4 ./Drivers/STM32F4xx_HAL_Driver/Src/stm32f4xx_hal.o
                0x0000000020002224                uwTick
 .bss.Task_ID_G
                0x0000000020002228        0x4 ./OS/Src/monitor.o
 .bss.Task_BCET_G
                0x000000002000222c        0x4 ./OS/Src/monitor.o
 .bss.Task_t_variation_G
                0x0000000020002230        0x4 ./OS/Src/monitor.o
 .bss.TimerInitFlag
                0x0000000020002234        0x1 ./OS/Src/monitor.o
 *fill*         0x0000000020002235        0x3 
 .bss.Fault_code_G
                0x0000000020002238        0x4 ./OS/Src/scheduler.o
                0x0000000020002238                Fault_code_G
 .bss.SCH_tasks_G
                0x000000002000223c      0x320 ./OS/Src/scheduler.o
                0x000000002000223c                SCH_tasks_G
 .bss.Tick_count_G
                0x000000002000255c        0x4 ./OS/Src/scheduler.o
 .bss.ITask     0x0000000020002560        0x4 ./OS/Src/scheduler.o
 .bss.System_mode_G
                0x0000000020002564        0x1 ./OS/Src/system.o
                0x0000000020002564                System_mode_G
 *(COMMON)
                0x0000000020002568                . = ALIGN (0x4)
 *fill*         0x0000000020002565        0x3 
                0x0000000020002568                _ebss = .
                0x0000000020002568                __bss_end__ = _ebss

._user_heap_stack
                0x0000000020002568      0x600 load address 0x00000000080052d0
                0x0000000020002568                . = ALIGN (0x8)
                [!provide]                        PROVIDE (end = .)
                0x0000000020002568                PROVIDE (_end = .)
                0x0000000020002768                . = (. + _Min_Heap_Size)
 *fill*         0x0000000020002568      0x200 
                0x0000000020002b68                . = (. + _Min_Stack_Size)
 *fill*         0x0000000020002768      0x400 
                0x0000000020002b68                . = ALIGN (0x8)

/DISCARD/
 libc.a(*)
 libm.a(*)
 libgcc.a(*)

.ARM.attributes
                0x0000000000000000       0x30
 *(.ARM.attributes)
 .ARM.attributes
                0x0000000000000000       0x1e d:/stm32/stm32cubeide_1.10.0/stm32cubeide/plugins/com.st.stm32cube.ide.mcu.externaltools.gnu-tools-for-stm32.10.3-2021.10.win32_1.0.0.202111181127/tools/bin/../lib/gcc/arm-none-eabi/10.3.1/thumb/v7e-m+fp/hard/crti.o
 .ARM.attributes
                0x000000000000001e       0x34 d:/stm32/stm32cubeide_1.10.0/stm32cubeide/plugins/com.st.stm32cube.ide.mcu.externaltools.gnu-tools-for-stm32.10.3-2021.10.win32_1.0.0.202111181127/tools/bin/../lib/gcc/arm-none-eabi/10.3.1/thumb/v7e-m+fp/hard/crtbegin.o
 .ARM.attributes
                0x0000000000000052       0x34 ./App/Src/i2c-display.o
 .ARM.attributes
                0x0000000000000086       0x34 ./App/Src/pin_functions_stm32f401.o
 .ARM.attributes
                0x00000000000000ba       0x34 ./App/Src/task-audio-processing.o
 .ARM.attributes
                0x00000000000000ee       0x34 ./App/Src/task-display.o
 .ARM.attributes
                0x0000000000000122       0x34 ./App/Src/task-heartbeat.o
 .ARM.attributes
                0x0000000000000156       0x34 ./App/Src/task-mediciones.o
 .ARM.attributes
                0x000000000000018a       0x34 ./App/Src/task-pulsador-falla.o
 .ARM.attributes
                0x00000000000001be       0x34 ./App/Src/task-pulsador-medir.o
 .ARM.attributes
                0x00000000000001f2       0x34 ./App/Src/task-watchdog.o
 .ARM.attributes
                0x0000000000000226       0x34 ./Core/Src/main.o
 .ARM.attributes
                0x000000000000025a       0x34 ./Core/Src/stm32f4xx_hal_msp.o
 .ARM.attributes
                0x000000000000028e       0x34 ./Core/Src/stm32f4xx_hal_timebase_tim.o
 .ARM.attributes
                0x00000000000002c2       0x34 ./Core/Src/stm32f4xx_it.o
 .ARM.attributes
                0x00000000000002f6       0x34 ./Core/Src/system_stm32f4xx.o
 .ARM.attributes
                0x000000000000032a       0x21 ./Core/Startup/startup_stm32f401retx.o
 .ARM.attributes
                0x000000000000034b       0x34 ./Drivers/STM32F4xx_HAL_Driver/Src/stm32f4xx_hal.o
 .ARM.attributes
                0x000000000000037f       0x34 ./Drivers/STM32F4xx_HAL_Driver/Src/stm32f4xx_hal_adc.o
 .ARM.attributes
                0x00000000000003b3       0x34 ./Drivers/STM32F4xx_HAL_Driver/Src/stm32f4xx_hal_cortex.o
 .ARM.attributes
                0x00000000000003e7       0x34 ./Drivers/STM32F4xx_HAL_Driver/Src/stm32f4xx_hal_dma.o
 .ARM.attributes
                0x000000000000041b       0x34 ./Drivers/STM32F4xx_HAL_Driver/Src/stm32f4xx_hal_gpio.o
 .ARM.attributes
                0x000000000000044f       0x34 ./Drivers/STM32F4xx_HAL_Driver/Src/stm32f4xx_hal_i2c.o
 .ARM.attributes
                0x0000000000000483       0x34 ./Drivers/STM32F4xx_HAL_Driver/Src/stm32f4xx_hal_rcc.o
 .ARM.attributes
                0x00000000000004b7       0x34 ./Drivers/STM32F4xx_HAL_Driver/Src/stm32f4xx_hal_tim.o
 .ARM.attributes
                0x00000000000004eb       0x34 ./Drivers/STM32F4xx_HAL_Driver/Src/stm32f4xx_hal_tim_ex.o
 .ARM.attributes
                0x000000000000051f       0x34 ./Drivers/STM32F4xx_HAL_Driver/Src/stm32f4xx_hal_wwdg.o
 .ARM.attributes
                0x0000000000000553       0x34 ./OS/Src/monitor.o
 .ARM.attributes
                0x0000000000000587       0x34 ./OS/Src/scheduler.o
 .ARM.attributes
                0x00000000000005bb       0x34 ./OS/Src/system.o
 .ARM.attributes
                0x00000000000005ef       0x34 d:/stm32/stm32cubeide_1.10.0/stm32cubeide/plugins/com.st.stm32cube.ide.mcu.externaltools.gnu-tools-for-stm32.10.3-2021.10.win32_1.0.0.202111181127/tools/bin/../lib/gcc/arm-none-eabi/10.3.1/../../../../arm-none-eabi/lib/thumb/v7e-m+fp/hard\libc_nano.a(lib_a-init.o)
 .ARM.attributes
                0x0000000000000623       0x34 d:/stm32/stm32cubeide_1.10.0/stm32cubeide/plugins/com.st.stm32cube.ide.mcu.externaltools.gnu-tools-for-stm32.10.3-2021.10.win32_1.0.0.202111181127/tools/bin/../lib/gcc/arm-none-eabi/10.3.1/../../../../arm-none-eabi/lib/thumb/v7e-m+fp/hard\libc_nano.a(lib_a-itoa.o)
 .ARM.attributes
                0x0000000000000657       0x34 d:/stm32/stm32cubeide_1.10.0/stm32cubeide/plugins/com.st.stm32cube.ide.mcu.externaltools.gnu-tools-for-stm32.10.3-2021.10.win32_1.0.0.202111181127/tools/bin/../lib/gcc/arm-none-eabi/10.3.1/../../../../arm-none-eabi/lib/thumb/v7e-m+fp/hard\libc_nano.a(lib_a-memset.o)
 .ARM.attributes
                0x000000000000068b       0x34 d:/stm32/stm32cubeide_1.10.0/stm32cubeide/plugins/com.st.stm32cube.ide.mcu.externaltools.gnu-tools-for-stm32.10.3-2021.10.win32_1.0.0.202111181127/tools/bin/../lib/gcc/arm-none-eabi/10.3.1/../../../../arm-none-eabi/lib/thumb/v7e-m+fp/hard\libc_nano.a(lib_a-utoa.o)
 .ARM.attributes
                0x00000000000006bf       0x1e d:/stm32/stm32cubeide_1.10.0/stm32cubeide/plugins/com.st.stm32cube.ide.mcu.externaltools.gnu-tools-for-stm32.10.3-2021.10.win32_1.0.0.202111181127/tools/bin/../lib/gcc/arm-none-eabi/10.3.1/thumb/v7e-m+fp/hard\libgcc.a(_aeabi_uldivmod.o)
 .ARM.attributes
                0x00000000000006dd       0x34 d:/stm32/stm32cubeide_1.10.0/stm32cubeide/plugins/com.st.stm32cube.ide.mcu.externaltools.gnu-tools-for-stm32.10.3-2021.10.win32_1.0.0.202111181127/tools/bin/../lib/gcc/arm-none-eabi/10.3.1/thumb/v7e-m+fp/hard\libgcc.a(_udivmoddi4.o)
 .ARM.attributes
                0x0000000000000711       0x1e d:/stm32/stm32cubeide_1.10.0/stm32cubeide/plugins/com.st.stm32cube.ide.mcu.externaltools.gnu-tools-for-stm32.10.3-2021.10.win32_1.0.0.202111181127/tools/bin/../lib/gcc/arm-none-eabi/10.3.1/thumb/v7e-m+fp/hard\libgcc.a(_dvmd_tls.o)
 .ARM.attributes
                0x000000000000072f       0x1e d:/stm32/stm32cubeide_1.10.0/stm32cubeide/plugins/com.st.stm32cube.ide.mcu.externaltools.gnu-tools-for-stm32.10.3-2021.10.win32_1.0.0.202111181127/tools/bin/../lib/gcc/arm-none-eabi/10.3.1/thumb/v7e-m+fp/hard/crtn.o
OUTPUT(C-TDS F401RE.elf elf32-littlearm)
LOAD linker stubs
LOAD d:/stm32/stm32cubeide_1.10.0/stm32cubeide/plugins/com.st.stm32cube.ide.mcu.externaltools.gnu-tools-for-stm32.10.3-2021.10.win32_1.0.0.202111181127/tools/bin/../lib/gcc/arm-none-eabi/10.3.1/../../../../arm-none-eabi/lib/thumb/v7e-m+fp/hard\libc.a
LOAD d:/stm32/stm32cubeide_1.10.0/stm32cubeide/plugins/com.st.stm32cube.ide.mcu.externaltools.gnu-tools-for-stm32.10.3-2021.10.win32_1.0.0.202111181127/tools/bin/../lib/gcc/arm-none-eabi/10.3.1/../../../../arm-none-eabi/lib/thumb/v7e-m+fp/hard\libm.a
LOAD d:/stm32/stm32cubeide_1.10.0/stm32cubeide/plugins/com.st.stm32cube.ide.mcu.externaltools.gnu-tools-for-stm32.10.3-2021.10.win32_1.0.0.202111181127/tools/bin/../lib/gcc/arm-none-eabi/10.3.1/thumb/v7e-m+fp/hard\libgcc.a

.debug_info     0x0000000000000000    0x12b1e
 .debug_info    0x0000000000000000      0xcec ./App/Src/i2c-display.o
 .debug_info    0x0000000000000cec      0x365 ./App/Src/pin_functions_stm32f401.o
 .debug_info    0x0000000000001051      0x785 ./App/Src/task-audio-processing.o
 .debug_info    0x00000000000017d6      0x26a ./App/Src/task-display.o
 .debug_info    0x0000000000001a40      0x1b4 ./App/Src/task-heartbeat.o
 .debug_info    0x0000000000001bf4      0x105 ./App/Src/task-mediciones.o
 .debug_info    0x0000000000001cf9      0x267 ./App/Src/task-pulsador-falla.o
 .debug_info    0x0000000000001f60      0x27d ./App/Src/task-pulsador-medir.o
 .debug_info    0x00000000000021dd      0x1d4 ./App/Src/task-watchdog.o
 .debug_info    0x00000000000023b1     0x1734 ./Core/Src/main.o
 .debug_info    0x0000000000003ae5     0x1429 ./Core/Src/stm32f4xx_hal_msp.o
 .debug_info    0x0000000000004f0e      0xbca ./Core/Src/stm32f4xx_hal_timebase_tim.o
 .debug_info    0x0000000000005ad8      0x874 ./Core/Src/stm32f4xx_it.o
 .debug_info    0x000000000000634c      0x54f ./Core/Src/system_stm32f4xx.o
 .debug_info    0x000000000000689b       0x22 ./Core/Startup/startup_stm32f401retx.o
 .debug_info    0x00000000000068bd      0x906 ./Drivers/STM32F4xx_HAL_Driver/Src/stm32f4xx_hal.o
 .debug_info    0x00000000000071c3      0xd68 ./Drivers/STM32F4xx_HAL_Driver/Src/stm32f4xx_hal_adc.o
 .debug_info    0x0000000000007f2b      0xd85 ./Drivers/STM32F4xx_HAL_Driver/Src/stm32f4xx_hal_cortex.o
 .debug_info    0x0000000000008cb0      0x947 ./Drivers/STM32F4xx_HAL_Driver/Src/stm32f4xx_hal_dma.o
 .debug_info    0x00000000000095f7      0x78e ./Drivers/STM32F4xx_HAL_Driver/Src/stm32f4xx_hal_gpio.o
 .debug_info    0x0000000000009d85     0x260f ./Drivers/STM32F4xx_HAL_Driver/Src/stm32f4xx_hal_i2c.o
 .debug_info    0x000000000000c394      0x98c ./Drivers/STM32F4xx_HAL_Driver/Src/stm32f4xx_hal_rcc.o
 .debug_info    0x000000000000cd20     0x2bb6 ./Drivers/STM32F4xx_HAL_Driver/Src/stm32f4xx_hal_tim.o
 .debug_info    0x000000000000f8d6     0x15d8 ./Drivers/STM32F4xx_HAL_Driver/Src/stm32f4xx_hal_tim_ex.o
 .debug_info    0x0000000000010eae      0x270 ./Drivers/STM32F4xx_HAL_Driver/Src/stm32f4xx_hal_wwdg.o
 .debug_info    0x000000000001111e      0x926 ./OS/Src/monitor.o
 .debug_info    0x0000000000011a44      0xb26 ./OS/Src/scheduler.o
 .debug_info    0x000000000001256a      0x5b4 ./OS/Src/system.o

.debug_abbrev   0x0000000000000000     0x3396
 .debug_abbrev  0x0000000000000000      0x255 ./App/Src/i2c-display.o
 .debug_abbrev  0x0000000000000255      0x1a5 ./App/Src/pin_functions_stm32f401.o
 .debug_abbrev  0x00000000000003fa      0x1c2 ./App/Src/task-audio-processing.o
 .debug_abbrev  0x00000000000005bc      0x10c ./App/Src/task-display.o
 .debug_abbrev  0x00000000000006c8       0xd4 ./App/Src/task-heartbeat.o
 .debug_abbrev  0x000000000000079c       0x7f ./App/Src/task-mediciones.o
 .debug_abbrev  0x000000000000081b      0x158 ./App/Src/task-pulsador-falla.o
 .debug_abbrev  0x0000000000000973      0x143 ./App/Src/task-pulsador-medir.o
 .debug_abbrev  0x0000000000000ab6      0x11c ./App/Src/task-watchdog.o
 .debug_abbrev  0x0000000000000bd2      0x2d9 ./Core/Src/main.o
 .debug_abbrev  0x0000000000000eab      0x240 ./Core/Src/stm32f4xx_hal_msp.o
 .debug_abbrev  0x00000000000010eb      0x1f7 ./Core/Src/stm32f4xx_hal_timebase_tim.o
 .debug_abbrev  0x00000000000012e2      0x195 ./Core/Src/stm32f4xx_it.o
 .debug_abbrev  0x0000000000001477      0x116 ./Core/Src/system_stm32f4xx.o
 .debug_abbrev  0x000000000000158d       0x12 ./Core/Startup/startup_stm32f401retx.o
 .debug_abbrev  0x000000000000159f      0x23e ./Drivers/STM32F4xx_HAL_Driver/Src/stm32f4xx_hal.o
 .debug_abbrev  0x00000000000017dd      0x204 ./Drivers/STM32F4xx_HAL_Driver/Src/stm32f4xx_hal_adc.o
 .debug_abbrev  0x00000000000019e1      0x316 ./Drivers/STM32F4xx_HAL_Driver/Src/stm32f4xx_hal_cortex.o
 .debug_abbrev  0x0000000000001cf7      0x21b ./Drivers/STM32F4xx_HAL_Driver/Src/stm32f4xx_hal_dma.o
 .debug_abbrev  0x0000000000001f12      0x1c4 ./Drivers/STM32F4xx_HAL_Driver/Src/stm32f4xx_hal_gpio.o
 .debug_abbrev  0x00000000000020d6      0x2a8 ./Drivers/STM32F4xx_HAL_Driver/Src/stm32f4xx_hal_i2c.o
 .debug_abbrev  0x000000000000237e      0x2aa ./Drivers/STM32F4xx_HAL_Driver/Src/stm32f4xx_hal_rcc.o
 .debug_abbrev  0x0000000000002628      0x26e ./Drivers/STM32F4xx_HAL_Driver/Src/stm32f4xx_hal_tim.o
 .debug_abbrev  0x0000000000002896      0x276 ./Drivers/STM32F4xx_HAL_Driver/Src/stm32f4xx_hal_tim_ex.o
 .debug_abbrev  0x0000000000002b0c      0x170 ./Drivers/STM32F4xx_HAL_Driver/Src/stm32f4xx_hal_wwdg.o
 .debug_abbrev  0x0000000000002c7c      0x218 ./OS/Src/monitor.o
 .debug_abbrev  0x0000000000002e94      0x30e ./OS/Src/scheduler.o
 .debug_abbrev  0x00000000000031a2      0x1f4 ./OS/Src/system.o

.debug_aranges  0x0000000000000000     0x1190
 .debug_aranges
                0x0000000000000000      0x110 ./App/Src/i2c-display.o
 .debug_aranges
                0x0000000000000110       0x38 ./App/Src/pin_functions_stm32f401.o
 .debug_aranges
                0x0000000000000148       0x28 ./App/Src/task-audio-processing.o
 .debug_aranges
                0x0000000000000170       0x28 ./App/Src/task-display.o
 .debug_aranges
                0x0000000000000198       0x28 ./App/Src/task-heartbeat.o
 .debug_aranges
                0x00000000000001c0       0x28 ./App/Src/task-mediciones.o
 .debug_aranges
                0x00000000000001e8       0x28 ./App/Src/task-pulsador-falla.o
 .debug_aranges
                0x0000000000000210       0x28 ./App/Src/task-pulsador-medir.o
 .debug_aranges
                0x0000000000000238       0x28 ./App/Src/task-watchdog.o
 .debug_aranges
                0x0000000000000260       0x68 ./Core/Src/main.o
 .debug_aranges
                0x00000000000002c8       0x58 ./Core/Src/stm32f4xx_hal_msp.o
 .debug_aranges
                0x0000000000000320       0x30 ./Core/Src/stm32f4xx_hal_timebase_tim.o
 .debug_aranges
                0x0000000000000350       0x80 ./Core/Src/stm32f4xx_it.o
 .debug_aranges
                0x00000000000003d0       0x28 ./Core/Src/system_stm32f4xx.o
 .debug_aranges
                0x00000000000003f8       0x28 ./Core/Startup/startup_stm32f401retx.o
 .debug_aranges
                0x0000000000000420       0xf0 ./Drivers/STM32F4xx_HAL_Driver/Src/stm32f4xx_hal.o
 .debug_aranges
                0x0000000000000510       0xe8 ./Drivers/STM32F4xx_HAL_Driver/Src/stm32f4xx_hal_adc.o
 .debug_aranges
                0x00000000000005f8      0x118 ./Drivers/STM32F4xx_HAL_Driver/Src/stm32f4xx_hal_cortex.o
 .debug_aranges
                0x0000000000000710       0x90 ./Drivers/STM32F4xx_HAL_Driver/Src/stm32f4xx_hal_dma.o
 .debug_aranges
                0x00000000000007a0       0x58 ./Drivers/STM32F4xx_HAL_Driver/Src/stm32f4xx_hal_gpio.o
 .debug_aranges
                0x00000000000007f8      0x2a0 ./Drivers/STM32F4xx_HAL_Driver/Src/stm32f4xx_hal_i2c.o
 .debug_aranges
                0x0000000000000a98       0x88 ./Drivers/STM32F4xx_HAL_Driver/Src/stm32f4xx_hal_rcc.o
 .debug_aranges
                0x0000000000000b20      0x3d0 ./Drivers/STM32F4xx_HAL_Driver/Src/stm32f4xx_hal_tim.o
 .debug_aranges
                0x0000000000000ef0      0x168 ./Drivers/STM32F4xx_HAL_Driver/Src/stm32f4xx_hal_tim_ex.o
 .debug_aranges
                0x0000000000001058       0x40 ./Drivers/STM32F4xx_HAL_Driver/Src/stm32f4xx_hal_wwdg.o
 .debug_aranges
                0x0000000000001098       0x38 ./OS/Src/monitor.o
 .debug_aranges
                0x00000000000010d0       0x78 ./OS/Src/scheduler.o
 .debug_aranges
                0x0000000000001148       0x48 ./OS/Src/system.o

.debug_ranges   0x0000000000000000      0xff0
 .debug_ranges  0x0000000000000000      0x100 ./App/Src/i2c-display.o
 .debug_ranges  0x0000000000000100       0x28 ./App/Src/pin_functions_stm32f401.o
 .debug_ranges  0x0000000000000128       0x18 ./App/Src/task-audio-processing.o
 .debug_ranges  0x0000000000000140       0x18 ./App/Src/task-display.o
 .debug_ranges  0x0000000000000158       0x18 ./App/Src/task-heartbeat.o
 .debug_ranges  0x0000000000000170       0x18 ./App/Src/task-mediciones.o
 .debug_ranges  0x0000000000000188       0x18 ./App/Src/task-pulsador-falla.o
 .debug_ranges  0x00000000000001a0       0x18 ./App/Src/task-pulsador-medir.o
 .debug_ranges  0x00000000000001b8       0x18 ./App/Src/task-watchdog.o
 .debug_ranges  0x00000000000001d0       0x58 ./Core/Src/main.o
 .debug_ranges  0x0000000000000228       0x48 ./Core/Src/stm32f4xx_hal_msp.o
 .debug_ranges  0x0000000000000270       0x20 ./Core/Src/stm32f4xx_hal_timebase_tim.o
 .debug_ranges  0x0000000000000290       0x70 ./Core/Src/stm32f4xx_it.o
 .debug_ranges  0x0000000000000300       0x18 ./Core/Src/system_stm32f4xx.o
 .debug_ranges  0x0000000000000318       0x20 ./Core/Startup/startup_stm32f401retx.o
 .debug_ranges  0x0000000000000338       0xe0 ./Drivers/STM32F4xx_HAL_Driver/Src/stm32f4xx_hal.o
 .debug_ranges  0x0000000000000418       0xd8 ./Drivers/STM32F4xx_HAL_Driver/Src/stm32f4xx_hal_adc.o
 .debug_ranges  0x00000000000004f0      0x108 ./Drivers/STM32F4xx_HAL_Driver/Src/stm32f4xx_hal_cortex.o
 .debug_ranges  0x00000000000005f8       0x80 ./Drivers/STM32F4xx_HAL_Driver/Src/stm32f4xx_hal_dma.o
 .debug_ranges  0x0000000000000678       0x48 ./Drivers/STM32F4xx_HAL_Driver/Src/stm32f4xx_hal_gpio.o
 .debug_ranges  0x00000000000006c0      0x2a8 ./Drivers/STM32F4xx_HAL_Driver/Src/stm32f4xx_hal_i2c.o
 .debug_ranges  0x0000000000000968       0x78 ./Drivers/STM32F4xx_HAL_Driver/Src/stm32f4xx_hal_rcc.o
 .debug_ranges  0x00000000000009e0      0x3c0 ./Drivers/STM32F4xx_HAL_Driver/Src/stm32f4xx_hal_tim.o
 .debug_ranges  0x0000000000000da0      0x158 ./Drivers/STM32F4xx_HAL_Driver/Src/stm32f4xx_hal_tim_ex.o
 .debug_ranges  0x0000000000000ef8       0x30 ./Drivers/STM32F4xx_HAL_Driver/Src/stm32f4xx_hal_wwdg.o
 .debug_ranges  0x0000000000000f28       0x28 ./OS/Src/monitor.o
 .debug_ranges  0x0000000000000f50       0x68 ./OS/Src/scheduler.o
 .debug_ranges  0x0000000000000fb8       0x38 ./OS/Src/system.o

.debug_macro    0x0000000000000000    0x1965e
 .debug_macro   0x0000000000000000      0x2b9 ./App/Src/i2c-display.o
 .debug_macro   0x00000000000002b9      0xa78 ./App/Src/i2c-display.o
 .debug_macro   0x0000000000000d31      0x2a7 ./App/Src/i2c-display.o
 .debug_macro   0x0000000000000fd8       0x2e ./App/Src/i2c-display.o
 .debug_macro   0x0000000000001006       0x28 ./App/Src/i2c-display.o
 .debug_macro   0x000000000000102e       0x22 ./App/Src/i2c-display.o
 .debug_macro   0x0000000000001050       0x8e ./App/Src/i2c-display.o
 .debug_macro   0x00000000000010de       0x51 ./App/Src/i2c-display.o
 .debug_macro   0x000000000000112f      0x103 ./App/Src/i2c-display.o
 .debug_macro   0x0000000000001232       0x6a ./App/Src/i2c-display.o
 .debug_macro   0x000000000000129c      0x1df ./App/Src/i2c-display.o
 .debug_macro   0x000000000000147b       0x1c ./App/Src/i2c-display.o
 .debug_macro   0x0000000000001497       0x22 ./App/Src/i2c-display.o
 .debug_macro   0x00000000000014b9       0xd9 ./App/Src/i2c-display.o
 .debug_macro   0x0000000000001592     0x102d ./App/Src/i2c-display.o
 .debug_macro   0x00000000000025bf      0x11f ./App/Src/i2c-display.o
 .debug_macro   0x00000000000026de     0xb86c ./App/Src/i2c-display.o
 .debug_macro   0x000000000000df4a       0x6d ./App/Src/i2c-display.o
 .debug_macro   0x000000000000dfb7     0x367e ./App/Src/i2c-display.o
 .debug_macro   0x0000000000011635      0x174 ./App/Src/i2c-display.o
 .debug_macro   0x00000000000117a9       0x5c ./App/Src/i2c-display.o
 .debug_macro   0x0000000000011805      0x416 ./App/Src/i2c-display.o
 .debug_macro   0x0000000000011c1b      0x9fe ./App/Src/i2c-display.o
 .debug_macro   0x0000000000012619      0x115 ./App/Src/i2c-display.o
 .debug_macro   0x000000000001272e       0xf8 ./App/Src/i2c-display.o
 .debug_macro   0x0000000000012826       0xa5 ./App/Src/i2c-display.o
 .debug_macro   0x00000000000128cb      0x15f ./App/Src/i2c-display.o
 .debug_macro   0x0000000000012a2a      0x287 ./App/Src/i2c-display.o
 .debug_macro   0x0000000000012cb1       0x5f ./App/Src/i2c-display.o
 .debug_macro   0x0000000000012d10      0x236 ./App/Src/i2c-display.o
 .debug_macro   0x0000000000012f46      0x9e1 ./App/Src/i2c-display.o
 .debug_macro   0x0000000000013927      0x38b ./App/Src/i2c-display.o
 .debug_macro   0x0000000000013cb2      0x176 ./App/Src/i2c-display.o
 .debug_macro   0x0000000000013e28       0xf9 ./App/Src/i2c-display.o
 .debug_macro   0x0000000000013f21      0x132 ./App/Src/i2c-display.o
 .debug_macro   0x0000000000014053      0x264 ./App/Src/i2c-display.o
 .debug_macro   0x00000000000142b7       0x2e ./App/Src/i2c-display.o
 .debug_macro   0x00000000000142e5      0x1b5 ./App/Src/i2c-display.o
 .debug_macro   0x000000000001449a       0x22 ./App/Src/i2c-display.o
 .debug_macro   0x00000000000144bc       0xd6 ./App/Src/i2c-display.o
 .debug_macro   0x0000000000014592      0x11a ./App/Src/i2c-display.o
 .debug_macro   0x00000000000146ac       0x85 ./App/Src/i2c-display.o
 .debug_macro   0x0000000000014731       0x89 ./App/Src/i2c-display.o
 .debug_macro   0x00000000000147ba      0x8e6 ./App/Src/i2c-display.o
 .debug_macro   0x00000000000150a0       0x47 ./App/Src/i2c-display.o
 .debug_macro   0x00000000000150e7       0x8d ./App/Src/i2c-display.o
 .debug_macro   0x0000000000015174      0x126 ./App/Src/i2c-display.o
 .debug_macro   0x000000000001529a       0x2e ./App/Src/i2c-display.o
 .debug_macro   0x00000000000152c8       0x28 ./App/Src/i2c-display.o
 .debug_macro   0x00000000000152f0       0x22 ./App/Src/i2c-display.o
 .debug_macro   0x0000000000015312       0x28 ./App/Src/i2c-display.o
 .debug_macro   0x000000000001533a       0x70 ./App/Src/i2c-display.o
 .debug_macro   0x00000000000153aa       0xac ./App/Src/i2c-display.o
 .debug_macro   0x0000000000015456      0x2b3 ./App/Src/pin_functions_stm32f401.o
 .debug_macro   0x0000000000015709       0xb2 ./App/Src/pin_functions_stm32f401.o
 .debug_macro   0x00000000000157bb      0x2bf ./App/Src/task-audio-processing.o
 .debug_macro   0x0000000000015a7a      0x2bf ./App/Src/task-display.o
 .debug_macro   0x0000000000015d39       0x28 ./App/Src/task-display.o
 .debug_macro   0x0000000000015d61      0x2b3 ./App/Src/task-heartbeat.o
 .debug_macro   0x0000000000016014      0x2b9 ./App/Src/task-mediciones.o
 .debug_macro   0x00000000000162cd      0x2b3 ./App/Src/task-pulsador-falla.o
 .debug_macro   0x0000000000016580      0x2b9 ./App/Src/task-pulsador-medir.o
 .debug_macro   0x0000000000016839      0x2b9 ./App/Src/task-watchdog.o
 .debug_macro   0x0000000000016af2      0x2df ./Core/Src/main.o
 .debug_macro   0x0000000000016dd1      0x2af ./Core/Src/stm32f4xx_hal_msp.o
 .debug_macro   0x0000000000017080      0x20f ./Core/Src/stm32f4xx_hal_timebase_tim.o
 .debug_macro   0x000000000001728f      0x2b9 ./Core/Src/stm32f4xx_it.o
 .debug_macro   0x0000000000017548      0x20f ./Core/Src/system_stm32f4xx.o
 .debug_macro   0x0000000000017757      0x26f ./Drivers/STM32F4xx_HAL_Driver/Src/stm32f4xx_hal.o
 .debug_macro   0x00000000000179c6      0x210 ./Drivers/STM32F4xx_HAL_Driver/Src/stm32f4xx_hal_adc.o
 .debug_macro   0x0000000000017bd6      0x20f ./Drivers/STM32F4xx_HAL_Driver/Src/stm32f4xx_hal_cortex.o
 .debug_macro   0x0000000000017de5      0x215 ./Drivers/STM32F4xx_HAL_Driver/Src/stm32f4xx_hal_dma.o
 .debug_macro   0x0000000000017ffa      0x215 ./Drivers/STM32F4xx_HAL_Driver/Src/stm32f4xx_hal_gpio.o
 .debug_macro   0x000000000001820f      0x256 ./Drivers/STM32F4xx_HAL_Driver/Src/stm32f4xx_hal_i2c.o
 .debug_macro   0x0000000000018465      0x233 ./Drivers/STM32F4xx_HAL_Driver/Src/stm32f4xx_hal_rcc.o
 .debug_macro   0x0000000000018698      0x210 ./Drivers/STM32F4xx_HAL_Driver/Src/stm32f4xx_hal_tim.o
 .debug_macro   0x00000000000188a8      0x20f ./Drivers/STM32F4xx_HAL_Driver/Src/stm32f4xx_hal_tim_ex.o
 .debug_macro   0x0000000000018ab7      0x210 ./Drivers/STM32F4xx_HAL_Driver/Src/stm32f4xx_hal_wwdg.o
 .debug_macro   0x0000000000018cc7      0x2b3 ./OS/Src/monitor.o
 .debug_macro   0x0000000000018f7a      0x38d ./OS/Src/scheduler.o
 .debug_macro   0x0000000000019307       0x1c ./OS/Src/scheduler.o
 .debug_macro   0x0000000000019323       0x52 ./OS/Src/scheduler.o
 .debug_macro   0x0000000000019375       0x10 ./OS/Src/scheduler.o
 .debug_macro   0x0000000000019385       0x20 ./OS/Src/scheduler.o
 .debug_macro   0x00000000000193a5      0x2b9 ./OS/Src/system.o

.debug_line     0x0000000000000000    0x1855c
 .debug_line    0x0000000000000000      0xc5e ./App/Src/i2c-display.o
 .debug_line    0x0000000000000c5e      0x910 ./App/Src/pin_functions_stm32f401.o
 .debug_line    0x000000000000156e      0x949 ./App/Src/task-audio-processing.o
 .debug_line    0x0000000000001eb7      0x994 ./App/Src/task-display.o
 .debug_line    0x000000000000284b      0x8cc ./App/Src/task-heartbeat.o
 .debug_line    0x0000000000003117      0x918 ./App/Src/task-mediciones.o
 .debug_line    0x0000000000003a2f      0x935 ./App/Src/task-pulsador-falla.o
 .debug_line    0x0000000000004364      0x952 ./App/Src/task-pulsador-medir.o
 .debug_line    0x0000000000004cb6      0x8c5 ./App/Src/task-watchdog.o
 .debug_line    0x000000000000557b      0xac3 ./Core/Src/main.o
 .debug_line    0x000000000000603e      0x9d1 ./Core/Src/stm32f4xx_hal_msp.o
 .debug_line    0x0000000000006a0f      0x7ae ./Core/Src/stm32f4xx_hal_timebase_tim.o
 .debug_line    0x00000000000071bd      0x9dd ./Core/Src/stm32f4xx_it.o
 .debug_line    0x0000000000007b9a      0x7c1 ./Core/Src/system_stm32f4xx.o
 .debug_line    0x000000000000835b       0x88 ./Core/Startup/startup_stm32f401retx.o
 .debug_line    0x00000000000083e3      0xa27 ./Drivers/STM32F4xx_HAL_Driver/Src/stm32f4xx_hal.o
 .debug_line    0x0000000000008e0a     0x11d1 ./Drivers/STM32F4xx_HAL_Driver/Src/stm32f4xx_hal_adc.o
 .debug_line    0x0000000000009fdb      0xcd6 ./Drivers/STM32F4xx_HAL_Driver/Src/stm32f4xx_hal_cortex.o
 .debug_line    0x000000000000acb1      0xf8b ./Drivers/STM32F4xx_HAL_Driver/Src/stm32f4xx_hal_dma.o
 .debug_line    0x000000000000bc3c      0xb5f ./Drivers/STM32F4xx_HAL_Driver/Src/stm32f4xx_hal_gpio.o
 .debug_line    0x000000000000c79b     0x39dc ./Drivers/STM32F4xx_HAL_Driver/Src/stm32f4xx_hal_i2c.o
 .debug_line    0x0000000000010177      0xda3 ./Drivers/STM32F4xx_HAL_Driver/Src/stm32f4xx_hal_rcc.o
 .debug_line    0x0000000000010f1a     0x34f5 ./Drivers/STM32F4xx_HAL_Driver/Src/stm32f4xx_hal_tim.o
 .debug_line    0x000000000001440f     0x19bf ./Drivers/STM32F4xx_HAL_Driver/Src/stm32f4xx_hal_tim_ex.o
 .debug_line    0x0000000000015dce      0x7c1 ./Drivers/STM32F4xx_HAL_Driver/Src/stm32f4xx_hal_wwdg.o
 .debug_line    0x000000000001658f      0x947 ./OS/Src/monitor.o
 .debug_line    0x0000000000016ed6      0xcf5 ./OS/Src/scheduler.o
 .debug_line    0x0000000000017bcb      0x991 ./OS/Src/system.o

.debug_str      0x0000000000000000    0x99902
 .debug_str     0x0000000000000000    0x9232b ./App/Src/i2c-display.o
                                      0x92632 (size before relaxing)
 .debug_str     0x000000000009232b      0x12e ./App/Src/pin_functions_stm32f401.o
                                      0x91e87 (size before relaxing)
 .debug_str     0x0000000000092459      0x210 ./App/Src/task-audio-processing.o
                                      0x92245 (size before relaxing)
 .debug_str     0x0000000000092669       0x6a ./App/Src/task-display.o
                                      0x91eae (size before relaxing)
 .debug_str     0x00000000000926d3       0x3c ./App/Src/task-heartbeat.o
                                      0x91dc6 (size before relaxing)
 .debug_str     0x000000000009270f       0x7a ./App/Src/task-mediciones.o
                                      0x91dca (size before relaxing)
 .debug_str     0x0000000000092789       0xa1 ./App/Src/task-pulsador-falla.o
                                      0x91e53 (size before relaxing)
 .debug_str     0x000000000009282a       0xa8 ./App/Src/task-pulsador-medir.o
                                      0x91e82 (size before relaxing)
 .debug_str     0x00000000000928d2       0x90 ./App/Src/task-watchdog.o
                                      0x91e17 (size before relaxing)
 .debug_str     0x0000000000092962      0xb4b ./Core/Src/main.o
                                      0x9310b (size before relaxing)
 .debug_str     0x00000000000934ad      0x11e ./Core/Src/stm32f4xx_hal_msp.o
                                      0x92d85 (size before relaxing)
 .debug_str     0x00000000000935cb       0xe5 ./Core/Src/stm32f4xx_hal_timebase_tim.o
                                      0x92256 (size before relaxing)
 .debug_str     0x00000000000936b0      0x14a ./Core/Src/stm32f4xx_it.o
                                      0x9241f (size before relaxing)
 .debug_str     0x00000000000937fa       0xcb ./Core/Src/system_stm32f4xx.o
                                      0x918d1 (size before relaxing)
 .debug_str     0x00000000000938c5       0x36 ./Core/Startup/startup_stm32f401retx.o
                                         0x6b (size before relaxing)
 .debug_str     0x00000000000938fb      0x5a7 ./Drivers/STM32F4xx_HAL_Driver/Src/stm32f4xx_hal.o
                                      0x922f3 (size before relaxing)
 .debug_str     0x0000000000093ea2      0x2a8 ./Drivers/STM32F4xx_HAL_Driver/Src/stm32f4xx_hal_adc.o
                                      0x91eac (size before relaxing)
 .debug_str     0x000000000009414a      0x326 ./Drivers/STM32F4xx_HAL_Driver/Src/stm32f4xx_hal_cortex.o
                                      0x92014 (size before relaxing)
 .debug_str     0x0000000000094470      0x2d5 ./Drivers/STM32F4xx_HAL_Driver/Src/stm32f4xx_hal_dma.o
                                      0x91cd9 (size before relaxing)
 .debug_str     0x0000000000094745       0xfd ./Drivers/STM32F4xx_HAL_Driver/Src/stm32f4xx_hal_gpio.o
                                      0x91a4c (size before relaxing)
 .debug_str     0x0000000000094842      0xa99 ./Drivers/STM32F4xx_HAL_Driver/Src/stm32f4xx_hal_i2c.o
                                      0x9288f (size before relaxing)
 .debug_str     0x00000000000952db      0x1dd ./Drivers/STM32F4xx_HAL_Driver/Src/stm32f4xx_hal_rcc.o
                                      0x91d05 (size before relaxing)
 .debug_str     0x00000000000954b8      0xdf3 ./Drivers/STM32F4xx_HAL_Driver/Src/stm32f4xx_hal_tim.o
                                      0x92c39 (size before relaxing)
 .debug_str     0x00000000000962ab      0x503 ./Drivers/STM32F4xx_HAL_Driver/Src/stm32f4xx_hal_tim_ex.o
                                      0x92455 (size before relaxing)
 .debug_str     0x00000000000967ae       0x56 ./Drivers/STM32F4xx_HAL_Driver/Src/stm32f4xx_hal_wwdg.o
                                      0x91814 (size before relaxing)
 .debug_str     0x0000000000096804      0x15d ./OS/Src/monitor.o
                                      0x92475 (size before relaxing)
 .debug_str     0x0000000000096961     0x2f43 ./OS/Src/scheduler.o
                                      0x952ff (size before relaxing)
 .debug_str     0x00000000000998a4       0x5e ./OS/Src/system.o
                                      0x920c3 (size before relaxing)

.comment        0x0000000000000000       0x50
 .comment       0x0000000000000000       0x50 ./App/Src/i2c-display.o
                                         0x51 (size before relaxing)
 .comment       0x0000000000000050       0x51 ./App/Src/pin_functions_stm32f401.o
 .comment       0x0000000000000050       0x51 ./App/Src/task-audio-processing.o
 .comment       0x0000000000000050       0x51 ./App/Src/task-display.o
 .comment       0x0000000000000050       0x51 ./App/Src/task-heartbeat.o
 .comment       0x0000000000000050       0x51 ./App/Src/task-mediciones.o
 .comment       0x0000000000000050       0x51 ./App/Src/task-pulsador-falla.o
 .comment       0x0000000000000050       0x51 ./App/Src/task-pulsador-medir.o
 .comment       0x0000000000000050       0x51 ./App/Src/task-watchdog.o
 .comment       0x0000000000000050       0x51 ./Core/Src/main.o
 .comment       0x0000000000000050       0x51 ./Core/Src/stm32f4xx_hal_msp.o
 .comment       0x0000000000000050       0x51 ./Core/Src/stm32f4xx_hal_timebase_tim.o
 .comment       0x0000000000000050       0x51 ./Core/Src/stm32f4xx_it.o
 .comment       0x0000000000000050       0x51 ./Core/Src/system_stm32f4xx.o
 .comment       0x0000000000000050       0x51 ./Drivers/STM32F4xx_HAL_Driver/Src/stm32f4xx_hal.o
 .comment       0x0000000000000050       0x51 ./Drivers/STM32F4xx_HAL_Driver/Src/stm32f4xx_hal_adc.o
 .comment       0x0000000000000050       0x51 ./Drivers/STM32F4xx_HAL_Driver/Src/stm32f4xx_hal_cortex.o
 .comment       0x0000000000000050       0x51 ./Drivers/STM32F4xx_HAL_Driver/Src/stm32f4xx_hal_dma.o
 .comment       0x0000000000000050       0x51 ./Drivers/STM32F4xx_HAL_Driver/Src/stm32f4xx_hal_gpio.o
 .comment       0x0000000000000050       0x51 ./Drivers/STM32F4xx_HAL_Driver/Src/stm32f4xx_hal_i2c.o
 .comment       0x0000000000000050       0x51 ./Drivers/STM32F4xx_HAL_Driver/Src/stm32f4xx_hal_rcc.o
 .comment       0x0000000000000050       0x51 ./Drivers/STM32F4xx_HAL_Driver/Src/stm32f4xx_hal_tim.o
 .comment       0x0000000000000050       0x51 ./Drivers/STM32F4xx_HAL_Driver/Src/stm32f4xx_hal_tim_ex.o
 .comment       0x0000000000000050       0x51 ./Drivers/STM32F4xx_HAL_Driver/Src/stm32f4xx_hal_wwdg.o
 .comment       0x0000000000000050       0x51 ./OS/Src/monitor.o
 .comment       0x0000000000000050       0x51 ./OS/Src/scheduler.o
 .comment       0x0000000000000050       0x51 ./OS/Src/system.o

.debug_frame    0x0000000000000000     0x4690
 .debug_frame   0x0000000000000000      0x3f0 ./App/Src/i2c-display.o
 .debug_frame   0x00000000000003f0       0xa0 ./App/Src/pin_functions_stm32f401.o
 .debug_frame   0x0000000000000490       0x5c ./App/Src/task-audio-processing.o
 .debug_frame   0x00000000000004ec       0x50 ./App/Src/task-display.o
 .debug_frame   0x000000000000053c       0x48 ./App/Src/task-heartbeat.o
 .debug_frame   0x0000000000000584       0x50 ./App/Src/task-mediciones.o
 .debug_frame   0x00000000000005d4       0x54 ./App/Src/task-pulsador-falla.o
 .debug_frame   0x0000000000000628       0x5c ./App/Src/task-pulsador-medir.o
 .debug_frame   0x0000000000000684       0x4c ./App/Src/task-watchdog.o
 .debug_frame   0x00000000000006d0      0x14c ./Core/Src/main.o
 .debug_frame   0x000000000000081c      0x130 ./Core/Src/stm32f4xx_hal_msp.o
 .debug_frame   0x000000000000094c       0x74 ./Core/Src/stm32f4xx_hal_timebase_tim.o
 .debug_frame   0x00000000000009c0      0x174 ./Core/Src/stm32f4xx_it.o
 .debug_frame   0x0000000000000b34       0x58 ./Core/Src/system_stm32f4xx.o
 .debug_frame   0x0000000000000b8c      0x374 ./Drivers/STM32F4xx_HAL_Driver/Src/stm32f4xx_hal.o
 .debug_frame   0x0000000000000f00      0x3fc ./Drivers/STM32F4xx_HAL_Driver/Src/stm32f4xx_hal_adc.o
 .debug_frame   0x00000000000012fc      0x498 ./Drivers/STM32F4xx_HAL_Driver/Src/stm32f4xx_hal_cortex.o
 .debug_frame   0x0000000000001794      0x250 ./Drivers/STM32F4xx_HAL_Driver/Src/stm32f4xx_hal_dma.o
 .debug_frame   0x00000000000019e4      0x14c ./Drivers/STM32F4xx_HAL_Driver/Src/stm32f4xx_hal_gpio.o
 .debug_frame   0x0000000000001b30      0xc5c ./Drivers/STM32F4xx_HAL_Driver/Src/stm32f4xx_hal_i2c.o
 .debug_frame   0x000000000000278c      0x1f4 ./Drivers/STM32F4xx_HAL_Driver/Src/stm32f4xx_hal_rcc.o
 .debug_frame   0x0000000000002980     0x11bc ./Drivers/STM32F4xx_HAL_Driver/Src/stm32f4xx_hal_tim.o
 .debug_frame   0x0000000000003b3c      0x638 ./Drivers/STM32F4xx_HAL_Driver/Src/stm32f4xx_hal_tim_ex.o
 .debug_frame   0x0000000000004174       0xd0 ./Drivers/STM32F4xx_HAL_Driver/Src/stm32f4xx_hal_wwdg.o
 .debug_frame   0x0000000000004244       0x98 ./OS/Src/monitor.o
 .debug_frame   0x00000000000042dc      0x1b0 ./OS/Src/scheduler.o
 .debug_frame   0x000000000000448c       0xd8 ./OS/Src/system.o
 .debug_frame   0x0000000000004564       0x2c d:/stm32/stm32cubeide_1.10.0/stm32cubeide/plugins/com.st.stm32cube.ide.mcu.externaltools.gnu-tools-for-stm32.10.3-2021.10.win32_1.0.0.202111181127/tools/bin/../lib/gcc/arm-none-eabi/10.3.1/../../../../arm-none-eabi/lib/thumb/v7e-m+fp/hard\libc_nano.a(lib_a-init.o)
 .debug_frame   0x0000000000004590       0x38 d:/stm32/stm32cubeide_1.10.0/stm32cubeide/plugins/com.st.stm32cube.ide.mcu.externaltools.gnu-tools-for-stm32.10.3-2021.10.win32_1.0.0.202111181127/tools/bin/../lib/gcc/arm-none-eabi/10.3.1/../../../../arm-none-eabi/lib/thumb/v7e-m+fp/hard\libc_nano.a(lib_a-itoa.o)
 .debug_frame   0x00000000000045c8       0x20 d:/stm32/stm32cubeide_1.10.0/stm32cubeide/plugins/com.st.stm32cube.ide.mcu.externaltools.gnu-tools-for-stm32.10.3-2021.10.win32_1.0.0.202111181127/tools/bin/../lib/gcc/arm-none-eabi/10.3.1/../../../../arm-none-eabi/lib/thumb/v7e-m+fp/hard\libc_nano.a(lib_a-memset.o)
 .debug_frame   0x00000000000045e8       0x48 d:/stm32/stm32cubeide_1.10.0/stm32cubeide/plugins/com.st.stm32cube.ide.mcu.externaltools.gnu-tools-for-stm32.10.3-2021.10.win32_1.0.0.202111181127/tools/bin/../lib/gcc/arm-none-eabi/10.3.1/../../../../arm-none-eabi/lib/thumb/v7e-m+fp/hard\libc_nano.a(lib_a-utoa.o)
 .debug_frame   0x0000000000004630       0x2c d:/stm32/stm32cubeide_1.10.0/stm32cubeide/plugins/com.st.stm32cube.ide.mcu.externaltools.gnu-tools-for-stm32.10.3-2021.10.win32_1.0.0.202111181127/tools/bin/../lib/gcc/arm-none-eabi/10.3.1/thumb/v7e-m+fp/hard\libgcc.a(_aeabi_uldivmod.o)
 .debug_frame   0x000000000000465c       0x34 d:/stm32/stm32cubeide_1.10.0/stm32cubeide/plugins/com.st.stm32cube.ide.mcu.externaltools.gnu-tools-for-stm32.10.3-2021.10.win32_1.0.0.202111181127/tools/bin/../lib/gcc/arm-none-eabi/10.3.1/thumb/v7e-m+fp/hard\libgcc.a(_udivmoddi4.o)
