../Core/Src/main.c:124:5:main	8	static
../Core/Src/main.c:176:6:SystemClock_Config	88	static
../Core/Src/main.c:223:13:MX_ADC1_Init	24	static
../Core/Src/main.c:275:13:MX_I2C1_Init	8	static
../Core/Src/main.c:309:13:MX_TIM11_Init	8	static
../Core/Src/main.c:340:13:MX_WWDG_Init	4	static
../Core/Src/main.c:370:13:MX_DMA_Init	16	static
../Core/Src/main.c:388:13:MX_GPIO_Init	48	static
../Core/Src/main.c:441:6:HAL_TIM_PeriodElapsedCallback	16	static
../Core/Src/main.c:460:6:Error_Handler	4	static,ignoring_inline_asm
