Archive member included to satisfy reference by file (symbol)

d:/stm32/stm32cubeide_1.10.0/stm32cubeide/plugins/com.st.stm32cube.ide.mcu.externaltools.gnu-tools-for-stm32.10.3-2021.10.win32_1.0.0.202111181127/tools/bin/../lib/gcc/arm-none-eabi/10.3.1/../../../../arm-none-eabi/lib/thumb/v7e-m+fp/hard\libc_nano.a(lib_a-errno.o)
                              ./Core/Src/syscalls.o (__errno)
d:/stm32/stm32cubeide_1.10.0/stm32cubeide/plugins/com.st.stm32cube.ide.mcu.externaltools.gnu-tools-for-stm32.10.3-2021.10.win32_1.0.0.202111181127/tools/bin/../lib/gcc/arm-none-eabi/10.3.1/../../../../arm-none-eabi/lib/thumb/v7e-m+fp/hard\libc_nano.a(lib_a-exit.o)
                              d:/stm32/stm32cubeide_1.10.0/stm32cubeide/plugins/com.st.stm32cube.ide.mcu.externaltools.gnu-tools-for-stm32.10.3-2021.10.win32_1.0.0.202111181127/tools/bin/../lib/gcc/arm-none-eabi/10.3.1/../../../../arm-none-eabi/lib/thumb/v7e-m+fp/hard/crt0.o (exit)
d:/stm32/stm32cubeide_1.10.0/stm32cubeide/plugins/com.st.stm32cube.ide.mcu.externaltools.gnu-tools-for-stm32.10.3-2021.10.win32_1.0.0.202111181127/tools/bin/../lib/gcc/arm-none-eabi/10.3.1/../../../../arm-none-eabi/lib/thumb/v7e-m+fp/hard\libc_nano.a(lib_a-impure.o)
                              d:/stm32/stm32cubeide_1.10.0/stm32cubeide/plugins/com.st.stm32cube.ide.mcu.externaltools.gnu-tools-for-stm32.10.3-2021.10.win32_1.0.0.202111181127/tools/bin/../lib/gcc/arm-none-eabi/10.3.1/../../../../arm-none-eabi/lib/thumb/v7e-m+fp/hard\libc_nano.a(lib_a-exit.o) (_global_impure_ptr)
d:/stm32/stm32cubeide_1.10.0/stm32cubeide/plugins/com.st.stm32cube.ide.mcu.externaltools.gnu-tools-for-stm32.10.3-2021.10.win32_1.0.0.202111181127/tools/bin/../lib/gcc/arm-none-eabi/10.3.1/../../../../arm-none-eabi/lib/thumb/v7e-m+fp/hard\libc_nano.a(lib_a-init.o)
                              d:/stm32/stm32cubeide_1.10.0/stm32cubeide/plugins/com.st.stm32cube.ide.mcu.externaltools.gnu-tools-for-stm32.10.3-2021.10.win32_1.0.0.202111181127/tools/bin/../lib/gcc/arm-none-eabi/10.3.1/../../../../arm-none-eabi/lib/thumb/v7e-m+fp/hard/crt0.o (__libc_init_array)
d:/stm32/stm32cubeide_1.10.0/stm32cubeide/plugins/com.st.stm32cube.ide.mcu.externaltools.gnu-tools-for-stm32.10.3-2021.10.win32_1.0.0.202111181127/tools/bin/../lib/gcc/arm-none-eabi/10.3.1/../../../../arm-none-eabi/lib/thumb/v7e-m+fp/hard\libc_nano.a(lib_a-itoa.o)
                              ./App/Src/task-display.o (itoa)
d:/stm32/stm32cubeide_1.10.0/stm32cubeide/plugins/com.st.stm32cube.ide.mcu.externaltools.gnu-tools-for-stm32.10.3-2021.10.win32_1.0.0.202111181127/tools/bin/../lib/gcc/arm-none-eabi/10.3.1/../../../../arm-none-eabi/lib/thumb/v7e-m+fp/hard\libc_nano.a(lib_a-memset.o)
                              d:/stm32/stm32cubeide_1.10.0/stm32cubeide/plugins/com.st.stm32cube.ide.mcu.externaltools.gnu-tools-for-stm32.10.3-2021.10.win32_1.0.0.202111181127/tools/bin/../lib/gcc/arm-none-eabi/10.3.1/../../../../arm-none-eabi/lib/thumb/v7e-m+fp/hard/crt0.o (memset)
d:/stm32/stm32cubeide_1.10.0/stm32cubeide/plugins/com.st.stm32cube.ide.mcu.externaltools.gnu-tools-for-stm32.10.3-2021.10.win32_1.0.0.202111181127/tools/bin/../lib/gcc/arm-none-eabi/10.3.1/../../../../arm-none-eabi/lib/thumb/v7e-m+fp/hard\libc_nano.a(lib_a-utoa.o)
                              d:/stm32/stm32cubeide_1.10.0/stm32cubeide/plugins/com.st.stm32cube.ide.mcu.externaltools.gnu-tools-for-stm32.10.3-2021.10.win32_1.0.0.202111181127/tools/bin/../lib/gcc/arm-none-eabi/10.3.1/../../../../arm-none-eabi/lib/thumb/v7e-m+fp/hard\libc_nano.a(lib_a-itoa.o) (__utoa)
d:/stm32/stm32cubeide_1.10.0/stm32cubeide/plugins/com.st.stm32cube.ide.mcu.externaltools.gnu-tools-for-stm32.10.3-2021.10.win32_1.0.0.202111181127/tools/bin/../lib/gcc/arm-none-eabi/10.3.1/thumb/v7e-m+fp/hard\libgcc.a(_aeabi_uldivmod.o)
                              ./Drivers/STM32F4xx_HAL_Driver/Src/stm32f4xx_hal_rcc.o (__aeabi_uldivmod)
d:/stm32/stm32cubeide_1.10.0/stm32cubeide/plugins/com.st.stm32cube.ide.mcu.externaltools.gnu-tools-for-stm32.10.3-2021.10.win32_1.0.0.202111181127/tools/bin/../lib/gcc/arm-none-eabi/10.3.1/thumb/v7e-m+fp/hard\libgcc.a(_udivmoddi4.o)
                              d:/stm32/stm32cubeide_1.10.0/stm32cubeide/plugins/com.st.stm32cube.ide.mcu.externaltools.gnu-tools-for-stm32.10.3-2021.10.win32_1.0.0.202111181127/tools/bin/../lib/gcc/arm-none-eabi/10.3.1/thumb/v7e-m+fp/hard\libgcc.a(_aeabi_uldivmod.o) (__udivmoddi4)
d:/stm32/stm32cubeide_1.10.0/stm32cubeide/plugins/com.st.stm32cube.ide.mcu.externaltools.gnu-tools-for-stm32.10.3-2021.10.win32_1.0.0.202111181127/tools/bin/../lib/gcc/arm-none-eabi/10.3.1/thumb/v7e-m+fp/hard\libgcc.a(_dvmd_tls.o)
                              d:/stm32/stm32cubeide_1.10.0/stm32cubeide/plugins/com.st.stm32cube.ide.mcu.externaltools.gnu-tools-for-stm32.10.3-2021.10.win32_1.0.0.202111181127/tools/bin/../lib/gcc/arm-none-eabi/10.3.1/thumb/v7e-m+fp/hard\libgcc.a(_aeabi_uldivmod.o) (__aeabi_ldiv0)

Discarded input sections

[...]
Memory Configuration

Name             Origin             Length             Attributes
RAM              0x0000000020000000 0x0000000000018000 xrw
FLASH            0x0000000008000000 0x0000000000080000 xr
*default*        0x0000000000000000 0xffffffffffffffff

Linker script and memory map

LOAD d:/stm32/stm32cubeide_1.10.0/stm32cubeide/plugins/com.st.stm32cube.ide.mcu.externaltools.gnu-tools-for-stm32.10.3-2021.10.win32_1.0.0.202111181127/tools/bin/../lib/gcc/arm-none-eabi/10.3.1/thumb/v7e-m+fp/hard/crti.o
LOAD d:/stm32/stm32cubeide_1.10.0/stm32cubeide/plugins/com.st.stm32cube.ide.mcu.externaltools.gnu-tools-for-stm32.10.3-2021.10.win32_1.0.0.202111181127/tools/bin/../lib/gcc/arm-none-eabi/10.3.1/thumb/v7e-m+fp/hard/crtbegin.o
LOAD d:/stm32/stm32cubeide_1.10.0/stm32cubeide/plugins/com.st.stm32cube.ide.mcu.externaltools.gnu-tools-for-stm32.10.3-2021.10.win32_1.0.0.202111181127/tools/bin/../lib/gcc/arm-none-eabi/10.3.1/../../../../arm-none-eabi/lib/thumb/v7e-m+fp/hard/crt0.o
LOAD ./App/Src/pin_functions_stm32f401.o
LOAD ./App/Src/task-audio-processing.o
LOAD ./App/Src/task-display.o
LOAD ./App/Src/task-heartbeat.o
LOAD ./App/Src/task-watchdog.o
LOAD ./Core/Src/main.o
LOAD ./Core/Src/stm32f4xx_hal_msp.o
LOAD ./Core/Src/stm32f4xx_hal_timebase_tim.o
LOAD ./Core/Src/stm32f4xx_it.o
LOAD ./Core/Src/syscalls.o
LOAD ./Core/Src/sysmem.o
LOAD ./Core/Src/system_stm32f4xx.o
LOAD ./Core/Startup/startup_stm32f401retx.o
LOAD ./Drivers/STM32F4xx_HAL_Driver/Src/stm32f4xx_hal.o
LOAD ./Drivers/STM32F4xx_HAL_Driver/Src/stm32f4xx_hal_adc.o
LOAD ./Drivers/STM32F4xx_HAL_Driver/Src/stm32f4xx_hal_adc_ex.o
LOAD ./Drivers/STM32F4xx_HAL_Driver/Src/stm32f4xx_hal_cortex.o
LOAD ./Drivers/STM32F4xx_HAL_Driver/Src/stm32f4xx_hal_dma.o
LOAD ./Drivers/STM32F4xx_HAL_Driver/Src/stm32f4xx_hal_dma_ex.o
LOAD ./Drivers/STM32F4xx_HAL_Driver/Src/stm32f4xx_hal_exti.o
LOAD ./Drivers/STM32F4xx_HAL_Driver/Src/stm32f4xx_hal_flash.o
LOAD ./Drivers/STM32F4xx_HAL_Driver/Src/stm32f4xx_hal_flash_ex.o
LOAD ./Drivers/STM32F4xx_HAL_Driver/Src/stm32f4xx_hal_flash_ramfunc.o
LOAD ./Drivers/STM32F4xx_HAL_Driver/Src/stm32f4xx_hal_gpio.o
LOAD ./Drivers/STM32F4xx_HAL_Driver/Src/stm32f4xx_hal_i2c.o
LOAD ./Drivers/STM32F4xx_HAL_Driver/Src/stm32f4xx_hal_i2c_ex.o
LOAD ./Drivers/STM32F4xx_HAL_Driver/Src/stm32f4xx_hal_pwr.o
LOAD ./Drivers/STM32F4xx_HAL_Driver/Src/stm32f4xx_hal_pwr_ex.o
LOAD ./Drivers/STM32F4xx_HAL_Driver/Src/stm32f4xx_hal_rcc.o
LOAD ./Drivers/STM32F4xx_HAL_Driver/Src/stm32f4xx_hal_rcc_ex.o
LOAD ./Drivers/STM32F4xx_HAL_Driver/Src/stm32f4xx_hal_tim.o
LOAD ./Drivers/STM32F4xx_HAL_Driver/Src/stm32f4xx_hal_tim_ex.o
LOAD ./Drivers/STM32F4xx_HAL_Driver/Src/stm32f4xx_hal_uart.o
LOAD ./Drivers/STM32F4xx_HAL_Driver/Src/stm32f4xx_hal_wwdg.o
LOAD ./Drivers/STM32F4xx_HAL_Driver/Src/stm32f4xx_ll_adc.o
LOAD ./OS/Src/monitor.o
LOAD ./OS/Src/scheduler.o
LOAD ./OS/Src/system.o
START GROUP
LOAD d:/stm32/stm32cubeide_1.10.0/stm32cubeide/plugins/com.st.stm32cube.ide.mcu.externaltools.gnu-tools-for-stm32.10.3-2021.10.win32_1.0.0.202111181127/tools/bin/../lib/gcc/arm-none-eabi/10.3.1/../../../../arm-none-eabi/lib/thumb/v7e-m+fp/hard\libc_nano.a
LOAD d:/stm32/stm32cubeide_1.10.0/stm32cubeide/plugins/com.st.stm32cube.ide.mcu.externaltools.gnu-tools-for-stm32.10.3-2021.10.win32_1.0.0.202111181127/tools/bin/../lib/gcc/arm-none-eabi/10.3.1/../../../../arm-none-eabi/lib/thumb/v7e-m+fp/hard\libm.a
END GROUP
START GROUP
LOAD d:/stm32/stm32cubeide_1.10.0/stm32cubeide/plugins/com.st.stm32cube.ide.mcu.externaltools.gnu-tools-for-stm32.10.3-2021.10.win32_1.0.0.202111181127/tools/bin/../lib/gcc/arm-none-eabi/10.3.1/thumb/v7e-m+fp/hard\libgcc.a
LOAD d:/stm32/stm32cubeide_1.10.0/stm32cubeide/plugins/com.st.stm32cube.ide.mcu.externaltools.gnu-tools-for-stm32.10.3-2021.10.win32_1.0.0.202111181127/tools/bin/../lib/gcc/arm-none-eabi/10.3.1/../../../../arm-none-eabi/lib/thumb/v7e-m+fp/hard\libc_nano.a
END GROUP
START GROUP
LOAD d:/stm32/stm32cubeide_1.10.0/stm32cubeide/plugins/com.st.stm32cube.ide.mcu.externaltools.gnu-tools-for-stm32.10.3-2021.10.win32_1.0.0.202111181127/tools/bin/../lib/gcc/arm-none-eabi/10.3.1/thumb/v7e-m+fp/hard\libgcc.a
LOAD d:/stm32/stm32cubeide_1.10.0/stm32cubeide/plugins/com.st.stm32cube.ide.mcu.externaltools.gnu-tools-for-stm32.10.3-2021.10.win32_1.0.0.202111181127/tools/bin/../lib/gcc/arm-none-eabi/10.3.1/../../../../arm-none-eabi/lib/thumb/v7e-m+fp/hard\libc_nano.a
LOAD d:/stm32/stm32cubeide_1.10.0/stm32cubeide/plugins/com.st.stm32cube.ide.mcu.externaltools.gnu-tools-for-stm32.10.3-2021.10.win32_1.0.0.202111181127/tools/bin/../lib/gcc/arm-none-eabi/10.3.1/../../../../arm-none-eabi/lib/thumb/v7e-m+fp/hard\libnosys.a
END GROUP
START GROUP
LOAD d:/stm32/stm32cubeide_1.10.0/stm32cubeide/plugins/com.st.stm32cube.ide.mcu.externaltools.gnu-tools-for-stm32.10.3-2021.10.win32_1.0.0.202111181127/tools/bin/../lib/gcc/arm-none-eabi/10.3.1/thumb/v7e-m+fp/hard\libgcc.a
LOAD d:/stm32/stm32cubeide_1.10.0/stm32cubeide/plugins/com.st.stm32cube.ide.mcu.externaltools.gnu-tools-for-stm32.10.3-2021.10.win32_1.0.0.202111181127/tools/bin/../lib/gcc/arm-none-eabi/10.3.1/../../../../arm-none-eabi/lib/thumb/v7e-m+fp/hard\libc_nano.a
LOAD d:/stm32/stm32cubeide_1.10.0/stm32cubeide/plugins/com.st.stm32cube.ide.mcu.externaltools.gnu-tools-for-stm32.10.3-2021.10.win32_1.0.0.202111181127/tools/bin/../lib/gcc/arm-none-eabi/10.3.1/../../../../arm-none-eabi/lib/thumb/v7e-m+fp/hard\libnosys.a
END GROUP
LOAD d:/stm32/stm32cubeide_1.10.0/stm32cubeide/plugins/com.st.stm32cube.ide.mcu.externaltools.gnu-tools-for-stm32.10.3-2021.10.win32_1.0.0.202111181127/tools/bin/../lib/gcc/arm-none-eabi/10.3.1/thumb/v7e-m+fp/hard/crtend.o
LOAD d:/stm32/stm32cubeide_1.10.0/stm32cubeide/plugins/com.st.stm32cube.ide.mcu.externaltools.gnu-tools-for-stm32.10.3-2021.10.win32_1.0.0.202111181127/tools/bin/../lib/gcc/arm-none-eabi/10.3.1/thumb/v7e-m+fp/hard/crtn.o
                0x0000000020018000                _estack = (ORIGIN (RAM) + LENGTH (RAM))
                0x0000000000000200                _Min_Heap_Size = 0x200
                0x0000000000000400                _Min_Stack_Size = 0x400

.isr_vector     0x0000000008000000      0x194
                0x0000000008000000                . = ALIGN (0x4)
 *(.isr_vector)
 .isr_vector    0x0000000008000000      0x194 ./Core/Startup/startup_stm32f401retx.o
                0x0000000008000000                g_pfnVectors
                0x0000000008000194                . = ALIGN (0x4)

.text           0x0000000008000194     0x48bc
                0x0000000008000194                . = ALIGN (0x4)
 *(.text)
 .text          0x0000000008000194       0x40 d:/stm32/stm32cubeide_1.10.0/stm32cubeide/plugins/com.st.stm32cube.ide.mcu.externaltools.gnu-tools-for-stm32.10.3-2021.10.win32_1.0.0.202111181127/tools/bin/../lib/gcc/arm-none-eabi/10.3.1/thumb/v7e-m+fp/hard/crtbegin.o
 .text          0x00000000080001d4       0x30 d:/stm32/stm32cubeide_1.10.0/stm32cubeide/plugins/com.st.stm32cube.ide.mcu.externaltools.gnu-tools-for-stm32.10.3-2021.10.win32_1.0.0.202111181127/tools/bin/../lib/gcc/arm-none-eabi/10.3.1/thumb/v7e-m+fp/hard\libgcc.a(_aeabi_uldivmod.o)
                0x00000000080001d4                __aeabi_uldivmod
 .text          0x0000000008000204      0x2d0 d:/stm32/stm32cubeide_1.10.0/stm32cubeide/plugins/com.st.stm32cube.ide.mcu.externaltools.gnu-tools-for-stm32.10.3-2021.10.win32_1.0.0.202111181127/tools/bin/../lib/gcc/arm-none-eabi/10.3.1/thumb/v7e-m+fp/hard\libgcc.a(_udivmoddi4.o)
                0x0000000008000204                __udivmoddi4
 .text          0x00000000080004d4        0x4 d:/stm32/stm32cubeide_1.10.0/stm32cubeide/plugins/com.st.stm32cube.ide.mcu.externaltools.gnu-tools-for-stm32.10.3-2021.10.win32_1.0.0.202111181127/tools/bin/../lib/gcc/arm-none-eabi/10.3.1/thumb/v7e-m+fp/hard\libgcc.a(_dvmd_tls.o)
                0x00000000080004d4                __aeabi_idiv0
                0x00000000080004d4                __aeabi_ldiv0
 *(.text*)
 .text.Pin_Write
                0x00000000080004d8       0x24 ./App/Src/pin_functions_stm32f401.o
                0x00000000080004d8                Pin_Write
 .text.READ_ADC_Init
                0x00000000080004fc       0x44 ./App/Src/task-audio-processing.o
                0x00000000080004fc                READ_ADC_Init
 .text.READ_ADC_Update
                0x0000000008000540       0xc8 ./App/Src/task-audio-processing.o
                0x0000000008000540                READ_ADC_Update
 .text.HD44780_Init
                0x0000000008000608      0x10c ./App/Src/task-display.o
                0x0000000008000608                HD44780_Init
 .text.lcd_update
                0x0000000008000714       0x48 ./App/Src/task-display.o
                0x0000000008000714                lcd_update
 .text.HD44780_Clear
                0x000000000800075c       0x16 ./App/Src/task-display.o
                0x000000000800075c                HD44780_Clear
 .text.HD44780_Home
                0x0000000008000772       0x16 ./App/Src/task-display.o
                0x0000000008000772                HD44780_Home
 .text.HD44780_SetCursor
                0x0000000008000788       0x64 ./App/Src/task-display.o
                0x0000000008000788                HD44780_SetCursor
 .text.HD44780_Display
                0x00000000080007ec       0x2c ./App/Src/task-display.o
                0x00000000080007ec                HD44780_Display
 .text.HD44780_Cursor
                0x0000000008000818       0x2c ./App/Src/task-display.o
                0x0000000008000818                HD44780_Cursor
 .text.HD44780_CreateSpecialChar
                0x0000000008000844       0x52 ./App/Src/task-display.o
                0x0000000008000844                HD44780_CreateSpecialChar
 .text.HD44780_PrintStr
                0x0000000008000896       0x2a ./App/Src/task-display.o
                0x0000000008000896                HD44780_PrintStr
 .text.SendCommand
                0x00000000080008c0       0x1c ./App/Src/task-display.o
 .text.SendChar
                0x00000000080008dc       0x1c ./App/Src/task-display.o
 .text.Send     0x00000000080008f8       0x42 ./App/Src/task-display.o
 .text.Write4Bits
                0x000000000800093a       0x22 ./App/Src/task-display.o
 .text.ExpanderWrite
                0x000000000800095c       0x38 ./App/Src/task-display.o
 .text.PulseEnable
                0x0000000008000994       0x3a ./App/Src/task-display.o
 *fill*         0x00000000080009ce        0x2 
 .text.DelayInit
                0x00000000080009d0       0x54 ./App/Src/task-display.o
 .text.DelayUS  0x0000000008000a24       0x50 ./App/Src/task-display.o
 .text.HEARTBEAT_Init
                0x0000000008000a74        0xe ./App/Src/task-heartbeat.o
                0x0000000008000a74                HEARTBEAT_Init
 *fill*         0x0000000008000a82        0x2 
 .text.HEARTBEAT_Update
                0x0000000008000a84       0x14 ./App/Src/task-heartbeat.o
                0x0000000008000a84                HEARTBEAT_Update
 .text.WATCHDOG_Update
                0x0000000008000a98       0x14 ./App/Src/task-watchdog.o
                0x0000000008000a98                WATCHDOG_Update
 .text.main     0x0000000008000aac       0x3c ./Core/Src/main.o
                0x0000000008000aac                main
 .text.SystemClock_Config
                0x0000000008000ae8       0xd8 ./Core/Src/main.o
                0x0000000008000ae8                SystemClock_Config
 .text.MX_ADC1_Init
                0x0000000008000bc0       0xa4 ./Core/Src/main.o
 .text.MX_I2C1_Init
                0x0000000008000c64       0x5c ./Core/Src/main.o
 .text.MX_TIM11_Init
                0x0000000008000cc0       0x48 ./Core/Src/main.o
 .text.MX_USART2_UART_Init
                0x0000000008000d08       0x54 ./Core/Src/main.o
 .text.MX_GPIO_Init
                0x0000000008000d5c       0xdc ./Core/Src/main.o
 .text.HAL_TIM_PeriodElapsedCallback
                0x0000000008000e38       0x34 ./Core/Src/main.o
                0x0000000008000e38                HAL_TIM_PeriodElapsedCallback
 .text.Error_Handler
                0x0000000008000e6c        0xa ./Core/Src/main.o
                0x0000000008000e6c                Error_Handler
 *fill*         0x0000000008000e76        0x2 
 .text.HAL_MspInit
                0x0000000008000e78       0x50 ./Core/Src/stm32f4xx_hal_msp.o
                0x0000000008000e78                HAL_MspInit
 .text.HAL_ADC_MspInit
                0x0000000008000ec8       0x88 ./Core/Src/stm32f4xx_hal_msp.o
                0x0000000008000ec8                HAL_ADC_MspInit
 .text.HAL_I2C_MspInit
                0x0000000008000f50       0x90 ./Core/Src/stm32f4xx_hal_msp.o
                0x0000000008000f50                HAL_I2C_MspInit
 .text.HAL_TIM_Base_MspInit
                0x0000000008000fe0       0x50 ./Core/Src/stm32f4xx_hal_msp.o
                0x0000000008000fe0                HAL_TIM_Base_MspInit
 .text.HAL_TIM_Base_MspDeInit
                0x0000000008001030       0x34 ./Core/Src/stm32f4xx_hal_msp.o
                0x0000000008001030                HAL_TIM_Base_MspDeInit
 .text.HAL_UART_MspInit
                0x0000000008001064       0x90 ./Core/Src/stm32f4xx_hal_msp.o
                0x0000000008001064                HAL_UART_MspInit
 .text.HAL_InitTick
                0x00000000080010f4       0xe4 ./Core/Src/stm32f4xx_hal_timebase_tim.o
                0x00000000080010f4                HAL_InitTick
 .text.NMI_Handler
                0x00000000080011d8        0x6 ./Core/Src/stm32f4xx_it.o
                0x00000000080011d8                NMI_Handler
 .text.HardFault_Handler
                0x00000000080011de        0x6 ./Core/Src/stm32f4xx_it.o
                0x00000000080011de                HardFault_Handler
 .text.MemManage_Handler
                0x00000000080011e4        0x6 ./Core/Src/stm32f4xx_it.o
                0x00000000080011e4                MemManage_Handler
 .text.BusFault_Handler
                0x00000000080011ea        0x6 ./Core/Src/stm32f4xx_it.o
                0x00000000080011ea                BusFault_Handler
 .text.UsageFault_Handler
                0x00000000080011f0        0x6 ./Core/Src/stm32f4xx_it.o
                0x00000000080011f0                UsageFault_Handler
 .text.SVC_Handler
                0x00000000080011f6        0xe ./Core/Src/stm32f4xx_it.o
                0x00000000080011f6                SVC_Handler
 .text.DebugMon_Handler
                0x0000000008001204        0xe ./Core/Src/stm32f4xx_it.o
                0x0000000008001204                DebugMon_Handler
 .text.PendSV_Handler
                0x0000000008001212        0xe ./Core/Src/stm32f4xx_it.o
                0x0000000008001212                PendSV_Handler
 .text.SysTick_Handler
                0x0000000008001220        0xc ./Core/Src/stm32f4xx_it.o
                0x0000000008001220                SysTick_Handler
 .text.TIM1_UP_TIM10_IRQHandler
                0x000000000800122c       0x14 ./Core/Src/stm32f4xx_it.o
                0x000000000800122c                TIM1_UP_TIM10_IRQHandler
 .text.TIM1_TRG_COM_TIM11_IRQHandler
                0x0000000008001240       0x14 ./Core/Src/stm32f4xx_it.o
                0x0000000008001240                TIM1_TRG_COM_TIM11_IRQHandler
 .text.SystemInit
                0x0000000008001254       0x24 ./Core/Src/system_stm32f4xx.o
                0x0000000008001254                SystemInit
 .text.Reset_Handler
                0x0000000008001278       0x50 ./Core/Startup/startup_stm32f401retx.o
                0x0000000008001278                Reset_Handler
 .text.Default_Handler
                0x00000000080012c8        0x2 ./Core/Startup/startup_stm32f401retx.o
                0x00000000080012c8                RTC_Alarm_IRQHandler
                0x00000000080012c8                EXTI2_IRQHandler
                0x00000000080012c8                SPI4_IRQHandler
                0x00000000080012c8                TIM1_CC_IRQHandler
                0x00000000080012c8                DMA2_Stream5_IRQHandler
                0x00000000080012c8                DMA1_Stream5_IRQHandler
                0x00000000080012c8                PVD_IRQHandler
                0x00000000080012c8                SDIO_IRQHandler
                0x00000000080012c8                TAMP_STAMP_IRQHandler
                0x00000000080012c8                EXTI3_IRQHandler
                0x00000000080012c8                I2C3_ER_IRQHandler
                0x00000000080012c8                EXTI0_IRQHandler
                0x00000000080012c8                I2C2_EV_IRQHandler
                0x00000000080012c8                DMA1_Stream2_IRQHandler
                0x00000000080012c8                FPU_IRQHandler
                0x00000000080012c8                DMA2_Stream2_IRQHandler
                0x00000000080012c8                SPI1_IRQHandler
                0x00000000080012c8                TIM1_BRK_TIM9_IRQHandler
                0x00000000080012c8                DMA2_Stream3_IRQHandler
                0x00000000080012c8                USART6_IRQHandler
                0x00000000080012c8                DMA2_Stream0_IRQHandler
                0x00000000080012c8                TIM4_IRQHandler
                0x00000000080012c8                I2C1_EV_IRQHandler
                0x00000000080012c8                DMA1_Stream6_IRQHandler
                0x00000000080012c8                DMA1_Stream1_IRQHandler
                0x00000000080012c8                TIM3_IRQHandler
                0x00000000080012c8                RCC_IRQHandler
                0x00000000080012c8                Default_Handler
                0x00000000080012c8                EXTI15_10_IRQHandler
                0x00000000080012c8                ADC_IRQHandler
                0x00000000080012c8                DMA1_Stream7_IRQHandler
                0x00000000080012c8                TIM5_IRQHandler
                0x00000000080012c8                DMA2_Stream7_IRQHandler
                0x00000000080012c8                I2C3_EV_IRQHandler
                0x00000000080012c8                EXTI9_5_IRQHandler
                0x00000000080012c8                RTC_WKUP_IRQHandler
                0x00000000080012c8                SPI2_IRQHandler
                0x00000000080012c8                DMA1_Stream0_IRQHandler
                0x00000000080012c8                EXTI4_IRQHandler
                0x00000000080012c8                WWDG_IRQHandler
                0x00000000080012c8                TIM2_IRQHandler
                0x00000000080012c8                OTG_FS_WKUP_IRQHandler
                0x00000000080012c8                EXTI1_IRQHandler
                0x00000000080012c8                USART2_IRQHandler
                0x00000000080012c8                I2C2_ER_IRQHandler
                0x00000000080012c8                DMA2_Stream1_IRQHandler
                0x00000000080012c8                FLASH_IRQHandler
                0x00000000080012c8                DMA2_Stream4_IRQHandler
                0x00000000080012c8                USART1_IRQHandler
                0x00000000080012c8                OTG_FS_IRQHandler
                0x00000000080012c8                SPI3_IRQHandler
                0x00000000080012c8                DMA1_Stream4_IRQHandler
                0x00000000080012c8                I2C1_ER_IRQHandler
                0x00000000080012c8                DMA2_Stream6_IRQHandler
                0x00000000080012c8                DMA1_Stream3_IRQHandler
 *fill*         0x00000000080012ca        0x2 
 .text.HAL_Init
                0x00000000080012cc       0x44 ./Drivers/STM32F4xx_HAL_Driver/Src/stm32f4xx_hal.o
                0x00000000080012cc                HAL_Init
 .text.HAL_IncTick
                0x0000000008001310       0x28 ./Drivers/STM32F4xx_HAL_Driver/Src/stm32f4xx_hal.o
                0x0000000008001310                HAL_IncTick
 .text.HAL_GetTick
                0x0000000008001338       0x18 ./Drivers/STM32F4xx_HAL_Driver/Src/stm32f4xx_hal.o
                0x0000000008001338                HAL_GetTick
 .text.HAL_Delay
                0x0000000008001350       0x48 ./Drivers/STM32F4xx_HAL_Driver/Src/stm32f4xx_hal.o
                0x0000000008001350                HAL_Delay
 .text.HAL_ADC_Init
                0x0000000008001398       0x86 ./Drivers/STM32F4xx_HAL_Driver/Src/stm32f4xx_hal_adc.o
                0x0000000008001398                HAL_ADC_Init
 *fill*         0x000000000800141e        0x2 
 .text.HAL_ADC_Start_DMA
                0x0000000008001420      0x1e0 ./Drivers/STM32F4xx_HAL_Driver/Src/stm32f4xx_hal_adc.o
                0x0000000008001420                HAL_ADC_Start_DMA
 .text.HAL_ADC_Stop_DMA
                0x0000000008001600       0xb4 ./Drivers/STM32F4xx_HAL_Driver/Src/stm32f4xx_hal_adc.o
                0x0000000008001600                HAL_ADC_Stop_DMA
 .text.HAL_ADC_ConvCpltCallback
                0x00000000080016b4       0x14 ./Drivers/STM32F4xx_HAL_Driver/Src/stm32f4xx_hal_adc.o
                0x00000000080016b4                HAL_ADC_ConvCpltCallback
 .text.HAL_ADC_ConvHalfCpltCallback
                0x00000000080016c8       0x14 ./Drivers/STM32F4xx_HAL_Driver/Src/stm32f4xx_hal_adc.o
                0x00000000080016c8                HAL_ADC_ConvHalfCpltCallback
 .text.HAL_ADC_ErrorCallback
                0x00000000080016dc       0x14 ./Drivers/STM32F4xx_HAL_Driver/Src/stm32f4xx_hal_adc.o
                0x00000000080016dc                HAL_ADC_ErrorCallback
 .text.HAL_ADC_ConfigChannel
                0x00000000080016f0      0x244 ./Drivers/STM32F4xx_HAL_Driver/Src/stm32f4xx_hal_adc.o
                0x00000000080016f0                HAL_ADC_ConfigChannel
 .text.ADC_Init
                0x0000000008001934      0x1f8 ./Drivers/STM32F4xx_HAL_Driver/Src/stm32f4xx_hal_adc.o
 .text.ADC_DMAConvCplt
                0x0000000008001b2c       0xba ./Drivers/STM32F4xx_HAL_Driver/Src/stm32f4xx_hal_adc.o
 .text.ADC_DMAHalfConvCplt
                0x0000000008001be6       0x1c ./Drivers/STM32F4xx_HAL_Driver/Src/stm32f4xx_hal_adc.o
 .text.ADC_DMAError
                0x0000000008001c02       0x2e ./Drivers/STM32F4xx_HAL_Driver/Src/stm32f4xx_hal_adc.o
 .text.__NVIC_SetPriorityGrouping
                0x0000000008001c30       0x48 ./Drivers/STM32F4xx_HAL_Driver/Src/stm32f4xx_hal_cortex.o
 .text.__NVIC_GetPriorityGrouping
                0x0000000008001c78       0x1c ./Drivers/STM32F4xx_HAL_Driver/Src/stm32f4xx_hal_cortex.o
 .text.__NVIC_EnableIRQ
                0x0000000008001c94       0x3c ./Drivers/STM32F4xx_HAL_Driver/Src/stm32f4xx_hal_cortex.o
 .text.__NVIC_DisableIRQ
                0x0000000008001cd0       0x48 ./Drivers/STM32F4xx_HAL_Driver/Src/stm32f4xx_hal_cortex.o
 .text.__NVIC_SetPriority
                0x0000000008001d18       0x54 ./Drivers/STM32F4xx_HAL_Driver/Src/stm32f4xx_hal_cortex.o
 .text.NVIC_EncodePriority
                0x0000000008001d6c       0x66 ./Drivers/STM32F4xx_HAL_Driver/Src/stm32f4xx_hal_cortex.o
 .text.HAL_NVIC_SetPriorityGrouping
                0x0000000008001dd2       0x16 ./Drivers/STM32F4xx_HAL_Driver/Src/stm32f4xx_hal_cortex.o
                0x0000000008001dd2                HAL_NVIC_SetPriorityGrouping
 .text.HAL_NVIC_SetPriority
                0x0000000008001de8       0x38 ./Drivers/STM32F4xx_HAL_Driver/Src/stm32f4xx_hal_cortex.o
                0x0000000008001de8                HAL_NVIC_SetPriority
 .text.HAL_NVIC_EnableIRQ
                0x0000000008001e20       0x1c ./Drivers/STM32F4xx_HAL_Driver/Src/stm32f4xx_hal_cortex.o
                0x0000000008001e20                HAL_NVIC_EnableIRQ
 .text.HAL_NVIC_DisableIRQ
                0x0000000008001e3c       0x1c ./Drivers/STM32F4xx_HAL_Driver/Src/stm32f4xx_hal_cortex.o
                0x0000000008001e3c                HAL_NVIC_DisableIRQ
 .text.HAL_DMA_Start_IT
                0x0000000008001e58       0xb0 ./Drivers/STM32F4xx_HAL_Driver/Src/stm32f4xx_hal_dma.o
                0x0000000008001e58                HAL_DMA_Start_IT
 .text.HAL_DMA_Abort
                0x0000000008001f08       0xe0 ./Drivers/STM32F4xx_HAL_Driver/Src/stm32f4xx_hal_dma.o
                0x0000000008001f08                HAL_DMA_Abort
 .text.DMA_SetConfig
                0x0000000008001fe8       0x5c ./Drivers/STM32F4xx_HAL_Driver/Src/stm32f4xx_hal_dma.o
 .text.HAL_GPIO_Init
                0x0000000008002044      0x308 ./Drivers/STM32F4xx_HAL_Driver/Src/stm32f4xx_hal_gpio.o
                0x0000000008002044                HAL_GPIO_Init
 .text.HAL_GPIO_WritePin
                0x000000000800234c       0x32 ./Drivers/STM32F4xx_HAL_Driver/Src/stm32f4xx_hal_gpio.o
                0x000000000800234c                HAL_GPIO_WritePin
 .text.HAL_GPIO_TogglePin
                0x000000000800237e       0x34 ./Drivers/STM32F4xx_HAL_Driver/Src/stm32f4xx_hal_gpio.o
                0x000000000800237e                HAL_GPIO_TogglePin
 *fill*         0x00000000080023b2        0x2 
 .text.HAL_I2C_Init
                0x00000000080023b4      0x288 ./Drivers/STM32F4xx_HAL_Driver/Src/stm32f4xx_hal_i2c.o
                0x00000000080023b4                HAL_I2C_Init
 .text.HAL_I2C_Master_Transmit
                0x000000000800263c      0x1fc ./Drivers/STM32F4xx_HAL_Driver/Src/stm32f4xx_hal_i2c.o
                0x000000000800263c                HAL_I2C_Master_Transmit
 .text.I2C_MasterRequestWrite
                0x0000000008002838      0x104 ./Drivers/STM32F4xx_HAL_Driver/Src/stm32f4xx_hal_i2c.o
 .text.I2C_WaitOnFlagUntilTimeout
                0x000000000800293c       0xae ./Drivers/STM32F4xx_HAL_Driver/Src/stm32f4xx_hal_i2c.o
 .text.I2C_WaitOnMasterAddressFlagUntilTimeout
                0x00000000080029ea       0xfe ./Drivers/STM32F4xx_HAL_Driver/Src/stm32f4xx_hal_i2c.o
 .text.I2C_WaitOnTXEFlagUntilTimeout
                0x0000000008002ae8       0x82 ./Drivers/STM32F4xx_HAL_Driver/Src/stm32f4xx_hal_i2c.o
 .text.I2C_WaitOnBTFFlagUntilTimeout
                0x0000000008002b6a       0x82 ./Drivers/STM32F4xx_HAL_Driver/Src/stm32f4xx_hal_i2c.o
 .text.I2C_IsAcknowledgeFailed
                0x0000000008002bec       0x5e ./Drivers/STM32F4xx_HAL_Driver/Src/stm32f4xx_hal_i2c.o
 *fill*         0x0000000008002c4a        0x2 
 .text.HAL_RCC_OscConfig
                0x0000000008002c4c      0x4f0 ./Drivers/STM32F4xx_HAL_Driver/Src/stm32f4xx_hal_rcc.o
                0x0000000008002c4c                HAL_RCC_OscConfig
 .text.HAL_RCC_ClockConfig
                0x000000000800313c      0x1cc ./Drivers/STM32F4xx_HAL_Driver/Src/stm32f4xx_hal_rcc.o
                0x000000000800313c                HAL_RCC_ClockConfig
 .text.HAL_RCC_GetSysClockFreq
                0x0000000008003308      0x20c ./Drivers/STM32F4xx_HAL_Driver/Src/stm32f4xx_hal_rcc.o
                0x0000000008003308                HAL_RCC_GetSysClockFreq
 .text.HAL_RCC_GetHCLKFreq
                0x0000000008003514       0x18 ./Drivers/STM32F4xx_HAL_Driver/Src/stm32f4xx_hal_rcc.o
                0x0000000008003514                HAL_RCC_GetHCLKFreq
 .text.HAL_RCC_GetPCLK1Freq
                0x000000000800352c       0x28 ./Drivers/STM32F4xx_HAL_Driver/Src/stm32f4xx_hal_rcc.o
                0x000000000800352c                HAL_RCC_GetPCLK1Freq
 .text.HAL_RCC_GetPCLK2Freq
                0x0000000008003554       0x28 ./Drivers/STM32F4xx_HAL_Driver/Src/stm32f4xx_hal_rcc.o
                0x0000000008003554                HAL_RCC_GetPCLK2Freq
 .text.HAL_RCC_GetClockConfig
                0x000000000800357c       0x64 ./Drivers/STM32F4xx_HAL_Driver/Src/stm32f4xx_hal_rcc.o
                0x000000000800357c                HAL_RCC_GetClockConfig
 .text.HAL_TIM_Base_Init
                0x00000000080035e0       0x9e ./Drivers/STM32F4xx_HAL_Driver/Src/stm32f4xx_hal_tim.o
                0x00000000080035e0                HAL_TIM_Base_Init
 .text.HAL_TIM_Base_DeInit
                0x000000000800367e       0xa8 ./Drivers/STM32F4xx_HAL_Driver/Src/stm32f4xx_hal_tim.o
                0x000000000800367e                HAL_TIM_Base_DeInit
 *fill*         0x0000000008003726        0x2 
 .text.HAL_TIM_Base_Start_IT
                0x0000000008003728       0xc4 ./Drivers/STM32F4xx_HAL_Driver/Src/stm32f4xx_hal_tim.o
                0x0000000008003728                HAL_TIM_Base_Start_IT
 .text.HAL_TIM_Base_Stop_IT
                0x00000000080037ec       0x5e ./Drivers/STM32F4xx_HAL_Driver/Src/stm32f4xx_hal_tim.o
                0x00000000080037ec                HAL_TIM_Base_Stop_IT
 .text.HAL_TIM_IRQHandler
                0x000000000800384a      0x210 ./Drivers/STM32F4xx_HAL_Driver/Src/stm32f4xx_hal_tim.o
                0x000000000800384a                HAL_TIM_IRQHandler
 .text.HAL_TIM_OC_DelayElapsedCallback
                0x0000000008003a5a       0x14 ./Drivers/STM32F4xx_HAL_Driver/Src/stm32f4xx_hal_tim.o
                0x0000000008003a5a                HAL_TIM_OC_DelayElapsedCallback
 .text.HAL_TIM_IC_CaptureCallback
                0x0000000008003a6e       0x14 ./Drivers/STM32F4xx_HAL_Driver/Src/stm32f4xx_hal_tim.o
                0x0000000008003a6e                HAL_TIM_IC_CaptureCallback
 .text.HAL_TIM_PWM_PulseFinishedCallback
                0x0000000008003a82       0x14 ./Drivers/STM32F4xx_HAL_Driver/Src/stm32f4xx_hal_tim.o
                0x0000000008003a82                HAL_TIM_PWM_PulseFinishedCallback
 .text.HAL_TIM_TriggerCallback
                0x0000000008003a96       0x14 ./Drivers/STM32F4xx_HAL_Driver/Src/stm32f4xx_hal_tim.o
                0x0000000008003a96                HAL_TIM_TriggerCallback
 *fill*         0x0000000008003aaa        0x2 
 .text.TIM_Base_SetConfig
                0x0000000008003aac      0x100 ./Drivers/STM32F4xx_HAL_Driver/Src/stm32f4xx_hal_tim.o
                0x0000000008003aac                TIM_Base_SetConfig
 .text.HAL_TIMEx_CommutCallback
                0x0000000008003bac       0x14 ./Drivers/STM32F4xx_HAL_Driver/Src/stm32f4xx_hal_tim_ex.o
                0x0000000008003bac                HAL_TIMEx_CommutCallback
 .text.HAL_TIMEx_BreakCallback
                0x0000000008003bc0       0x14 ./Drivers/STM32F4xx_HAL_Driver/Src/stm32f4xx_hal_tim_ex.o
                0x0000000008003bc0                HAL_TIMEx_BreakCallback
 .text.HAL_UART_Init
                0x0000000008003bd4       0x9a ./Drivers/STM32F4xx_HAL_Driver/Src/stm32f4xx_hal_uart.o
                0x0000000008003bd4                HAL_UART_Init
 *fill*         0x0000000008003c6e        0x2 
 .text.UART_SetConfig
                0x0000000008003c70      0x4e8 ./Drivers/STM32F4xx_HAL_Driver/Src/stm32f4xx_hal_uart.o
 .text.HAL_WWDG_Refresh
                0x0000000008004158       0x20 ./Drivers/STM32F4xx_HAL_Driver/Src/stm32f4xx_hal_wwdg.o
                0x0000000008004158                HAL_WWDG_Refresh
 .text.MONITOR_I_Start
                0x0000000008004178       0x60 ./OS/Src/monitor.o
                0x0000000008004178                MONITOR_I_Start
 .text.MONITOR_I_Stop
                0x00000000080041d8       0x60 ./OS/Src/monitor.o
                0x00000000080041d8                MONITOR_I_Stop
 .text.MONITOR_I_Disable
                0x0000000008004238       0x14 ./OS/Src/monitor.o
                0x0000000008004238                MONITOR_I_Disable
 .text.MONITOR_IRQHandler
                0x000000000800424c       0x4c ./OS/Src/monitor.o
                0x000000000800424c                MONITOR_IRQHandler
 .text.__NVIC_SetPriority
                0x0000000008004298       0x54 ./OS/Src/scheduler.o
 .text.SysTick_Config
                0x00000000080042ec       0x44 ./OS/Src/scheduler.o
 .text.DWT_Init
                0x0000000008004330       0x24 ./OS/Src/scheduler.o
 .text.DWT_GetTime
                0x0000000008004354       0x20 ./OS/Src/scheduler.o
 .text.DWT_Clear
                0x0000000008004374       0x18 ./OS/Src/scheduler.o
 .text.SCH_Dispatch_Tasks
                0x000000000800438c      0x2a4 ./OS/Src/scheduler.o
                0x000000000800438c                SCH_Dispatch_Tasks
 .text.SCH_Init
                0x0000000008004630       0xb8 ./OS/Src/scheduler.o
                0x0000000008004630                SCH_Init
 .text.SCH_Start
                0x00000000080046e8       0x2c ./OS/Src/scheduler.o
                0x00000000080046e8                SCH_Start
 .text.SCH_Go_To_Sleep
                0x0000000008004714       0x10 ./OS/Src/scheduler.o
 .text.SCH_Add_Task
                0x0000000008004724      0x144 ./OS/Src/scheduler.o
                0x0000000008004724                SCH_Add_Task
 .text.SCH_SysTick_Handler
                0x0000000008004868       0x1c ./OS/Src/scheduler.o
                0x0000000008004868                SCH_SysTick_Handler
 .text.SCH_Get_Current_Task_Pointer
                0x0000000008004884       0x28 ./OS/Src/scheduler.o
                0x0000000008004884                SCH_Get_Current_Task_Pointer
 .text.SYSTEM_Init
                0x00000000080048ac       0x10 ./OS/Src/system.o
                0x00000000080048ac                SYSTEM_Init
 .text.SYSTEM_Identify_Required_Mode
                0x00000000080048bc       0x3c ./OS/Src/system.o
                0x00000000080048bc                SYSTEM_Identify_Required_Mode
 .text.SYSTEM_Configure_Required_Mode
                0x00000000080048f8       0x7c ./OS/Src/system.o
                0x00000000080048f8                SYSTEM_Configure_Required_Mode
 .text.SYSTEM_Perform_Safe_Shutdown
                0x0000000008004974       0x34 ./OS/Src/system.o
                0x0000000008004974                SYSTEM_Perform_Safe_Shutdown
 .text.SYSTEM_Change_Mode_Fault
                0x00000000080049a8       0x20 ./OS/Src/system.o
                0x00000000080049a8                SYSTEM_Change_Mode_Fault
 .text.SYSTEM_Get_Mode
                0x00000000080049c8       0x18 ./OS/Src/system.o
                0x00000000080049c8                SYSTEM_Get_Mode
 .text.__libc_init_array
                0x00000000080049e0       0x48 d:/stm32/stm32cubeide_1.10.0/stm32cubeide/plugins/com.st.stm32cube.ide.mcu.externaltools.gnu-tools-for-stm32.10.3-2021.10.win32_1.0.0.202111181127/tools/bin/../lib/gcc/arm-none-eabi/10.3.1/../../../../arm-none-eabi/lib/thumb/v7e-m+fp/hard\libc_nano.a(lib_a-init.o)
                0x00000000080049e0                __libc_init_array
 .text.memset   0x0000000008004a28       0x10 d:/stm32/stm32cubeide_1.10.0/stm32cubeide/plugins/com.st.stm32cube.ide.mcu.externaltools.gnu-tools-for-stm32.10.3-2021.10.win32_1.0.0.202111181127/tools/bin/../lib/gcc/arm-none-eabi/10.3.1/../../../../arm-none-eabi/lib/thumb/v7e-m+fp/hard\libc_nano.a(lib_a-memset.o)
                0x0000000008004a28                memset
 *(.glue_7)
 .glue_7        0x0000000008004a38        0x0 linker stubs
 *(.glue_7t)
 .glue_7t       0x0000000008004a38        0x0 linker stubs
 *(.eh_frame)
 .eh_frame      0x0000000008004a38        0x0 d:/stm32/stm32cubeide_1.10.0/stm32cubeide/plugins/com.st.stm32cube.ide.mcu.externaltools.gnu-tools-for-stm32.10.3-2021.10.win32_1.0.0.202111181127/tools/bin/../lib/gcc/arm-none-eabi/10.3.1/thumb/v7e-m+fp/hard/crtbegin.o
 *(.init)
 .init          0x0000000008004a38        0x4 d:/stm32/stm32cubeide_1.10.0/stm32cubeide/plugins/com.st.stm32cube.ide.mcu.externaltools.gnu-tools-for-stm32.10.3-2021.10.win32_1.0.0.202111181127/tools/bin/../lib/gcc/arm-none-eabi/10.3.1/thumb/v7e-m+fp/hard/crti.o
                0x0000000008004a38                _init
 .init          0x0000000008004a3c        0x8 d:/stm32/stm32cubeide_1.10.0/stm32cubeide/plugins/com.st.stm32cube.ide.mcu.externaltools.gnu-tools-for-stm32.10.3-2021.10.win32_1.0.0.202111181127/tools/bin/../lib/gcc/arm-none-eabi/10.3.1/thumb/v7e-m+fp/hard/crtn.o
 *(.fini)
 .fini          0x0000000008004a44        0x4 d:/stm32/stm32cubeide_1.10.0/stm32cubeide/plugins/com.st.stm32cube.ide.mcu.externaltools.gnu-tools-for-stm32.10.3-2021.10.win32_1.0.0.202111181127/tools/bin/../lib/gcc/arm-none-eabi/10.3.1/thumb/v7e-m+fp/hard/crti.o
                0x0000000008004a44                _fini
 .fini          0x0000000008004a48        0x8 d:/stm32/stm32cubeide_1.10.0/stm32cubeide/plugins/com.st.stm32cube.ide.mcu.externaltools.gnu-tools-for-stm32.10.3-2021.10.win32_1.0.0.202111181127/tools/bin/../lib/gcc/arm-none-eabi/10.3.1/thumb/v7e-m+fp/hard/crtn.o
                0x0000000008004a50                . = ALIGN (0x4)
                0x0000000008004a50                _etext = .

.vfp11_veneer   0x0000000008004a50        0x0
 .vfp11_veneer  0x0000000008004a50        0x0 linker stubs

.v4_bx          0x0000000008004a50        0x0
 .v4_bx         0x0000000008004a50        0x0 linker stubs

.iplt           0x0000000008004a50        0x0
 .iplt          0x0000000008004a50        0x0 d:/stm32/stm32cubeide_1.10.0/stm32cubeide/plugins/com.st.stm32cube.ide.mcu.externaltools.gnu-tools-for-stm32.10.3-2021.10.win32_1.0.0.202111181127/tools/bin/../lib/gcc/arm-none-eabi/10.3.1/thumb/v7e-m+fp/hard/crtbegin.o

.rodata         0x0000000008004a50       0x34
                0x0000000008004a50                . = ALIGN (0x4)
 *(.rodata)
 .rodata        0x0000000008004a50       0x1c ./App/Src/task-display.o
 *(.rodata*)
 .rodata.AHBPrescTable
                0x0000000008004a6c       0x10 ./Core/Src/system_stm32f4xx.o
                0x0000000008004a6c                AHBPrescTable
 .rodata.APBPrescTable
                0x0000000008004a7c        0x8 ./Core/Src/system_stm32f4xx.o
                0x0000000008004a7c                APBPrescTable
                0x0000000008004a84                . = ALIGN (0x4)

.ARM.extab      0x0000000008004a84        0x0
                0x0000000008004a84                . = ALIGN (0x4)
 *(.ARM.extab* .gnu.linkonce.armextab.*)
                0x0000000008004a84                . = ALIGN (0x4)

.ARM            0x0000000008004a84        0x8
                0x0000000008004a84                . = ALIGN (0x4)
                0x0000000008004a84                __exidx_start = .
 *(.ARM.exidx*)
 .ARM.exidx     0x0000000008004a84        0x8 d:/stm32/stm32cubeide_1.10.0/stm32cubeide/plugins/com.st.stm32cube.ide.mcu.externaltools.gnu-tools-for-stm32.10.3-2021.10.win32_1.0.0.202111181127/tools/bin/../lib/gcc/arm-none-eabi/10.3.1/thumb/v7e-m+fp/hard\libgcc.a(_udivmoddi4.o)
                0x0000000008004a8c                __exidx_end = .
                0x0000000008004a8c                . = ALIGN (0x4)

.rel.dyn        0x0000000008004a8c        0x0
 .rel.iplt      0x0000000008004a8c        0x0 d:/stm32/stm32cubeide_1.10.0/stm32cubeide/plugins/com.st.stm32cube.ide.mcu.externaltools.gnu-tools-for-stm32.10.3-2021.10.win32_1.0.0.202111181127/tools/bin/../lib/gcc/arm-none-eabi/10.3.1/thumb/v7e-m+fp/hard/crtbegin.o

.preinit_array  0x0000000008004a8c        0x0
                0x0000000008004a8c                . = ALIGN (0x4)
                0x0000000008004a8c                PROVIDE (__preinit_array_start = .)
 *(.preinit_array*)
                0x0000000008004a8c                PROVIDE (__preinit_array_end = .)
                0x0000000008004a8c                . = ALIGN (0x4)

.init_array     0x0000000008004a8c        0x4
                0x0000000008004a8c                . = ALIGN (0x4)
                0x0000000008004a8c                PROVIDE (__init_array_start = .)
 *(SORT_BY_NAME(.init_array.*))
 *(.init_array*)
 .init_array    0x0000000008004a8c        0x4 d:/stm32/stm32cubeide_1.10.0/stm32cubeide/plugins/com.st.stm32cube.ide.mcu.externaltools.gnu-tools-for-stm32.10.3-2021.10.win32_1.0.0.202111181127/tools/bin/../lib/gcc/arm-none-eabi/10.3.1/thumb/v7e-m+fp/hard/crtbegin.o
                0x0000000008004a90                PROVIDE (__init_array_end = .)
                0x0000000008004a90                . = ALIGN (0x4)

.fini_array     0x0000000008004a90        0x4
                0x0000000008004a90                . = ALIGN (0x4)
                [!provide]                        PROVIDE (__fini_array_start = .)
 *(SORT_BY_NAME(.fini_array.*))
 *(.fini_array*)
 .fini_array    0x0000000008004a90        0x4 d:/stm32/stm32cubeide_1.10.0/stm32cubeide/plugins/com.st.stm32cube.ide.mcu.externaltools.gnu-tools-for-stm32.10.3-2021.10.win32_1.0.0.202111181127/tools/bin/../lib/gcc/arm-none-eabi/10.3.1/thumb/v7e-m+fp/hard/crtbegin.o
                [!provide]                        PROVIDE (__fini_array_end = .)
                0x0000000008004a94                . = ALIGN (0x4)
                0x0000000008004a94                _sidata = LOADADDR (.data)

.data           0x0000000020000000       0x1c load address 0x0000000008004a94
                0x0000000020000000                . = ALIGN (0x4)
                0x0000000020000000                _sdata = .
 *(.data)
 *(.data*)
 .data.special1
                0x0000000020000000        0x8 ./App/Src/task-display.o
                0x0000000020000000                special1
 .data.special2
                0x0000000020000008        0x8 ./App/Src/task-display.o
                0x0000000020000008                special2
 .data.SystemCoreClock
                0x0000000020000010        0x4 ./Core/Src/system_stm32f4xx.o
                0x0000000020000010                SystemCoreClock
 .data.uwTickPrio
                0x0000000020000014        0x4 ./Drivers/STM32F4xx_HAL_Driver/Src/stm32f4xx_hal.o
                0x0000000020000014                uwTickPrio
 .data.uwTickFreq
                0x0000000020000018        0x1 ./Drivers/STM32F4xx_HAL_Driver/Src/stm32f4xx_hal.o
                0x0000000020000018                uwTickFreq
 *(.RamFunc)
 *(.RamFunc*)
                0x000000002000001c                . = ALIGN (0x4)
 *fill*         0x0000000020000019        0x3 
                0x000000002000001c                _edata = .

.igot.plt       0x000000002000001c        0x0 load address 0x0000000008004ab0
 .igot.plt      0x000000002000001c        0x0 d:/stm32/stm32cubeide_1.10.0/stm32cubeide/plugins/com.st.stm32cube.ide.mcu.externaltools.gnu-tools-for-stm32.10.3-2021.10.win32_1.0.0.202111181127/tools/bin/../lib/gcc/arm-none-eabi/10.3.1/thumb/v7e-m+fp/hard/crtbegin.o
                0x000000002000001c                . = ALIGN (0x4)

.bss            0x000000002000001c     0x24f4 load address 0x0000000008004ab0
                0x000000002000001c                _sbss = .
                0x000000002000001c                __bss_start__ = _sbss
 *(.bss)
 .bss           0x000000002000001c       0x1c d:/stm32/stm32cubeide_1.10.0/stm32cubeide/plugins/com.st.stm32cube.ide.mcu.externaltools.gnu-tools-for-stm32.10.3-2021.10.win32_1.0.0.202111181127/tools/bin/../lib/gcc/arm-none-eabi/10.3.1/thumb/v7e-m+fp/hard/crtbegin.o
 *(.bss*)
 .bss.flag_sumar_uno
                0x0000000020000038        0x4 ./App/Src/task-audio-processing.o
                0x0000000020000038                flag_sumar_uno
 .bss.conteo_positivos
                0x000000002000003c        0x4 ./App/Src/task-audio-processing.o
                0x000000002000003c                conteo_positivos
 .bss.dpFunction
                0x0000000020000040        0x1 ./App/Src/task-display.o
                0x0000000020000040                dpFunction
 .bss.dpControl
                0x0000000020000041        0x1 ./App/Src/task-display.o
                0x0000000020000041                dpControl
 .bss.dpMode    0x0000000020000042        0x1 ./App/Src/task-display.o
                0x0000000020000042                dpMode
 .bss.dpRows    0x0000000020000043        0x1 ./App/Src/task-display.o
                0x0000000020000043                dpRows
 .bss.dpBacklight
                0x0000000020000044        0x1 ./App/Src/task-display.o
                0x0000000020000044                dpBacklight
 *fill*         0x0000000020000045        0x3 
 .bss.hadc1     0x0000000020000048       0x48 ./Core/Src/main.o
                0x0000000020000048                hadc1
 .bss.hi2c1     0x0000000020000090       0x54 ./Core/Src/main.o
                0x0000000020000090                hi2c1
 .bss.htim11    0x00000000200000e4       0x48 ./Core/Src/main.o
                0x00000000200000e4                htim11
 .bss.huart2    0x000000002000012c       0x44 ./Core/Src/main.o
                0x000000002000012c                huart2
 .bss.hwwdg     0x0000000020000170       0x14 ./Core/Src/main.o
                0x0000000020000170                hwwdg
 .bss.adc_buf   0x0000000020000184     0x2000 ./Core/Src/main.o
                0x0000000020000184                adc_buf
 .bss.htim1     0x0000000020002184       0x48 ./Core/Src/stm32f4xx_hal_timebase_tim.o
                0x0000000020002184                htim1
 .bss.uwTick    0x00000000200021cc        0x4 ./Drivers/STM32F4xx_HAL_Driver/Src/stm32f4xx_hal.o
                0x00000000200021cc                uwTick
 .bss.Task_ID_G
                0x00000000200021d0        0x4 ./OS/Src/monitor.o
 .bss.Task_BCET_G
                0x00000000200021d4        0x4 ./OS/Src/monitor.o
 .bss.Task_t_variation_G
                0x00000000200021d8        0x4 ./OS/Src/monitor.o
 .bss.TimerInitFlag
                0x00000000200021dc        0x1 ./OS/Src/monitor.o
 *fill*         0x00000000200021dd        0x3 
 .bss.Fault_code_G
                0x00000000200021e0        0x4 ./OS/Src/scheduler.o
                0x00000000200021e0                Fault_code_G
 .bss.SCH_tasks_G
                0x00000000200021e4      0x320 ./OS/Src/scheduler.o
                0x00000000200021e4                SCH_tasks_G
 .bss.Tick_count_G
                0x0000000020002504        0x4 ./OS/Src/scheduler.o
 .bss.ITask     0x0000000020002508        0x4 ./OS/Src/scheduler.o
 .bss.System_mode_G
                0x000000002000250c        0x1 ./OS/Src/system.o
                0x000000002000250c                System_mode_G
 *(COMMON)
                0x0000000020002510                . = ALIGN (0x4)
 *fill*         0x000000002000250d        0x3 
                0x0000000020002510                _ebss = .
                0x0000000020002510                __bss_end__ = _ebss

._user_heap_stack
                0x0000000020002510      0x600 load address 0x0000000008004ab0
                0x0000000020002510                . = ALIGN (0x8)
                [!provide]                        PROVIDE (end = .)
                0x0000000020002510                PROVIDE (_end = .)
                0x0000000020002710                . = (. + _Min_Heap_Size)
 *fill*         0x0000000020002510      0x200 
                0x0000000020002b10                . = (. + _Min_Stack_Size)
 *fill*         0x0000000020002710      0x400 
                0x0000000020002b10                . = ALIGN (0x8)

/DISCARD/
 libc.a(*)
 libm.a(*)
 libgcc.a(*)

.ARM.attributes
                0x0000000000000000       0x30
 *(.ARM.attributes)
 .ARM.attributes
                0x0000000000000000       0x1e d:/stm32/stm32cubeide_1.10.0/stm32cubeide/plugins/com.st.stm32cube.ide.mcu.externaltools.gnu-tools-for-stm32.10.3-2021.10.win32_1.0.0.202111181127/tools/bin/../lib/gcc/arm-none-eabi/10.3.1/thumb/v7e-m+fp/hard/crti.o
 .ARM.attributes
                0x000000000000001e       0x34 d:/stm32/stm32cubeide_1.10.0/stm32cubeide/plugins/com.st.stm32cube.ide.mcu.externaltools.gnu-tools-for-stm32.10.3-2021.10.win32_1.0.0.202111181127/tools/bin/../lib/gcc/arm-none-eabi/10.3.1/thumb/v7e-m+fp/hard/crtbegin.o
 .ARM.attributes
                0x0000000000000052       0x34 ./App/Src/pin_functions_stm32f401.o
 .ARM.attributes
                0x0000000000000086       0x34 ./App/Src/task-audio-processing.o
 .ARM.attributes
                0x00000000000000ba       0x34 ./App/Src/task-display.o
 .ARM.attributes
                0x00000000000000ee       0x34 ./App/Src/task-heartbeat.o
 .ARM.attributes
                0x0000000000000122       0x34 ./App/Src/task-watchdog.o
 .ARM.attributes
                0x0000000000000156       0x34 ./Core/Src/main.o
 .ARM.attributes
                0x000000000000018a       0x34 ./Core/Src/stm32f4xx_hal_msp.o
 .ARM.attributes
                0x00000000000001be       0x34 ./Core/Src/stm32f4xx_hal_timebase_tim.o
 .ARM.attributes
                0x00000000000001f2       0x34 ./Core/Src/stm32f4xx_it.o
 .ARM.attributes
                0x0000000000000226       0x34 ./Core/Src/system_stm32f4xx.o
 .ARM.attributes
                0x000000000000025a       0x21 ./Core/Startup/startup_stm32f401retx.o
 .ARM.attributes
                0x000000000000027b       0x34 ./Drivers/STM32F4xx_HAL_Driver/Src/stm32f4xx_hal.o
 .ARM.attributes
                0x00000000000002af       0x34 ./Drivers/STM32F4xx_HAL_Driver/Src/stm32f4xx_hal_adc.o
 .ARM.attributes
                0x00000000000002e3       0x34 ./Drivers/STM32F4xx_HAL_Driver/Src/stm32f4xx_hal_cortex.o
 .ARM.attributes
                0x0000000000000317       0x34 ./Drivers/STM32F4xx_HAL_Driver/Src/stm32f4xx_hal_dma.o
 .ARM.attributes
                0x000000000000034b       0x34 ./Drivers/STM32F4xx_HAL_Driver/Src/stm32f4xx_hal_gpio.o
 .ARM.attributes
                0x000000000000037f       0x34 ./Drivers/STM32F4xx_HAL_Driver/Src/stm32f4xx_hal_i2c.o
 .ARM.attributes
                0x00000000000003b3       0x34 ./Drivers/STM32F4xx_HAL_Driver/Src/stm32f4xx_hal_rcc.o
 .ARM.attributes
                0x00000000000003e7       0x34 ./Drivers/STM32F4xx_HAL_Driver/Src/stm32f4xx_hal_tim.o
 .ARM.attributes
                0x000000000000041b       0x34 ./Drivers/STM32F4xx_HAL_Driver/Src/stm32f4xx_hal_tim_ex.o
 .ARM.attributes
                0x000000000000044f       0x34 ./Drivers/STM32F4xx_HAL_Driver/Src/stm32f4xx_hal_uart.o
 .ARM.attributes
                0x0000000000000483       0x34 ./Drivers/STM32F4xx_HAL_Driver/Src/stm32f4xx_hal_wwdg.o
 .ARM.attributes
                0x00000000000004b7       0x34 ./OS/Src/monitor.o
 .ARM.attributes
                0x00000000000004eb       0x34 ./OS/Src/scheduler.o
 .ARM.attributes
                0x000000000000051f       0x34 ./OS/Src/system.o
 .ARM.attributes
                0x0000000000000553       0x34 d:/stm32/stm32cubeide_1.10.0/stm32cubeide/plugins/com.st.stm32cube.ide.mcu.externaltools.gnu-tools-for-stm32.10.3-2021.10.win32_1.0.0.202111181127/tools/bin/../lib/gcc/arm-none-eabi/10.3.1/../../../../arm-none-eabi/lib/thumb/v7e-m+fp/hard\libc_nano.a(lib_a-init.o)
 .ARM.attributes
                0x0000000000000587       0x34 d:/stm32/stm32cubeide_1.10.0/stm32cubeide/plugins/com.st.stm32cube.ide.mcu.externaltools.gnu-tools-for-stm32.10.3-2021.10.win32_1.0.0.202111181127/tools/bin/../lib/gcc/arm-none-eabi/10.3.1/../../../../arm-none-eabi/lib/thumb/v7e-m+fp/hard\libc_nano.a(lib_a-memset.o)
 .ARM.attributes
                0x00000000000005bb       0x1e d:/stm32/stm32cubeide_1.10.0/stm32cubeide/plugins/com.st.stm32cube.ide.mcu.externaltools.gnu-tools-for-stm32.10.3-2021.10.win32_1.0.0.202111181127/tools/bin/../lib/gcc/arm-none-eabi/10.3.1/thumb/v7e-m+fp/hard\libgcc.a(_aeabi_uldivmod.o)
 .ARM.attributes
                0x00000000000005d9       0x34 d:/stm32/stm32cubeide_1.10.0/stm32cubeide/plugins/com.st.stm32cube.ide.mcu.externaltools.gnu-tools-for-stm32.10.3-2021.10.win32_1.0.0.202111181127/tools/bin/../lib/gcc/arm-none-eabi/10.3.1/thumb/v7e-m+fp/hard\libgcc.a(_udivmoddi4.o)
 .ARM.attributes
                0x000000000000060d       0x1e d:/stm32/stm32cubeide_1.10.0/stm32cubeide/plugins/com.st.stm32cube.ide.mcu.externaltools.gnu-tools-for-stm32.10.3-2021.10.win32_1.0.0.202111181127/tools/bin/../lib/gcc/arm-none-eabi/10.3.1/thumb/v7e-m+fp/hard\libgcc.a(_dvmd_tls.o)
 .ARM.attributes
                0x000000000000062b       0x1e d:/stm32/stm32cubeide_1.10.0/stm32cubeide/plugins/com.st.stm32cube.ide.mcu.externaltools.gnu-tools-for-stm32.10.3-2021.10.win32_1.0.0.202111181127/tools/bin/../lib/gcc/arm-none-eabi/10.3.1/thumb/v7e-m+fp/hard/crtn.o
OUTPUT(C-TDS F401RE.elf elf32-littlearm)
LOAD linker stubs
LOAD d:/stm32/stm32cubeide_1.10.0/stm32cubeide/plugins/com.st.stm32cube.ide.mcu.externaltools.gnu-tools-for-stm32.10.3-2021.10.win32_1.0.0.202111181127/tools/bin/../lib/gcc/arm-none-eabi/10.3.1/../../../../arm-none-eabi/lib/thumb/v7e-m+fp/hard\libc.a
LOAD d:/stm32/stm32cubeide_1.10.0/stm32cubeide/plugins/com.st.stm32cube.ide.mcu.externaltools.gnu-tools-for-stm32.10.3-2021.10.win32_1.0.0.202111181127/tools/bin/../lib/gcc/arm-none-eabi/10.3.1/../../../../arm-none-eabi/lib/thumb/v7e-m+fp/hard\libm.a
LOAD d:/stm32/stm32cubeide_1.10.0/stm32cubeide/plugins/com.st.stm32cube.ide.mcu.externaltools.gnu-tools-for-stm32.10.3-2021.10.win32_1.0.0.202111181127/tools/bin/../lib/gcc/arm-none-eabi/10.3.1/thumb/v7e-m+fp/hard\libgcc.a

.debug_info     0x0000000000000000    0x154df
 .debug_info    0x0000000000000000      0x365 ./App/Src/pin_functions_stm32f401.o
 .debug_info    0x0000000000000365      0x785 ./App/Src/task-audio-processing.o
 .debug_info    0x0000000000000aea      0xd89 ./App/Src/task-display.o
 .debug_info    0x0000000000001873      0x198 ./App/Src/task-heartbeat.o
 .debug_info    0x0000000000001a0b      0x1d4 ./App/Src/task-watchdog.o
 .debug_info    0x0000000000001bdf     0x1786 ./Core/Src/main.o
 .debug_info    0x0000000000003365     0x1688 ./Core/Src/stm32f4xx_hal_msp.o
 .debug_info    0x00000000000049ed      0xbca ./Core/Src/stm32f4xx_hal_timebase_tim.o
 .debug_info    0x00000000000055b7      0x74c ./Core/Src/stm32f4xx_it.o
 .debug_info    0x0000000000005d03      0x54f ./Core/Src/system_stm32f4xx.o
 .debug_info    0x0000000000006252       0x22 ./Core/Startup/startup_stm32f401retx.o
 .debug_info    0x0000000000006274      0x906 ./Drivers/STM32F4xx_HAL_Driver/Src/stm32f4xx_hal.o
 .debug_info    0x0000000000006b7a      0xd68 ./Drivers/STM32F4xx_HAL_Driver/Src/stm32f4xx_hal_adc.o
 .debug_info    0x00000000000078e2      0xd85 ./Drivers/STM32F4xx_HAL_Driver/Src/stm32f4xx_hal_cortex.o
 .debug_info    0x0000000000008667      0x947 ./Drivers/STM32F4xx_HAL_Driver/Src/stm32f4xx_hal_dma.o
 .debug_info    0x0000000000008fae      0x78e ./Drivers/STM32F4xx_HAL_Driver/Src/stm32f4xx_hal_gpio.o
 .debug_info    0x000000000000973c     0x260f ./Drivers/STM32F4xx_HAL_Driver/Src/stm32f4xx_hal_i2c.o
 .debug_info    0x000000000000bd4b      0x98c ./Drivers/STM32F4xx_HAL_Driver/Src/stm32f4xx_hal_rcc.o
 .debug_info    0x000000000000c6d7     0x2bb6 ./Drivers/STM32F4xx_HAL_Driver/Src/stm32f4xx_hal_tim.o
 .debug_info    0x000000000000f28d     0x15d8 ./Drivers/STM32F4xx_HAL_Driver/Src/stm32f4xx_hal_tim_ex.o
 .debug_info    0x0000000000010865     0x31b4 ./Drivers/STM32F4xx_HAL_Driver/Src/stm32f4xx_hal_uart.o
 .debug_info    0x0000000000013a19      0x270 ./Drivers/STM32F4xx_HAL_Driver/Src/stm32f4xx_hal_wwdg.o
 .debug_info    0x0000000000013c89      0x926 ./OS/Src/monitor.o
 .debug_info    0x00000000000145af      0xb26 ./OS/Src/scheduler.o
 .debug_info    0x00000000000150d5      0x40a ./OS/Src/system.o

.debug_abbrev   0x0000000000000000     0x331f
 .debug_abbrev  0x0000000000000000      0x1a5 ./App/Src/pin_functions_stm32f401.o
 .debug_abbrev  0x00000000000001a5      0x1c2 ./App/Src/task-audio-processing.o
 .debug_abbrev  0x0000000000000367      0x2fe ./App/Src/task-display.o
 .debug_abbrev  0x0000000000000665       0xee ./App/Src/task-heartbeat.o
 .debug_abbrev  0x0000000000000753      0x11c ./App/Src/task-watchdog.o
 .debug_abbrev  0x000000000000086f      0x2da ./Core/Src/main.o
 .debug_abbrev  0x0000000000000b49      0x226 ./Core/Src/stm32f4xx_hal_msp.o
 .debug_abbrev  0x0000000000000d6f      0x1f7 ./Core/Src/stm32f4xx_hal_timebase_tim.o
 .debug_abbrev  0x0000000000000f66      0x195 ./Core/Src/stm32f4xx_it.o
 .debug_abbrev  0x00000000000010fb      0x116 ./Core/Src/system_stm32f4xx.o
 .debug_abbrev  0x0000000000001211       0x12 ./Core/Startup/startup_stm32f401retx.o
 .debug_abbrev  0x0000000000001223      0x23e ./Drivers/STM32F4xx_HAL_Driver/Src/stm32f4xx_hal.o
 .debug_abbrev  0x0000000000001461      0x204 ./Drivers/STM32F4xx_HAL_Driver/Src/stm32f4xx_hal_adc.o
 .debug_abbrev  0x0000000000001665      0x316 ./Drivers/STM32F4xx_HAL_Driver/Src/stm32f4xx_hal_cortex.o
 .debug_abbrev  0x000000000000197b      0x21b ./Drivers/STM32F4xx_HAL_Driver/Src/stm32f4xx_hal_dma.o
 .debug_abbrev  0x0000000000001b96      0x1c4 ./Drivers/STM32F4xx_HAL_Driver/Src/stm32f4xx_hal_gpio.o
 .debug_abbrev  0x0000000000001d5a      0x2a8 ./Drivers/STM32F4xx_HAL_Driver/Src/stm32f4xx_hal_i2c.o
 .debug_abbrev  0x0000000000002002      0x2aa ./Drivers/STM32F4xx_HAL_Driver/Src/stm32f4xx_hal_rcc.o
 .debug_abbrev  0x00000000000022ac      0x26e ./Drivers/STM32F4xx_HAL_Driver/Src/stm32f4xx_hal_tim.o
 .debug_abbrev  0x000000000000251a      0x276 ./Drivers/STM32F4xx_HAL_Driver/Src/stm32f4xx_hal_tim_ex.o
 .debug_abbrev  0x0000000000002790      0x305 ./Drivers/STM32F4xx_HAL_Driver/Src/stm32f4xx_hal_uart.o
 .debug_abbrev  0x0000000000002a95      0x170 ./Drivers/STM32F4xx_HAL_Driver/Src/stm32f4xx_hal_wwdg.o
 .debug_abbrev  0x0000000000002c05      0x218 ./OS/Src/monitor.o
 .debug_abbrev  0x0000000000002e1d      0x30e ./OS/Src/scheduler.o
 .debug_abbrev  0x000000000000312b      0x1f4 ./OS/Src/system.o

.debug_aranges  0x0000000000000000     0x1300
 .debug_aranges
                0x0000000000000000       0x38 ./App/Src/pin_functions_stm32f401.o
 .debug_aranges
                0x0000000000000038       0x28 ./App/Src/task-audio-processing.o
 .debug_aranges
                0x0000000000000060      0x120 ./App/Src/task-display.o
 .debug_aranges
                0x0000000000000180       0x28 ./App/Src/task-heartbeat.o
 .debug_aranges
                0x00000000000001a8       0x28 ./App/Src/task-watchdog.o
 .debug_aranges
                0x00000000000001d0       0x68 ./Core/Src/main.o
 .debug_aranges
                0x0000000000000238       0x68 ./Core/Src/stm32f4xx_hal_msp.o
 .debug_aranges
                0x00000000000002a0       0x30 ./Core/Src/stm32f4xx_hal_timebase_tim.o
 .debug_aranges
                0x00000000000002d0       0x70 ./Core/Src/stm32f4xx_it.o
 .debug_aranges
                0x0000000000000340       0x28 ./Core/Src/system_stm32f4xx.o
 .debug_aranges
                0x0000000000000368       0x28 ./Core/Startup/startup_stm32f401retx.o
 .debug_aranges
                0x0000000000000390       0xf0 ./Drivers/STM32F4xx_HAL_Driver/Src/stm32f4xx_hal.o
 .debug_aranges
                0x0000000000000480       0xe8 ./Drivers/STM32F4xx_HAL_Driver/Src/stm32f4xx_hal_adc.o
 .debug_aranges
                0x0000000000000568      0x118 ./Drivers/STM32F4xx_HAL_Driver/Src/stm32f4xx_hal_cortex.o
 .debug_aranges
                0x0000000000000680       0x90 ./Drivers/STM32F4xx_HAL_Driver/Src/stm32f4xx_hal_dma.o
 .debug_aranges
                0x0000000000000710       0x58 ./Drivers/STM32F4xx_HAL_Driver/Src/stm32f4xx_hal_gpio.o
 .debug_aranges
                0x0000000000000768      0x2a0 ./Drivers/STM32F4xx_HAL_Driver/Src/stm32f4xx_hal_i2c.o
 .debug_aranges
                0x0000000000000a08       0x88 ./Drivers/STM32F4xx_HAL_Driver/Src/stm32f4xx_hal_rcc.o
 .debug_aranges
                0x0000000000000a90      0x3d0 ./Drivers/STM32F4xx_HAL_Driver/Src/stm32f4xx_hal_tim.o
 .debug_aranges
                0x0000000000000e60      0x168 ./Drivers/STM32F4xx_HAL_Driver/Src/stm32f4xx_hal_tim_ex.o
 .debug_aranges
                0x0000000000000fc8      0x200 ./Drivers/STM32F4xx_HAL_Driver/Src/stm32f4xx_hal_uart.o
 .debug_aranges
                0x00000000000011c8       0x40 ./Drivers/STM32F4xx_HAL_Driver/Src/stm32f4xx_hal_wwdg.o
 .debug_aranges
                0x0000000000001208       0x38 ./OS/Src/monitor.o
 .debug_aranges
                0x0000000000001240       0x78 ./OS/Src/scheduler.o
 .debug_aranges
                0x00000000000012b8       0x48 ./OS/Src/system.o

.debug_ranges   0x0000000000000000     0x11c0
 .debug_ranges  0x0000000000000000       0x28 ./App/Src/pin_functions_stm32f401.o
 .debug_ranges  0x0000000000000028       0x18 ./App/Src/task-audio-processing.o
 .debug_ranges  0x0000000000000040      0x110 ./App/Src/task-display.o
 .debug_ranges  0x0000000000000150       0x18 ./App/Src/task-heartbeat.o
 .debug_ranges  0x0000000000000168       0x18 ./App/Src/task-watchdog.o
 .debug_ranges  0x0000000000000180       0x58 ./Core/Src/main.o
 .debug_ranges  0x00000000000001d8       0x58 ./Core/Src/stm32f4xx_hal_msp.o
 .debug_ranges  0x0000000000000230       0x20 ./Core/Src/stm32f4xx_hal_timebase_tim.o
 .debug_ranges  0x0000000000000250       0x60 ./Core/Src/stm32f4xx_it.o
 .debug_ranges  0x00000000000002b0       0x18 ./Core/Src/system_stm32f4xx.o
 .debug_ranges  0x00000000000002c8       0x20 ./Core/Startup/startup_stm32f401retx.o
 .debug_ranges  0x00000000000002e8       0xe0 ./Drivers/STM32F4xx_HAL_Driver/Src/stm32f4xx_hal.o
 .debug_ranges  0x00000000000003c8       0xd8 ./Drivers/STM32F4xx_HAL_Driver/Src/stm32f4xx_hal_adc.o
 .debug_ranges  0x00000000000004a0      0x108 ./Drivers/STM32F4xx_HAL_Driver/Src/stm32f4xx_hal_cortex.o
 .debug_ranges  0x00000000000005a8       0x80 ./Drivers/STM32F4xx_HAL_Driver/Src/stm32f4xx_hal_dma.o
 .debug_ranges  0x0000000000000628       0x48 ./Drivers/STM32F4xx_HAL_Driver/Src/stm32f4xx_hal_gpio.o
 .debug_ranges  0x0000000000000670      0x2a8 ./Drivers/STM32F4xx_HAL_Driver/Src/stm32f4xx_hal_i2c.o
 .debug_ranges  0x0000000000000918       0x78 ./Drivers/STM32F4xx_HAL_Driver/Src/stm32f4xx_hal_rcc.o
 .debug_ranges  0x0000000000000990      0x3c0 ./Drivers/STM32F4xx_HAL_Driver/Src/stm32f4xx_hal_tim.o
 .debug_ranges  0x0000000000000d50      0x158 ./Drivers/STM32F4xx_HAL_Driver/Src/stm32f4xx_hal_tim_ex.o
 .debug_ranges  0x0000000000000ea8      0x220 ./Drivers/STM32F4xx_HAL_Driver/Src/stm32f4xx_hal_uart.o
 .debug_ranges  0x00000000000010c8       0x30 ./Drivers/STM32F4xx_HAL_Driver/Src/stm32f4xx_hal_wwdg.o
 .debug_ranges  0x00000000000010f8       0x28 ./OS/Src/monitor.o
 .debug_ranges  0x0000000000001120       0x68 ./OS/Src/scheduler.o
 .debug_ranges  0x0000000000001188       0x38 ./OS/Src/system.o

.debug_macro    0x0000000000000000    0x195a9
 .debug_macro   0x0000000000000000      0x262 ./App/Src/pin_functions_stm32f401.o
 .debug_macro   0x0000000000000262      0xa78 ./App/Src/pin_functions_stm32f401.o
 .debug_macro   0x0000000000000cda      0x2ad ./App/Src/pin_functions_stm32f401.o
 .debug_macro   0x0000000000000f87       0x2e ./App/Src/pin_functions_stm32f401.o
 .debug_macro   0x0000000000000fb5       0x28 ./App/Src/pin_functions_stm32f401.o
 .debug_macro   0x0000000000000fdd       0x22 ./App/Src/pin_functions_stm32f401.o
 .debug_macro   0x0000000000000fff       0x8e ./App/Src/pin_functions_stm32f401.o
 .debug_macro   0x000000000000108d       0x51 ./App/Src/pin_functions_stm32f401.o
 .debug_macro   0x00000000000010de      0x103 ./App/Src/pin_functions_stm32f401.o
 .debug_macro   0x00000000000011e1       0x6a ./App/Src/pin_functions_stm32f401.o
 .debug_macro   0x000000000000124b      0x1df ./App/Src/pin_functions_stm32f401.o
 .debug_macro   0x000000000000142a       0x1c ./App/Src/pin_functions_stm32f401.o
 .debug_macro   0x0000000000001446       0x22 ./App/Src/pin_functions_stm32f401.o
 .debug_macro   0x0000000000001468       0xd9 ./App/Src/pin_functions_stm32f401.o
 .debug_macro   0x0000000000001541     0x102d ./App/Src/pin_functions_stm32f401.o
 .debug_macro   0x000000000000256e      0x11f ./App/Src/pin_functions_stm32f401.o
 .debug_macro   0x000000000000268d     0xb86c ./App/Src/pin_functions_stm32f401.o
 .debug_macro   0x000000000000def9       0x6d ./App/Src/pin_functions_stm32f401.o
 .debug_macro   0x000000000000df66     0x367e ./App/Src/pin_functions_stm32f401.o
 .debug_macro   0x00000000000115e4      0x174 ./App/Src/pin_functions_stm32f401.o
 .debug_macro   0x0000000000011758       0x5c ./App/Src/pin_functions_stm32f401.o
 .debug_macro   0x00000000000117b4      0x416 ./App/Src/pin_functions_stm32f401.o
 .debug_macro   0x0000000000011bca      0x9fe ./App/Src/pin_functions_stm32f401.o
 .debug_macro   0x00000000000125c8      0x115 ./App/Src/pin_functions_stm32f401.o
 .debug_macro   0x00000000000126dd       0xf8 ./App/Src/pin_functions_stm32f401.o
 .debug_macro   0x00000000000127d5       0xa5 ./App/Src/pin_functions_stm32f401.o
 .debug_macro   0x000000000001287a      0x15f ./App/Src/pin_functions_stm32f401.o
 .debug_macro   0x00000000000129d9      0x287 ./App/Src/pin_functions_stm32f401.o
 .debug_macro   0x0000000000012c60       0x5f ./App/Src/pin_functions_stm32f401.o
 .debug_macro   0x0000000000012cbf      0x236 ./App/Src/pin_functions_stm32f401.o
 .debug_macro   0x0000000000012ef5      0x9e1 ./App/Src/pin_functions_stm32f401.o
 .debug_macro   0x00000000000138d6      0x38b ./App/Src/pin_functions_stm32f401.o
 .debug_macro   0x0000000000013c61      0x176 ./App/Src/pin_functions_stm32f401.o
 .debug_macro   0x0000000000013dd7       0xf9 ./App/Src/pin_functions_stm32f401.o
 .debug_macro   0x0000000000013ed0      0x132 ./App/Src/pin_functions_stm32f401.o
 .debug_macro   0x0000000000014002      0x264 ./App/Src/pin_functions_stm32f401.o
 .debug_macro   0x0000000000014266       0x2e ./App/Src/pin_functions_stm32f401.o
 .debug_macro   0x0000000000014294      0x1b5 ./App/Src/pin_functions_stm32f401.o
 .debug_macro   0x0000000000014449       0x22 ./App/Src/pin_functions_stm32f401.o
 .debug_macro   0x000000000001446b       0xd6 ./App/Src/pin_functions_stm32f401.o
 .debug_macro   0x0000000000014541      0x11a ./App/Src/pin_functions_stm32f401.o
 .debug_macro   0x000000000001465b       0x85 ./App/Src/pin_functions_stm32f401.o
 .debug_macro   0x00000000000146e0       0x89 ./App/Src/pin_functions_stm32f401.o
 .debug_macro   0x0000000000014769      0x8e6 ./App/Src/pin_functions_stm32f401.o
 .debug_macro   0x000000000001504f       0x47 ./App/Src/pin_functions_stm32f401.o
 .debug_macro   0x0000000000015096      0x295 ./App/Src/pin_functions_stm32f401.o
 .debug_macro   0x000000000001532b       0x8d ./App/Src/pin_functions_stm32f401.o
 .debug_macro   0x00000000000153b8      0x126 ./App/Src/pin_functions_stm32f401.o
 .debug_macro   0x00000000000154de       0x28 ./App/Src/pin_functions_stm32f401.o
 .debug_macro   0x0000000000015506       0x22 ./App/Src/pin_functions_stm32f401.o
 .debug_macro   0x0000000000015528       0x70 ./App/Src/pin_functions_stm32f401.o
 .debug_macro   0x0000000000015598      0x281 ./App/Src/task-audio-processing.o
 .debug_macro   0x0000000000015819       0x28 ./App/Src/task-audio-processing.o
 .debug_macro   0x0000000000015841      0x333 ./App/Src/task-display.o
 .debug_macro   0x0000000000015b74       0x1e ./App/Src/task-display.o
 .debug_macro   0x0000000000015b92       0x52 ./App/Src/task-display.o
 .debug_macro   0x0000000000015be4       0x3c ./App/Src/task-display.o
 .debug_macro   0x0000000000015c20       0x34 ./App/Src/task-display.o
 .debug_macro   0x0000000000015c54       0x16 ./App/Src/task-display.o
 .debug_macro   0x0000000000015c6a       0x35 ./App/Src/task-display.o
 .debug_macro   0x0000000000015c9f       0x16 ./App/Src/task-display.o
 .debug_macro   0x0000000000015cb5       0x43 ./App/Src/task-display.o
 .debug_macro   0x0000000000015cf8       0x34 ./App/Src/task-display.o
 .debug_macro   0x0000000000015d2c       0x10 ./App/Src/task-display.o
 .debug_macro   0x0000000000015d3c       0x58 ./App/Src/task-display.o
 .debug_macro   0x0000000000015d94       0x71 ./App/Src/task-display.o
 .debug_macro   0x0000000000015e05       0x1c ./App/Src/task-display.o
 .debug_macro   0x0000000000015e21      0x12a ./App/Src/task-display.o
 .debug_macro   0x0000000000015f4b      0x341 ./App/Src/task-display.o
 .debug_macro   0x000000000001628c       0x16 ./App/Src/task-display.o
 .debug_macro   0x00000000000162a2       0x29 ./App/Src/task-display.o
 .debug_macro   0x00000000000162cb       0xd0 ./App/Src/task-display.o
 .debug_macro   0x000000000001639b      0x262 ./App/Src/task-heartbeat.o
 .debug_macro   0x00000000000165fd      0x262 ./App/Src/task-watchdog.o
 .debug_macro   0x000000000001685f      0x33d ./Core/Src/main.o
 .debug_macro   0x0000000000016b9c      0x258 ./Core/Src/stm32f4xx_hal_msp.o
 .debug_macro   0x0000000000016df4      0x219 ./Core/Src/stm32f4xx_hal_timebase_tim.o
 .debug_macro   0x000000000001700d      0x262 ./Core/Src/stm32f4xx_it.o
 .debug_macro   0x000000000001726f      0x219 ./Core/Src/system_stm32f4xx.o
 .debug_macro   0x0000000000017488      0x279 ./Drivers/STM32F4xx_HAL_Driver/Src/stm32f4xx_hal.o
 .debug_macro   0x0000000000017701      0x21a ./Drivers/STM32F4xx_HAL_Driver/Src/stm32f4xx_hal_adc.o
 .debug_macro   0x000000000001791b      0x219 ./Drivers/STM32F4xx_HAL_Driver/Src/stm32f4xx_hal_cortex.o
 .debug_macro   0x0000000000017b34      0x21f ./Drivers/STM32F4xx_HAL_Driver/Src/stm32f4xx_hal_dma.o
 .debug_macro   0x0000000000017d53      0x21f ./Drivers/STM32F4xx_HAL_Driver/Src/stm32f4xx_hal_gpio.o
 .debug_macro   0x0000000000017f72      0x260 ./Drivers/STM32F4xx_HAL_Driver/Src/stm32f4xx_hal_i2c.o
 .debug_macro   0x00000000000181d2      0x23d ./Drivers/STM32F4xx_HAL_Driver/Src/stm32f4xx_hal_rcc.o
 .debug_macro   0x000000000001840f      0x21a ./Drivers/STM32F4xx_HAL_Driver/Src/stm32f4xx_hal_tim.o
 .debug_macro   0x0000000000018629      0x219 ./Drivers/STM32F4xx_HAL_Driver/Src/stm32f4xx_hal_tim_ex.o
 .debug_macro   0x0000000000018842      0x21a ./Drivers/STM32F4xx_HAL_Driver/Src/stm32f4xx_hal_uart.o
 .debug_macro   0x0000000000018a5c      0x21a ./Drivers/STM32F4xx_HAL_Driver/Src/stm32f4xx_hal_wwdg.o
 .debug_macro   0x0000000000018c76      0x25c ./OS/Src/monitor.o
 .debug_macro   0x0000000000018ed2      0x336 ./OS/Src/scheduler.o
 .debug_macro   0x0000000000019208       0x1c ./OS/Src/scheduler.o
 .debug_macro   0x0000000000019224       0x10 ./OS/Src/scheduler.o
 .debug_macro   0x0000000000019234       0x20 ./OS/Src/scheduler.o
 .debug_macro   0x0000000000019254      0x355 ./OS/Src/system.o

.debug_line     0x0000000000000000    0x18844
 .debug_line    0x0000000000000000      0x86d ./App/Src/pin_functions_stm32f401.o
 .debug_line    0x000000000000086d      0x8d7 ./App/Src/task-audio-processing.o
 .debug_line    0x0000000000001144      0xd73 ./App/Src/task-display.o
 .debug_line    0x0000000000001eb7      0x819 ./App/Src/task-heartbeat.o
 .debug_line    0x00000000000026d0      0x817 ./App/Src/task-watchdog.o
 .debug_line    0x0000000000002ee7      0xb7b ./Core/Src/main.o
 .debug_line    0x0000000000003a62      0x8fa ./Core/Src/stm32f4xx_hal_msp.o
 .debug_line    0x000000000000435c      0x7c3 ./Core/Src/stm32f4xx_hal_timebase_tim.o
 .debug_line    0x0000000000004b1f      0x8b3 ./Core/Src/stm32f4xx_it.o
 .debug_line    0x00000000000053d2      0x7d9 ./Core/Src/system_stm32f4xx.o
 .debug_line    0x0000000000005bab       0x88 ./Core/Startup/startup_stm32f401retx.o
 .debug_line    0x0000000000005c33      0xa3f ./Drivers/STM32F4xx_HAL_Driver/Src/stm32f4xx_hal.o
 .debug_line    0x0000000000006672     0x11e9 ./Drivers/STM32F4xx_HAL_Driver/Src/stm32f4xx_hal_adc.o
 .debug_line    0x000000000000785b      0xcee ./Drivers/STM32F4xx_HAL_Driver/Src/stm32f4xx_hal_cortex.o
 .debug_line    0x0000000000008549      0xfa3 ./Drivers/STM32F4xx_HAL_Driver/Src/stm32f4xx_hal_dma.o
 .debug_line    0x00000000000094ec      0xb77 ./Drivers/STM32F4xx_HAL_Driver/Src/stm32f4xx_hal_gpio.o
 .debug_line    0x000000000000a063     0x39f4 ./Drivers/STM32F4xx_HAL_Driver/Src/stm32f4xx_hal_i2c.o
 .debug_line    0x000000000000da57      0xdbb ./Drivers/STM32F4xx_HAL_Driver/Src/stm32f4xx_hal_rcc.o
 .debug_line    0x000000000000e812     0x350d ./Drivers/STM32F4xx_HAL_Driver/Src/stm32f4xx_hal_tim.o
 .debug_line    0x0000000000011d1f     0x19d7 ./Drivers/STM32F4xx_HAL_Driver/Src/stm32f4xx_hal_tim_ex.o
 .debug_line    0x00000000000136f6     0x2ae4 ./Drivers/STM32F4xx_HAL_Driver/Src/stm32f4xx_hal_uart.o
 .debug_line    0x00000000000161da      0x7d9 ./Drivers/STM32F4xx_HAL_Driver/Src/stm32f4xx_hal_wwdg.o
 .debug_line    0x00000000000169b3      0x84d ./OS/Src/monitor.o
 .debug_line    0x0000000000017200      0xbfb ./OS/Src/scheduler.o
 .debug_line    0x0000000000017dfb      0xa49 ./OS/Src/system.o

.debug_str      0x0000000000000000    0x9bb58
 .debug_str     0x0000000000000000    0x935fe ./App/Src/pin_functions_stm32f401.o
                                      0x9388e (size before relaxing)
 .debug_str     0x00000000000935fe      0x4b7 ./App/Src/task-audio-processing.o
                                      0x93cc0 (size before relaxing)
 .debug_str     0x0000000000093ab5     0x376c ./App/Src/task-display.o
                                      0x97181 (size before relaxing)
 .debug_str     0x0000000000097221       0x4b ./App/Src/task-heartbeat.o
                                      0x937ba (size before relaxing)
 .debug_str     0x000000000009726c       0x9e ./App/Src/task-watchdog.o
                                      0x9380c (size before relaxing)
 .debug_str     0x000000000009730a      0x7f3 ./Core/Src/main.o
                                      0x978f0 (size before relaxing)
 .debug_str     0x0000000000097afd      0x4e0 ./Core/Src/stm32f4xx_hal_msp.o
                                      0x948f1 (size before relaxing)
 .debug_str     0x0000000000097fdd       0xe5 ./Core/Src/stm32f4xx_hal_timebase_tim.o
                                      0x93ff0 (size before relaxing)
 .debug_str     0x00000000000980c2      0x10b ./Core/Src/stm32f4xx_it.o
                                      0x93d5f (size before relaxing)
 .debug_str     0x00000000000981cd       0xcb ./Core/Src/system_stm32f4xx.o
                                      0x9366b (size before relaxing)
 .debug_str     0x0000000000098298       0x36 ./Core/Startup/startup_stm32f401retx.o
                                         0x6e (size before relaxing)
 .debug_str     0x00000000000982ce      0x5a7 ./Drivers/STM32F4xx_HAL_Driver/Src/stm32f4xx_hal.o
                                      0x9408d (size before relaxing)
 .debug_str     0x0000000000098875      0x2a8 ./Drivers/STM32F4xx_HAL_Driver/Src/stm32f4xx_hal_adc.o
                                      0x93c46 (size before relaxing)
 .debug_str     0x0000000000098b1d      0x326 ./Drivers/STM32F4xx_HAL_Driver/Src/stm32f4xx_hal_cortex.o
                                      0x93dae (size before relaxing)
 .debug_str     0x0000000000098e43      0x304 ./Drivers/STM32F4xx_HAL_Driver/Src/stm32f4xx_hal_dma.o
                                      0x93a73 (size before relaxing)
 .debug_str     0x0000000000099147       0xfd ./Drivers/STM32F4xx_HAL_Driver/Src/stm32f4xx_hal_gpio.o
                                      0x937e6 (size before relaxing)
 .debug_str     0x0000000000099244      0xa99 ./Drivers/STM32F4xx_HAL_Driver/Src/stm32f4xx_hal_i2c.o
                                      0x94629 (size before relaxing)
 .debug_str     0x0000000000099cdd      0x1dd ./Drivers/STM32F4xx_HAL_Driver/Src/stm32f4xx_hal_rcc.o
                                      0x93a9f (size before relaxing)
 .debug_str     0x0000000000099eba      0xdf3 ./Drivers/STM32F4xx_HAL_Driver/Src/stm32f4xx_hal_tim.o
                                      0x949d3 (size before relaxing)
 .debug_str     0x000000000009acad      0x503 ./Drivers/STM32F4xx_HAL_Driver/Src/stm32f4xx_hal_tim_ex.o
                                      0x941ef (size before relaxing)
 .debug_str     0x000000000009b1b0      0x5ee ./Drivers/STM32F4xx_HAL_Driver/Src/stm32f4xx_hal_uart.o
                                      0x9402c (size before relaxing)
 .debug_str     0x000000000009b79e       0x6a ./Drivers/STM32F4xx_HAL_Driver/Src/stm32f4xx_hal_wwdg.o
                                      0x935ae (size before relaxing)
 .debug_str     0x000000000009b808      0x15d ./OS/Src/monitor.o
                                      0x93e5c (size before relaxing)
 .debug_str     0x000000000009b965      0x195 ./OS/Src/scheduler.o
                                      0x96ce6 (size before relaxing)
 .debug_str     0x000000000009bafa       0x5e ./OS/Src/system.o
                                      0x96af2 (size before relaxing)

.comment        0x0000000000000000       0x50
 .comment       0x0000000000000000       0x50 ./App/Src/pin_functions_stm32f401.o
                                         0x51 (size before relaxing)
 .comment       0x0000000000000050       0x51 ./App/Src/task-audio-processing.o
 .comment       0x0000000000000050       0x51 ./App/Src/task-display.o
 .comment       0x0000000000000050       0x51 ./App/Src/task-heartbeat.o
 .comment       0x0000000000000050       0x51 ./App/Src/task-watchdog.o
 .comment       0x0000000000000050       0x51 ./Core/Src/main.o
 .comment       0x0000000000000050       0x51 ./Core/Src/stm32f4xx_hal_msp.o
 .comment       0x0000000000000050       0x51 ./Core/Src/stm32f4xx_hal_timebase_tim.o
 .comment       0x0000000000000050       0x51 ./Core/Src/stm32f4xx_it.o
 .comment       0x0000000000000050       0x51 ./Core/Src/system_stm32f4xx.o
 .comment       0x0000000000000050       0x51 ./Drivers/STM32F4xx_HAL_Driver/Src/stm32f4xx_hal.o
 .comment       0x0000000000000050       0x51 ./Drivers/STM32F4xx_HAL_Driver/Src/stm32f4xx_hal_adc.o
 .comment       0x0000000000000050       0x51 ./Drivers/STM32F4xx_HAL_Driver/Src/stm32f4xx_hal_cortex.o
 .comment       0x0000000000000050       0x51 ./Drivers/STM32F4xx_HAL_Driver/Src/stm32f4xx_hal_dma.o
 .comment       0x0000000000000050       0x51 ./Drivers/STM32F4xx_HAL_Driver/Src/stm32f4xx_hal_gpio.o
 .comment       0x0000000000000050       0x51 ./Drivers/STM32F4xx_HAL_Driver/Src/stm32f4xx_hal_i2c.o
 .comment       0x0000000000000050       0x51 ./Drivers/STM32F4xx_HAL_Driver/Src/stm32f4xx_hal_rcc.o
 .comment       0x0000000000000050       0x51 ./Drivers/STM32F4xx_HAL_Driver/Src/stm32f4xx_hal_tim.o
 .comment       0x0000000000000050       0x51 ./Drivers/STM32F4xx_HAL_Driver/Src/stm32f4xx_hal_tim_ex.o
 .comment       0x0000000000000050       0x51 ./Drivers/STM32F4xx_HAL_Driver/Src/stm32f4xx_hal_uart.o
 .comment       0x0000000000000050       0x51 ./Drivers/STM32F4xx_HAL_Driver/Src/stm32f4xx_hal_wwdg.o
 .comment       0x0000000000000050       0x51 ./OS/Src/monitor.o
 .comment       0x0000000000000050       0x51 ./OS/Src/scheduler.o
 .comment       0x0000000000000050       0x51 ./OS/Src/system.o

.debug_frame    0x0000000000000000     0x4e38
 .debug_frame   0x0000000000000000       0xa0 ./App/Src/pin_functions_stm32f401.o
 .debug_frame   0x00000000000000a0       0x58 ./App/Src/task-audio-processing.o
 .debug_frame   0x00000000000000f8      0x430 ./App/Src/task-display.o
 .debug_frame   0x0000000000000528       0x4c ./App/Src/task-heartbeat.o
 .debug_frame   0x0000000000000574       0x4c ./App/Src/task-watchdog.o
 .debug_frame   0x00000000000005c0      0x144 ./Core/Src/main.o
 .debug_frame   0x0000000000000704      0x17c ./Core/Src/stm32f4xx_hal_msp.o
 .debug_frame   0x0000000000000880       0x74 ./Core/Src/stm32f4xx_hal_timebase_tim.o
 .debug_frame   0x00000000000008f4      0x13c ./Core/Src/stm32f4xx_it.o
 .debug_frame   0x0000000000000a30       0x58 ./Core/Src/system_stm32f4xx.o
 .debug_frame   0x0000000000000a88      0x374 ./Drivers/STM32F4xx_HAL_Driver/Src/stm32f4xx_hal.o
 .debug_frame   0x0000000000000dfc      0x3fc ./Drivers/STM32F4xx_HAL_Driver/Src/stm32f4xx_hal_adc.o
 .debug_frame   0x00000000000011f8      0x498 ./Drivers/STM32F4xx_HAL_Driver/Src/stm32f4xx_hal_cortex.o
 .debug_frame   0x0000000000001690      0x250 ./Drivers/STM32F4xx_HAL_Driver/Src/stm32f4xx_hal_dma.o
 .debug_frame   0x00000000000018e0      0x14c ./Drivers/STM32F4xx_HAL_Driver/Src/stm32f4xx_hal_gpio.o
 .debug_frame   0x0000000000001a2c      0xc5c ./Drivers/STM32F4xx_HAL_Driver/Src/stm32f4xx_hal_i2c.o
 .debug_frame   0x0000000000002688      0x1f4 ./Drivers/STM32F4xx_HAL_Driver/Src/stm32f4xx_hal_rcc.o
 .debug_frame   0x000000000000287c     0x11bc ./Drivers/STM32F4xx_HAL_Driver/Src/stm32f4xx_hal_tim.o
 .debug_frame   0x0000000000003a38      0x638 ./Drivers/STM32F4xx_HAL_Driver/Src/stm32f4xx_hal_tim_ex.o
 .debug_frame   0x0000000000004070      0x92c ./Drivers/STM32F4xx_HAL_Driver/Src/stm32f4xx_hal_uart.o
 .debug_frame   0x000000000000499c       0xd0 ./Drivers/STM32F4xx_HAL_Driver/Src/stm32f4xx_hal_wwdg.o
 .debug_frame   0x0000000000004a6c       0x98 ./OS/Src/monitor.o
 .debug_frame   0x0000000000004b04      0x1b0 ./OS/Src/scheduler.o
 .debug_frame   0x0000000000004cb4       0xd8 ./OS/Src/system.o
 .debug_frame   0x0000000000004d8c       0x2c d:/stm32/stm32cubeide_1.10.0/stm32cubeide/plugins/com.st.stm32cube.ide.mcu.externaltools.gnu-tools-for-stm32.10.3-2021.10.win32_1.0.0.202111181127/tools/bin/../lib/gcc/arm-none-eabi/10.3.1/../../../../arm-none-eabi/lib/thumb/v7e-m+fp/hard\libc_nano.a(lib_a-init.o)
 .debug_frame   0x0000000000004db8       0x20 d:/stm32/stm32cubeide_1.10.0/stm32cubeide/plugins/com.st.stm32cube.ide.mcu.externaltools.gnu-tools-for-stm32.10.3-2021.10.win32_1.0.0.202111181127/tools/bin/../lib/gcc/arm-none-eabi/10.3.1/../../../../arm-none-eabi/lib/thumb/v7e-m+fp/hard\libc_nano.a(lib_a-memset.o)
 .debug_frame   0x0000000000004dd8       0x2c d:/stm32/stm32cubeide_1.10.0/stm32cubeide/plugins/com.st.stm32cube.ide.mcu.externaltools.gnu-tools-for-stm32.10.3-2021.10.win32_1.0.0.202111181127/tools/bin/../lib/gcc/arm-none-eabi/10.3.1/thumb/v7e-m+fp/hard\libgcc.a(_aeabi_uldivmod.o)
 .debug_frame   0x0000000000004e04       0x34 d:/stm32/stm32cubeide_1.10.0/stm32cubeide/plugins/com.st.stm32cube.ide.mcu.externaltools.gnu-tools-for-stm32.10.3-2021.10.win32_1.0.0.202111181127/tools/bin/../lib/gcc/arm-none-eabi/10.3.1/thumb/v7e-m+fp/hard\libgcc.a(_udivmoddi4.o)
