../App/Src/task-display.c:53:6:HD44780_Init	16	static
../App/Src/task-display.c:110:6:lcd_update	8	static
../App/Src/task-display.c:141:6:HD44780_Clear	8	static
../App/Src/task-display.c:147:6:HD44780_Home	8	static
../App/Src/task-display.c:153:6:HD44780_SetCursor	40	static
../App/Src/task-display.c:163:6:HD44780_NoDisplay	8	static
../App/Src/task-display.c:169:6:HD44780_Display	8	static
../App/Src/task-display.c:175:6:HD44780_NoCursor	8	static
../App/Src/task-display.c:181:6:HD44780_Cursor	8	static
../App/Src/task-display.c:187:6:HD44780_NoBlink	8	static
../App/Src/task-display.c:193:6:HD44780_Blink	8	static
../App/Src/task-display.c:199:6:HD44780_ScrollDisplayLeft	8	static
../App/Src/task-display.c:204:6:HD44780_ScrollDisplayRight	8	static
../App/Src/task-display.c:209:6:HD44780_LeftToRight	8	static
../App/Src/task-display.c:215:6:HD44780_RightToLeft	8	static
../App/Src/task-display.c:221:6:HD44780_AutoScroll	8	static
../App/Src/task-display.c:227:6:HD44780_NoAutoScroll	8	static
../App/Src/task-display.c:233:6:HD44780_CreateSpecialChar	24	static
../App/Src/task-display.c:243:6:HD44780_PrintSpecialChar	16	static
../App/Src/task-display.c:248:6:HD44780_LoadCustomCharacter	16	static
../App/Src/task-display.c:253:6:HD44780_PrintStr	16	static
../App/Src/task-display.c:258:6:HD44780_SetBacklight	16	static
../App/Src/task-display.c:264:6:HD44780_NoBacklight	8	static
../App/Src/task-display.c:270:6:HD44780_Backlight	8	static
../App/Src/task-display.c:276:13:SendCommand	16	static
../App/Src/task-display.c:281:13:WriteValue	40	static
../App/Src/task-display.c:287:13:SendChar	16	static
../App/Src/task-display.c:292:13:Send	24	static
../App/Src/task-display.c:300:13:Write4Bits	16	static
../App/Src/task-display.c:306:13:ExpanderWrite	32	static
../App/Src/task-display.c:312:13:PulseEnable	16	static
../App/Src/task-display.c:321:13:DelayInit	4	static,ignoring_inline_asm
../App/Src/task-display.c:337:13:DelayUS	32	static
